Archive member included to satisfy reference by file (symbol)

C:/ST/STM32CubeIDE_2.1.1/STM32CubeIDE/plugins/com.st.stm32cube.ide.mcu.externaltools.gnu-tools-for-stm32.14.3.rel1.win32_1.0.100.202602081740/tools/bin/../lib/gcc/arm-none-eabi/14.3.1/../../../../arm-none-eabi/lib/thumb/v7e-m+fp/hard\libc_nano.a(libc_a-exit.o)
                              C:/ST/STM32CubeIDE_2.1.1/STM32CubeIDE/plugins/com.st.stm32cube.ide.mcu.externaltools.gnu-tools-for-stm32.14.3.rel1.win32_1.0.100.202602081740/tools/bin/../lib/gcc/arm-none-eabi/14.3.1/../../../../arm-none-eabi/lib/thumb/v7e-m+fp/hard/crt0.o (exit)
C:/ST/STM32CubeIDE_2.1.1/STM32CubeIDE/plugins/com.st.stm32cube.ide.mcu.externaltools.gnu-tools-for-stm32.14.3.rel1.win32_1.0.100.202602081740/tools/bin/../lib/gcc/arm-none-eabi/14.3.1/../../../../arm-none-eabi/lib/thumb/v7e-m+fp/hard\libc_nano.a(libc_a-findfp.o)
                              C:/ST/STM32CubeIDE_2.1.1/STM32CubeIDE/plugins/com.st.stm32cube.ide.mcu.externaltools.gnu-tools-for-stm32.14.3.rel1.win32_1.0.100.202602081740/tools/bin/../lib/gcc/arm-none-eabi/14.3.1/../../../../arm-none-eabi/lib/thumb/v7e-m+fp/hard\libc_nano.a(libc_a-exit.o) (__stdio_exit_handler)
C:/ST/STM32CubeIDE_2.1.1/STM32CubeIDE/plugins/com.st.stm32cube.ide.mcu.externaltools.gnu-tools-for-stm32.14.3.rel1.win32_1.0.100.202602081740/tools/bin/../lib/gcc/arm-none-eabi/14.3.1/../../../../arm-none-eabi/lib/thumb/v7e-m+fp/hard\libc_nano.a(libc_a-fwalk.o)
                              C:/ST/STM32CubeIDE_2.1.1/STM32CubeIDE/plugins/com.st.stm32cube.ide.mcu.externaltools.gnu-tools-for-stm32.14.3.rel1.win32_1.0.100.202602081740/tools/bin/../lib/gcc/arm-none-eabi/14.3.1/../../../../arm-none-eabi/lib/thumb/v7e-m+fp/hard\libc_nano.a(libc_a-findfp.o) (_fwalk_sglue)
C:/ST/STM32CubeIDE_2.1.1/STM32CubeIDE/plugins/com.st.stm32cube.ide.mcu.externaltools.gnu-tools-for-stm32.14.3.rel1.win32_1.0.100.202602081740/tools/bin/../lib/gcc/arm-none-eabi/14.3.1/../../../../arm-none-eabi/lib/thumb/v7e-m+fp/hard\libc_nano.a(libc_a-stdio.o)
                              C:/ST/STM32CubeIDE_2.1.1/STM32CubeIDE/plugins/com.st.stm32cube.ide.mcu.externaltools.gnu-tools-for-stm32.14.3.rel1.win32_1.0.100.202602081740/tools/bin/../lib/gcc/arm-none-eabi/14.3.1/../../../../arm-none-eabi/lib/thumb/v7e-m+fp/hard\libc_nano.a(libc_a-findfp.o) (__sread)
C:/ST/STM32CubeIDE_2.1.1/STM32CubeIDE/plugins/com.st.stm32cube.ide.mcu.externaltools.gnu-tools-for-stm32.14.3.rel1.win32_1.0.100.202602081740/tools/bin/../lib/gcc/arm-none-eabi/14.3.1/../../../../arm-none-eabi/lib/thumb/v7e-m+fp/hard\libc_nano.a(libc_a-memset.o)
                              C:/ST/STM32CubeIDE_2.1.1/STM32CubeIDE/plugins/com.st.stm32cube.ide.mcu.externaltools.gnu-tools-for-stm32.14.3.rel1.win32_1.0.100.202602081740/tools/bin/../lib/gcc/arm-none-eabi/14.3.1/../../../../arm-none-eabi/lib/thumb/v7e-m+fp/hard/crt0.o (memset)
C:/ST/STM32CubeIDE_2.1.1/STM32CubeIDE/plugins/com.st.stm32cube.ide.mcu.externaltools.gnu-tools-for-stm32.14.3.rel1.win32_1.0.100.202602081740/tools/bin/../lib/gcc/arm-none-eabi/14.3.1/../../../../arm-none-eabi/lib/thumb/v7e-m+fp/hard\libc_nano.a(libc_a-closer.o)
                              C:/ST/STM32CubeIDE_2.1.1/STM32CubeIDE/plugins/com.st.stm32cube.ide.mcu.externaltools.gnu-tools-for-stm32.14.3.rel1.win32_1.0.100.202602081740/tools/bin/../lib/gcc/arm-none-eabi/14.3.1/../../../../arm-none-eabi/lib/thumb/v7e-m+fp/hard\libc_nano.a(libc_a-stdio.o) (_close_r)
C:/ST/STM32CubeIDE_2.1.1/STM32CubeIDE/plugins/com.st.stm32cube.ide.mcu.externaltools.gnu-tools-for-stm32.14.3.rel1.win32_1.0.100.202602081740/tools/bin/../lib/gcc/arm-none-eabi/14.3.1/../../../../arm-none-eabi/lib/thumb/v7e-m+fp/hard\libc_nano.a(libc_a-reent.o)
                              C:/ST/STM32CubeIDE_2.1.1/STM32CubeIDE/plugins/com.st.stm32cube.ide.mcu.externaltools.gnu-tools-for-stm32.14.3.rel1.win32_1.0.100.202602081740/tools/bin/../lib/gcc/arm-none-eabi/14.3.1/../../../../arm-none-eabi/lib/thumb/v7e-m+fp/hard\libc_nano.a(libc_a-closer.o) (errno)
C:/ST/STM32CubeIDE_2.1.1/STM32CubeIDE/plugins/com.st.stm32cube.ide.mcu.externaltools.gnu-tools-for-stm32.14.3.rel1.win32_1.0.100.202602081740/tools/bin/../lib/gcc/arm-none-eabi/14.3.1/../../../../arm-none-eabi/lib/thumb/v7e-m+fp/hard\libc_nano.a(libc_a-impure.o)
                              C:/ST/STM32CubeIDE_2.1.1/STM32CubeIDE/plugins/com.st.stm32cube.ide.mcu.externaltools.gnu-tools-for-stm32.14.3.rel1.win32_1.0.100.202602081740/tools/bin/../lib/gcc/arm-none-eabi/14.3.1/../../../../arm-none-eabi/lib/thumb/v7e-m+fp/hard\libc_nano.a(libc_a-reent.o) (_impure_ptr)
C:/ST/STM32CubeIDE_2.1.1/STM32CubeIDE/plugins/com.st.stm32cube.ide.mcu.externaltools.gnu-tools-for-stm32.14.3.rel1.win32_1.0.100.202602081740/tools/bin/../lib/gcc/arm-none-eabi/14.3.1/../../../../arm-none-eabi/lib/thumb/v7e-m+fp/hard\libc_nano.a(libc_a-lseekr.o)
[...]
Memory Configuration

Name             Origin             Length             Attributes
CCMRAM           0x10000000         0x00010000         xrw
RAM              0x20000000         0x00030000         xrw
FLASH            0x08000000         0x00200000         xr
*default*        0x00000000         0xffffffff

Linker script and memory map

LOAD C:/ST/STM32CubeIDE_2.1.1/STM32CubeIDE/plugins/com.st.stm32cube.ide.mcu.externaltools.gnu-tools-for-stm32.14.3.rel1.win32_1.0.100.202602081740/tools/bin/../lib/gcc/arm-none-eabi/14.3.1/thumb/v7e-m+fp/hard/crti.o
LOAD C:/ST/STM32CubeIDE_2.1.1/STM32CubeIDE/plugins/com.st.stm32cube.ide.mcu.externaltools.gnu-tools-for-stm32.14.3.rel1.win32_1.0.100.202602081740/tools/bin/../lib/gcc/arm-none-eabi/14.3.1/thumb/v7e-m+fp/hard/crtbegin.o
LOAD C:/ST/STM32CubeIDE_2.1.1/STM32CubeIDE/plugins/com.st.stm32cube.ide.mcu.externaltools.gnu-tools-for-stm32.14.3.rel1.win32_1.0.100.202602081740/tools/bin/../lib/gcc/arm-none-eabi/14.3.1/../../../../arm-none-eabi/lib/thumb/v7e-m+fp/hard/crt0.o
LOAD ./Core/Src/ILI9341_GFX.o
LOAD ./Core/Src/ILI9341_STM32_Driver.o
LOAD ./Core/Src/bleach_vs_naruto_splash.o
LOAD ./Core/Src/difficulty_select_demo.o
LOAD ./Core/Src/fonts.o
LOAD ./Core/Src/game_background_demo.o
LOAD ./Core/Src/game_ui.o
LOAD ./Core/Src/gameover.o
LOAD ./Core/Src/gameover_demo.o
LOAD ./Core/Src/lcd_port.o
LOAD ./Core/Src/main.o
LOAD ./Core/Src/mainmenu.o
LOAD ./Core/Src/sprite_data.o
LOAD ./Core/Src/sprite_render.o
LOAD ./Core/Src/stm32f4xx_hal_msp.o
LOAD ./Core/Src/stm32f4xx_it.o
LOAD ./Core/Src/syscalls.o
LOAD ./Core/Src/sysmem.o
LOAD ./Core/Src/system_stm32f4xx.o
LOAD ./Core/Startup/startup_stm32f429zitx.o
LOAD ./Drivers/STM32F4xx_HAL_Driver/Src/stm32f4xx_hal.o
LOAD ./Drivers/STM32F4xx_HAL_Driver/Src/stm32f4xx_hal_cortex.o
LOAD ./Drivers/STM32F4xx_HAL_Driver/Src/stm32f4xx_hal_dma.o
LOAD ./Drivers/STM32F4xx_HAL_Driver/Src/stm32f4xx_hal_dma_ex.o
LOAD ./Drivers/STM32F4xx_HAL_Driver/Src/stm32f4xx_hal_exti.o
LOAD ./Drivers/STM32F4xx_HAL_Driver/Src/stm32f4xx_hal_flash.o
LOAD ./Drivers/STM32F4xx_HAL_Driver/Src/stm32f4xx_hal_flash_ex.o
LOAD ./Drivers/STM32F4xx_HAL_Driver/Src/stm32f4xx_hal_flash_ramfunc.o
LOAD ./Drivers/STM32F4xx_HAL_Driver/Src/stm32f4xx_hal_gpio.o
LOAD ./Drivers/STM32F4xx_HAL_Driver/Src/stm32f4xx_hal_pwr.o
LOAD ./Drivers/STM32F4xx_HAL_Driver/Src/stm32f4xx_hal_pwr_ex.o
LOAD ./Drivers/STM32F4xx_HAL_Driver/Src/stm32f4xx_hal_rcc.o
LOAD ./Drivers/STM32F4xx_HAL_Driver/Src/stm32f4xx_hal_rcc_ex.o
START GROUP
LOAD C:/ST/STM32CubeIDE_2.1.1/STM32CubeIDE/plugins/com.st.stm32cube.ide.mcu.externaltools.gnu-tools-for-stm32.14.3.rel1.win32_1.0.100.202602081740/tools/bin/../lib/gcc/arm-none-eabi/14.3.1/../../../../arm-none-eabi/lib/thumb/v7e-m+fp/hard\libc_nano.a
LOAD C:/ST/STM32CubeIDE_2.1.1/STM32CubeIDE/plugins/com.st.stm32cube.ide.mcu.externaltools.gnu-tools-for-stm32.14.3.rel1.win32_1.0.100.202602081740/tools/bin/../lib/gcc/arm-none-eabi/14.3.1/../../../../arm-none-eabi/lib/thumb/v7e-m+fp/hard\libm.a
END GROUP
START GROUP
LOAD C:/ST/STM32CubeIDE_2.1.1/STM32CubeIDE/plugins/com.st.stm32cube.ide.mcu.externaltools.gnu-tools-for-stm32.14.3.rel1.win32_1.0.100.202602081740/tools/bin/../lib/gcc/arm-none-eabi/14.3.1/thumb/v7e-m+fp/hard\libgcc.a
LOAD C:/ST/STM32CubeIDE_2.1.1/STM32CubeIDE/plugins/com.st.stm32cube.ide.mcu.externaltools.gnu-tools-for-stm32.14.3.rel1.win32_1.0.100.202602081740/tools/bin/../lib/gcc/arm-none-eabi/14.3.1/../../../../arm-none-eabi/lib/thumb/v7e-m+fp/hard\libc_nano.a
END GROUP
START GROUP
LOAD C:/ST/STM32CubeIDE_2.1.1/STM32CubeIDE/plugins/com.st.stm32cube.ide.mcu.externaltools.gnu-tools-for-stm32.14.3.rel1.win32_1.0.100.202602081740/tools/bin/../lib/gcc/arm-none-eabi/14.3.1/thumb/v7e-m+fp/hard\libgcc.a
LOAD C:/ST/STM32CubeIDE_2.1.1/STM32CubeIDE/plugins/com.st.stm32cube.ide.mcu.externaltools.gnu-tools-for-stm32.14.3.rel1.win32_1.0.100.202602081740/tools/bin/../lib/gcc/arm-none-eabi/14.3.1/../../../../arm-none-eabi/lib/thumb/v7e-m+fp/hard\libc_nano.a
LOAD C:/ST/STM32CubeIDE_2.1.1/STM32CubeIDE/plugins/com.st.stm32cube.ide.mcu.externaltools.gnu-tools-for-stm32.14.3.rel1.win32_1.0.100.202602081740/tools/bin/../lib/gcc/arm-none-eabi/14.3.1/../../../../arm-none-eabi/lib/thumb/v7e-m+fp/hard\libnosys.a
END GROUP
START GROUP
LOAD C:/ST/STM32CubeIDE_2.1.1/STM32CubeIDE/plugins/com.st.stm32cube.ide.mcu.externaltools.gnu-tools-for-stm32.14.3.rel1.win32_1.0.100.202602081740/tools/bin/../lib/gcc/arm-none-eabi/14.3.1/thumb/v7e-m+fp/hard\libgcc.a
LOAD C:/ST/STM32CubeIDE_2.1.1/STM32CubeIDE/plugins/com.st.stm32cube.ide.mcu.externaltools.gnu-tools-for-stm32.14.3.rel1.win32_1.0.100.202602081740/tools/bin/../lib/gcc/arm-none-eabi/14.3.1/../../../../arm-none-eabi/lib/thumb/v7e-m+fp/hard\libc_nano.a
LOAD C:/ST/STM32CubeIDE_2.1.1/STM32CubeIDE/plugins/com.st.stm32cube.ide.mcu.externaltools.gnu-tools-for-stm32.14.3.rel1.win32_1.0.100.202602081740/tools/bin/../lib/gcc/arm-none-eabi/14.3.1/../../../../arm-none-eabi/lib/thumb/v7e-m+fp/hard\libnosys.a
END GROUP
LOAD C:/ST/STM32CubeIDE_2.1.1/STM32CubeIDE/plugins/com.st.stm32cube.ide.mcu.externaltools.gnu-tools-for-stm32.14.3.rel1.win32_1.0.100.202602081740/tools/bin/../lib/gcc/arm-none-eabi/14.3.1/thumb/v7e-m+fp/hard/crtend.o
LOAD C:/ST/STM32CubeIDE_2.1.1/STM32CubeIDE/plugins/com.st.stm32cube.ide.mcu.externaltools.gnu-tools-for-stm32.14.3.rel1.win32_1.0.100.202602081740/tools/bin/../lib/gcc/arm-none-eabi/14.3.1/thumb/v7e-m+fp/hard/crtn.o
                0x20030000                        _estack = (ORIGIN (RAM) + LENGTH (RAM))
                0x00000200                        _Min_Heap_Size = 0x200
                0x00000400                        _Min_Stack_Size = 0x400

.isr_vector     0x08000000      0x1ac
                0x08000000                        . = ALIGN (0x4)
 *(.isr_vector)
 .isr_vector    0x08000000      0x1ac ./Core/Startup/startup_stm32f429zitx.o
                0x08000000                g_pfnVectors
                0x080001ac                        . = ALIGN (0x4)

.text           0x080001ac     0x26bc
                0x080001ac                        . = ALIGN (0x4)
 *(.text)
 .text          0x080001ac       0x40 C:/ST/STM32CubeIDE_2.1.1/STM32CubeIDE/plugins/com.st.stm32cube.ide.mcu.externaltools.gnu-tools-for-stm32.14.3.rel1.win32_1.0.100.202602081740/tools/bin/../lib/gcc/arm-none-eabi/14.3.1/thumb/v7e-m+fp/hard/crtbegin.o
 .text          0x080001ec       0x30 C:/ST/STM32CubeIDE_2.1.1/STM32CubeIDE/plugins/com.st.stm32cube.ide.mcu.externaltools.gnu-tools-for-stm32.14.3.rel1.win32_1.0.100.202602081740/tools/bin/../lib/gcc/arm-none-eabi/14.3.1/thumb/v7e-m+fp/hard\libgcc.a(_aeabi_uldivmod.o)
                0x080001ec                __aeabi_uldivmod
 .text          0x0800021c      0x2f8 C:/ST/STM32CubeIDE_2.1.1/STM32CubeIDE/plugins/com.st.stm32cube.ide.mcu.externaltools.gnu-tools-for-stm32.14.3.rel1.win32_1.0.100.202602081740/tools/bin/../lib/gcc/arm-none-eabi/14.3.1/thumb/v7e-m+fp/hard\libgcc.a(_udivmoddi4.o)
                0x0800021c                __udivmoddi4
 .text          0x08000514        0x4 C:/ST/STM32CubeIDE_2.1.1/STM32CubeIDE/plugins/com.st.stm32cube.ide.mcu.externaltools.gnu-tools-for-stm32.14.3.rel1.win32_1.0.100.202602081740/tools/bin/../lib/gcc/arm-none-eabi/14.3.1/thumb/v7e-m+fp/hard\libgcc.a(_dvmd_tls.o)
                0x08000514                __aeabi_idiv0
                0x08000514                __aeabi_ldiv0
 *(.text*)
 .text.ILI9341_DrawHollowRectangleCoord
                0x08000518      0x102 ./Core/Src/ILI9341_GFX.o
                0x08000518                ILI9341_DrawHollowRectangleCoord
 .text.ILI9341_DrawFilledRectangleCoord
                0x0800061a       0xbc ./Core/Src/ILI9341_GFX.o
                0x0800061a                ILI9341_DrawFilledRectangleCoord
 .text.ILI9341_DrawChar
                0x080006d6       0xf0 ./Core/Src/ILI9341_GFX.o
                0x080006d6                ILI9341_DrawChar
 .text.ILI9341_DrawText
                0x080007c6       0x94 ./Core/Src/ILI9341_GFX.o
                0x080007c6                ILI9341_DrawText
 *fill*         0x0800085a        0x2 
 .text.ILI9341_SPI_Tx
                0x0800085c       0x34 ./Core/Src/ILI9341_STM32_Driver.o
 .text.ILI9341_SPI_TxBuffer
                0x08000890       0x50 ./Core/Src/ILI9341_STM32_Driver.o
 .text.ILI9341_WriteCommand
                0x080008e0       0x44 ./Core/Src/ILI9341_STM32_Driver.o
                0x080008e0                ILI9341_WriteCommand
 .text.ILI9341_WriteData
                0x08000924       0x44 ./Core/Src/ILI9341_STM32_Driver.o
                0x08000924                ILI9341_WriteData
 .text.ILI9341_WriteBuffer
                0x08000968       0x48 ./Core/Src/ILI9341_STM32_Driver.o
                0x08000968                ILI9341_WriteBuffer
 .text.ILI9341_SetAddress
                0x080009b0       0x90 ./Core/Src/ILI9341_STM32_Driver.o
                0x080009b0                ILI9341_SetAddress
 .text.ILI9341_Reset
                0x08000a40       0x48 ./Core/Src/ILI9341_STM32_Driver.o
                0x08000a40                ILI9341_Reset
 .text.ILI9341_Enable
                0x08000a88       0x18 ./Core/Src/ILI9341_STM32_Driver.o
                0x08000a88                ILI9341_Enable
 .text.ILI9341_Init
                0x08000aa0      0x218 ./Core/Src/ILI9341_STM32_Driver.o
                0x08000aa0                ILI9341_Init
 .text.ILI9341_SetRotation
                0x08000cb8       0xa0 ./Core/Src/ILI9341_STM32_Driver.o
                0x08000cb8                ILI9341_SetRotation
 .text.ILI9341_DrawColorBurst
                0x08000d58       0xf8 ./Core/Src/ILI9341_STM32_Driver.o
                0x08000d58                ILI9341_DrawColorBurst
 .text.ILI9341_FillScreen
                0x08000e50       0x54 ./Core/Src/ILI9341_STM32_Driver.o
                0x08000e50                ILI9341_FillScreen
 .text.ILI9341_DrawPixel
                0x08000ea4       0xcc ./Core/Src/ILI9341_STM32_Driver.o
                0x08000ea4                ILI9341_DrawPixel
 .text.ILI9341_DrawRGB565Bytes
                0x08000f70      0x16c ./Core/Src/ILI9341_STM32_Driver.o
                0x08000f70                ILI9341_DrawRGB565Bytes
 .text.ILI9341_DrawRectangle
                0x080010dc       0xb8 ./Core/Src/ILI9341_STM32_Driver.o
                0x080010dc                ILI9341_DrawRectangle
 .text.ILI9341_DrawHLine
                0x08001194       0x88 ./Core/Src/ILI9341_STM32_Driver.o
                0x08001194                ILI9341_DrawHLine
 .text.ILI9341_DrawVLine
                0x0800121c       0x88 ./Core/Src/ILI9341_STM32_Driver.o
                0x0800121c                ILI9341_DrawVLine
 .text.ILI9341_BusInit
                0x080012a4      0x134 ./Core/Src/ILI9341_STM32_Driver.o
 .text.ILI9341_SPI_WaitReady
                0x080013d8       0x54 ./Core/Src/ILI9341_STM32_Driver.o
 .text.DifficultySelectDemo_Init
                0x0800142c       0x34 ./Core/Src/difficulty_select_demo.o
                0x0800142c                DifficultySelectDemo_Init
 .text.DifficultySelectDemo_Update
                0x08001460       0x60 ./Core/Src/difficulty_select_demo.o
                0x08001460                DifficultySelectDemo_Update
 .text.GameUI_DrawMainMenuBackground
                0x080014c0       0x24 ./Core/Src/game_ui.o
                0x080014c0                GameUI_DrawMainMenuBackground
 .text.GameUI_DrawDifficultySelect
                0x080014e4      0x108 ./Core/Src/game_ui.o
                0x080014e4                GameUI_DrawDifficultySelect
 .text.GameUI_DrawDifficultyOption
                0x080015ec       0xc8 ./Core/Src/game_ui.o
 .text.LCD_Port_Init
                0x080016b4       0x18 ./Core/Src/lcd_port.o
                0x080016b4                LCD_Port_Init
 .text.LCD_Port_DrawRGB565Bytes
                0x080016cc       0x4c ./Core/Src/lcd_port.o
                0x080016cc                LCD_Port_DrawRGB565Bytes
 .text.LCD_Port_Flush
                0x08001718        0xe ./Core/Src/lcd_port.o
                0x08001718                LCD_Port_Flush
 .text.main     0x08001726       0x16 ./Core/Src/main.o
                0x08001726                main
 .text.SystemClock_Config
                0x0800173c       0xc0 ./Core/Src/main.o
                0x0800173c                SystemClock_Config
 .text.Error_Handler
                0x080017fc        0xc ./Core/Src/main.o
                0x080017fc                Error_Handler
 .text.HAL_MspInit
                0x08001808       0x50 ./Core/Src/stm32f4xx_hal_msp.o
                0x08001808                HAL_MspInit
 .text.NMI_Handler
                0x08001858        0x8 ./Core/Src/stm32f4xx_it.o
                0x08001858                NMI_Handler
 .text.HardFault_Handler
                0x08001860        0x8 ./Core/Src/stm32f4xx_it.o
                0x08001860                HardFault_Handler
 .text.MemManage_Handler
                0x08001868        0x8 ./Core/Src/stm32f4xx_it.o
                0x08001868                MemManage_Handler
 .text.BusFault_Handler
                0x08001870        0x8 ./Core/Src/stm32f4xx_it.o
                0x08001870                BusFault_Handler
 .text.UsageFault_Handler
                0x08001878        0x8 ./Core/Src/stm32f4xx_it.o
                0x08001878                UsageFault_Handler
 .text.SVC_Handler
                0x08001880        0xe ./Core/Src/stm32f4xx_it.o
                0x08001880                SVC_Handler
 .text.DebugMon_Handler
                0x0800188e        0xe ./Core/Src/stm32f4xx_it.o
                0x0800188e                DebugMon_Handler
 .text.PendSV_Handler
                0x0800189c        0xe ./Core/Src/stm32f4xx_it.o
                0x0800189c                PendSV_Handler
 .text.SysTick_Handler
                0x080018aa        0xc ./Core/Src/stm32f4xx_it.o
                0x080018aa                SysTick_Handler
 *fill*         0x080018b6        0x2 
 .text.SystemInit
                0x080018b8       0x24 ./Core/Src/system_stm32f4xx.o
                0x080018b8                SystemInit
 .text.Reset_Handler
                0x080018dc       0x50 ./Core/Startup/startup_stm32f429zitx.o
                0x080018dc                Reset_Handler
 .text.Default_Handler
                0x0800192c        0x2 ./Core/Startup/startup_stm32f429zitx.o
                0x0800192c                RTC_Alarm_IRQHandler
                0x0800192c                HASH_RNG_IRQHandler
                0x0800192c                EXTI2_IRQHandler
                0x0800192c                TIM8_CC_IRQHandler
                0x0800192c                UART8_IRQHandler
                0x0800192c                SPI4_IRQHandler
                0x0800192c                TIM1_CC_IRQHandler
                0x0800192c                DMA2_Stream5_IRQHandler
                0x0800192c                DMA1_Stream5_IRQHandler
                0x0800192c                PVD_IRQHandler
                0x0800192c                SDIO_IRQHandler
                0x0800192c                TAMP_STAMP_IRQHandler
                0x0800192c                CAN2_RX1_IRQHandler
                0x0800192c                EXTI3_IRQHandler
                0x0800192c                TIM8_TRG_COM_TIM14_IRQHandler
                0x0800192c                TIM1_UP_TIM10_IRQHandler
                0x0800192c                TIM8_UP_TIM13_IRQHandler
                0x0800192c                I2C3_ER_IRQHandler
                0x0800192c                EXTI0_IRQHandler
                0x0800192c                I2C2_EV_IRQHandler
                0x0800192c                DMA1_Stream2_IRQHandler
                0x0800192c                CAN1_RX0_IRQHandler
                0x0800192c                FPU_IRQHandler
                0x0800192c                OTG_HS_WKUP_IRQHandler
                0x0800192c                LTDC_ER_IRQHandler
                0x0800192c                CAN2_SCE_IRQHandler
                0x0800192c                DMA2_Stream2_IRQHandler
                0x0800192c                SPI1_IRQHandler
                0x0800192c                TIM6_DAC_IRQHandler
                0x0800192c                TIM1_BRK_TIM9_IRQHandler
                0x0800192c                DCMI_IRQHandler
                0x0800192c                CAN2_RX0_IRQHandler
                0x0800192c                DMA2_Stream3_IRQHandler
                0x0800192c                USART6_IRQHandler
                0x0800192c                USART3_IRQHandler
                0x0800192c                CAN1_RX1_IRQHandler
                0x0800192c                UART5_IRQHandler
                0x0800192c                DMA2_Stream0_IRQHandler
                0x0800192c                TIM4_IRQHandler
                0x0800192c                I2C1_EV_IRQHandler
                0x0800192c                DMA1_Stream6_IRQHandler
                0x0800192c                DMA1_Stream1_IRQHandler
                0x0800192c                UART4_IRQHandler
                0x0800192c                TIM3_IRQHandler
                0x0800192c                RCC_IRQHandler
                0x0800192c                TIM8_BRK_TIM12_IRQHandler
                0x0800192c                Default_Handler
                0x0800192c                EXTI15_10_IRQHandler
                0x0800192c                ADC_IRQHandler
                0x0800192c                DMA1_Stream7_IRQHandler
                0x0800192c                SPI5_IRQHandler
                0x0800192c                TIM7_IRQHandler
                0x0800192c                CAN2_TX_IRQHandler
                0x0800192c                TIM5_IRQHandler
                0x0800192c                DMA2_Stream7_IRQHandler
                0x0800192c                I2C3_EV_IRQHandler
                0x0800192c                EXTI9_5_IRQHandler
                0x0800192c                RTC_WKUP_IRQHandler
                0x0800192c                LTDC_IRQHandler
                0x0800192c                ETH_WKUP_IRQHandler
                0x0800192c                SPI2_IRQHandler
                0x0800192c                OTG_HS_EP1_IN_IRQHandler
                0x0800192c                DMA1_Stream0_IRQHandler
                0x0800192c                CAN1_TX_IRQHandler
                0x0800192c                EXTI4_IRQHandler
                0x0800192c                ETH_IRQHandler
                0x0800192c                OTG_HS_EP1_OUT_IRQHandler
                0x0800192c                WWDG_IRQHandler
                0x0800192c                SPI6_IRQHandler
                0x0800192c                TIM2_IRQHandler
                0x0800192c                OTG_FS_WKUP_IRQHandler
                0x0800192c                TIM1_TRG_COM_TIM11_IRQHandler
                0x0800192c                OTG_HS_IRQHandler
                0x0800192c                DMA2D_IRQHandler
                0x0800192c                EXTI1_IRQHandler
                0x0800192c                UART7_IRQHandler
                0x0800192c                USART2_IRQHandler
                0x0800192c                I2C2_ER_IRQHandler
                0x0800192c                DMA2_Stream1_IRQHandler
                0x0800192c                CAN1_SCE_IRQHandler
                0x0800192c                FLASH_IRQHandler
                0x0800192c                DMA2_Stream4_IRQHandler
                0x0800192c                USART1_IRQHandler
                0x0800192c                OTG_FS_IRQHandler
                0x0800192c                SPI3_IRQHandler
                0x0800192c                DMA1_Stream4_IRQHandler
                0x0800192c                I2C1_ER_IRQHandler
                0x0800192c                FMC_IRQHandler
                0x0800192c                DMA2_Stream6_IRQHandler
                0x0800192c                SAI1_IRQHandler
                0x0800192c                DMA1_Stream3_IRQHandler
 *fill*         0x0800192e        0x2 
 .text.HAL_Init
                0x08001930       0x44 ./Drivers/STM32F4xx_HAL_Driver/Src/stm32f4xx_hal.o
                0x08001930                HAL_Init
 .text.HAL_InitTick
                0x08001974       0x60 ./Drivers/STM32F4xx_HAL_Driver/Src/stm32f4xx_hal.o
                0x08001974                HAL_InitTick
 .text.HAL_IncTick
                0x080019d4       0x28 ./Drivers/STM32F4xx_HAL_Driver/Src/stm32f4xx_hal.o
                0x080019d4                HAL_IncTick
 .text.HAL_GetTick
                0x080019fc       0x18 ./Drivers/STM32F4xx_HAL_Driver/Src/stm32f4xx_hal.o
                0x080019fc                HAL_GetTick
 .text.HAL_Delay
                0x08001a14       0x48 ./Drivers/STM32F4xx_HAL_Driver/Src/stm32f4xx_hal.o
                0x08001a14                HAL_Delay
 .text.__NVIC_SetPriorityGrouping
                0x08001a5c       0x48 ./Drivers/STM32F4xx_HAL_Driver/Src/stm32f4xx_hal_cortex.o
 .text.__NVIC_GetPriorityGrouping
                0x08001aa4       0x1c ./Drivers/STM32F4xx_HAL_Driver/Src/stm32f4xx_hal_cortex.o
 .text.__NVIC_SetPriority
                0x08001ac0       0x54 ./Drivers/STM32F4xx_HAL_Driver/Src/stm32f4xx_hal_cortex.o
 .text.NVIC_EncodePriority
                0x08001b14       0x66 ./Drivers/STM32F4xx_HAL_Driver/Src/stm32f4xx_hal_cortex.o
 *fill*         0x08001b7a        0x2 
 .text.SysTick_Config
                0x08001b7c       0x44 ./Drivers/STM32F4xx_HAL_Driver/Src/stm32f4xx_hal_cortex.o
 .text.HAL_NVIC_SetPriorityGrouping
                0x08001bc0       0x16 ./Drivers/STM32F4xx_HAL_Driver/Src/stm32f4xx_hal_cortex.o
                0x08001bc0                HAL_NVIC_SetPriorityGrouping
 .text.HAL_NVIC_SetPriority
                0x08001bd6       0x38 ./Drivers/STM32F4xx_HAL_Driver/Src/stm32f4xx_hal_cortex.o
                0x08001bd6                HAL_NVIC_SetPriority
 .text.HAL_SYSTICK_Config
                0x08001c0e       0x18 ./Drivers/STM32F4xx_HAL_Driver/Src/stm32f4xx_hal_cortex.o
                0x08001c0e                HAL_SYSTICK_Config
 *fill*         0x08001c26        0x2 
 .text.HAL_GPIO_Init
                0x08001c28      0x358 ./Drivers/STM32F4xx_HAL_Driver/Src/stm32f4xx_hal_gpio.o
                0x08001c28                HAL_GPIO_Init
 .text.HAL_GPIO_WritePin
                0x08001f80       0x32 ./Drivers/STM32F4xx_HAL_Driver/Src/stm32f4xx_hal_gpio.o
                0x08001f80                HAL_GPIO_WritePin
 *fill*         0x08001fb2        0x2 
 .text.HAL_RCC_OscConfig
                0x08001fb4      0x4f0 ./Drivers/STM32F4xx_HAL_Driver/Src/stm32f4xx_hal_rcc.o
                0x08001fb4                HAL_RCC_OscConfig
 .text.HAL_RCC_ClockConfig
                0x080024a4      0x1cc ./Drivers/STM32F4xx_HAL_Driver/Src/stm32f4xx_hal_rcc.o
                0x080024a4                HAL_RCC_ClockConfig
 .text.HAL_RCC_GetSysClockFreq
                0x08002670      0x188 ./Drivers/STM32F4xx_HAL_Driver/Src/stm32f4xx_hal_rcc.o
                0x08002670                HAL_RCC_GetSysClockFreq
 .text.memset   0x080027f8       0x10 C:/ST/STM32CubeIDE_2.1.1/STM32CubeIDE/plugins/com.st.stm32cube.ide.mcu.externaltools.gnu-tools-for-stm32.14.3.rel1.win32_1.0.100.202602081740/tools/bin/../lib/gcc/arm-none-eabi/14.3.1/../../../../arm-none-eabi/lib/thumb/v7e-m+fp/hard\libc_nano.a(libc_a-memset.o)
                0x080027f8                memset
 .text.__libc_init_array
                0x08002808       0x48 C:/ST/STM32CubeIDE_2.1.1/STM32CubeIDE/plugins/com.st.stm32cube.ide.mcu.externaltools.gnu-tools-for-stm32.14.3.rel1.win32_1.0.100.202602081740/tools/bin/../lib/gcc/arm-none-eabi/14.3.1/../../../../arm-none-eabi/lib/thumb/v7e-m+fp/hard\libc_nano.a(libc_a-init.o)
                0x08002808                __libc_init_array
 *(.glue_7)
 .glue_7        0x08002850        0x0 linker stubs
 *(.glue_7t)
 .glue_7t       0x08002850        0x0 linker stubs
 *(.eh_frame)
 .eh_frame      0x08002850        0x0 C:/ST/STM32CubeIDE_2.1.1/STM32CubeIDE/plugins/com.st.stm32cube.ide.mcu.externaltools.gnu-tools-for-stm32.14.3.rel1.win32_1.0.100.202602081740/tools/bin/../lib/gcc/arm-none-eabi/14.3.1/thumb/v7e-m+fp/hard/crtbegin.o
 *(.init)
 .init          0x08002850        0x4 C:/ST/STM32CubeIDE_2.1.1/STM32CubeIDE/plugins/com.st.stm32cube.ide.mcu.externaltools.gnu-tools-for-stm32.14.3.rel1.win32_1.0.100.202602081740/tools/bin/../lib/gcc/arm-none-eabi/14.3.1/thumb/v7e-m+fp/hard/crti.o
                0x08002850                _init
 .init          0x08002854        0x8 C:/ST/STM32CubeIDE_2.1.1/STM32CubeIDE/plugins/com.st.stm32cube.ide.mcu.externaltools.gnu-tools-for-stm32.14.3.rel1.win32_1.0.100.202602081740/tools/bin/../lib/gcc/arm-none-eabi/14.3.1/thumb/v7e-m+fp/hard/crtn.o
 *(.fini)
 .fini          0x0800285c        0x4 C:/ST/STM32CubeIDE_2.1.1/STM32CubeIDE/plugins/com.st.stm32cube.ide.mcu.externaltools.gnu-tools-for-stm32.14.3.rel1.win32_1.0.100.202602081740/tools/bin/../lib/gcc/arm-none-eabi/14.3.1/thumb/v7e-m+fp/hard/crti.o
                0x0800285c                _fini
 .fini          0x08002860        0x8 C:/ST/STM32CubeIDE_2.1.1/STM32CubeIDE/plugins/com.st.stm32cube.ide.mcu.externaltools.gnu-tools-for-stm32.14.3.rel1.win32_1.0.100.202602081740/tools/bin/../lib/gcc/arm-none-eabi/14.3.1/thumb/v7e-m+fp/hard/crtn.o
                0x08002868                        . = ALIGN (0x4)
                0x08002868                        _etext = .

.vfp11_veneer   0x08002868        0x0
 .vfp11_veneer  0x08002868        0x0 linker stubs

.v4_bx          0x08002868        0x0
 .v4_bx         0x08002868        0x0 linker stubs

.iplt           0x08002868        0x0
 .iplt          0x08002868        0x0 C:/ST/STM32CubeIDE_2.1.1/STM32CubeIDE/plugins/com.st.stm32cube.ide.mcu.externaltools.gnu-tools-for-stm32.14.3.rel1.win32_1.0.100.202602081740/tools/bin/../lib/gcc/arm-none-eabi/14.3.1/thumb/v7e-m+fp/hard/crtbegin.o

.rodata         0x08002868    0x27a20
                0x08002868                        . = ALIGN (0x4)
 *(.rodata)
 .rodata        0x08002868      0x102 ./Core/Src/game_ui.o
 *(.rodata*)
 *fill*         0x0800296a        0x2 
 .rodata.Arial_Narrow8x12
                0x0800296c      0x664 ./Core/Src/fonts.o
                0x0800296c                Arial_Narrow8x12
 .rodata.Arial_Narrow12x16
                0x08002fd0      0x964 ./Core/Src/fonts.o
                0x08002fd0                Arial_Narrow12x16
 .rodata.Arial_Narrow15x19
                0x08003934     0x1144 ./Core/Src/fonts.o
                0x08003934                Arial_Narrow15x19
 .rodata.mainmenu_map
                0x08004a78    0x25800 ./Core/Src/mainmenu.o
                0x08004a78                mainmenu_map
 .rodata.AHBPrescTable
                0x0802a278       0x10 ./Core/Src/system_stm32f4xx.o
                0x0802a278                AHBPrescTable
                0x0802a288                        . = ALIGN (0x4)

.ARM.extab      0x0802a288        0x0
                0x0802a288                        . = ALIGN (0x4)
 *(.ARM.extab* .gnu.linkonce.armextab.*)
                0x0802a288                        . = ALIGN (0x4)

.ARM            0x0802a288        0x8
                0x0802a288                        . = ALIGN (0x4)
                0x0802a288                        __exidx_start = .
 *(.ARM.exidx*)
 .ARM.exidx     0x0802a288        0x8 C:/ST/STM32CubeIDE_2.1.1/STM32CubeIDE/plugins/com.st.stm32cube.ide.mcu.externaltools.gnu-tools-for-stm32.14.3.rel1.win32_1.0.100.202602081740/tools/bin/../lib/gcc/arm-none-eabi/14.3.1/thumb/v7e-m+fp/hard\libgcc.a(_udivmoddi4.o)
                0x0802a290                        __exidx_end = .
                0x0802a290                        . = ALIGN (0x4)

.preinit_array  0x0802a290        0x0
                0x0802a290                        . = ALIGN (0x4)
                0x0802a290                        PROVIDE (__preinit_array_start = .)
 *(.preinit_array*)
                0x0802a290                        PROVIDE (__preinit_array_end = .)
                0x0802a290                        . = ALIGN (0x4)

.init_array     0x0802a290        0x4
                0x0802a290                        . = ALIGN (0x4)
                0x0802a290                        PROVIDE (__init_array_start = .)
 *(SORT_BY_NAME(.init_array.*))
 *(.init_array*)
 .init_array    0x0802a290        0x4 C:/ST/STM32CubeIDE_2.1.1/STM32CubeIDE/plugins/com.st.stm32cube.ide.mcu.externaltools.gnu-tools-for-stm32.14.3.rel1.win32_1.0.100.202602081740/tools/bin/../lib/gcc/arm-none-eabi/14.3.1/thumb/v7e-m+fp/hard/crtbegin.o
                0x0802a294                        PROVIDE (__init_array_end = .)
                0x0802a294                        . = ALIGN (0x4)

.fini_array     0x0802a294        0x4
                0x0802a294                        . = ALIGN (0x4)
                [!provide]                        PROVIDE (__fini_array_start = .)
 *(SORT_BY_NAME(.fini_array.*))
 *(.fini_array*)
 .fini_array    0x0802a294        0x4 C:/ST/STM32CubeIDE_2.1.1/STM32CubeIDE/plugins/com.st.stm32cube.ide.mcu.externaltools.gnu-tools-for-stm32.14.3.rel1.win32_1.0.100.202602081740/tools/bin/../lib/gcc/arm-none-eabi/14.3.1/thumb/v7e-m+fp/hard/crtbegin.o
                [!provide]                        PROVIDE (__fini_array_end = .)
                0x0802a298                        . = ALIGN (0x4)
                0x0802a298                        _sidata = LOADADDR (.data)

.rel.dyn        0x0802a298        0x0
 .rel.iplt      0x0802a298        0x0 C:/ST/STM32CubeIDE_2.1.1/STM32CubeIDE/plugins/com.st.stm32cube.ide.mcu.externaltools.gnu-tools-for-stm32.14.3.rel1.win32_1.0.100.202602081740/tools/bin/../lib/gcc/arm-none-eabi/14.3.1/thumb/v7e-m+fp/hard/crtbegin.o

.data           0x20000000       0x10 load address 0x0802a298
                0x20000000                        . = ALIGN (0x4)
                0x20000000                        _sdata = .
 *(.data)
 *(.data*)
 .data.LCD_HEIGHT
                0x20000000        0x2 ./Core/Src/ILI9341_STM32_Driver.o
                0x20000000                LCD_HEIGHT
 .data.LCD_WIDTH
                0x20000002        0x2 ./Core/Src/ILI9341_STM32_Driver.o
                0x20000002                LCD_WIDTH
 .data.SystemCoreClock
                0x20000004        0x4 ./Core/Src/system_stm32f4xx.o
                0x20000004                SystemCoreClock
 .data.uwTickPrio
                0x20000008        0x4 ./Drivers/STM32F4xx_HAL_Driver/Src/stm32f4xx_hal.o
                0x20000008                uwTickPrio
 .data.uwTickFreq
                0x2000000c        0x1 ./Drivers/STM32F4xx_HAL_Driver/Src/stm32f4xx_hal.o
                0x2000000c                uwTickFreq
 *(.RamFunc)
 *(.RamFunc*)
                0x20000010                        . = ALIGN (0x4)
 *fill*         0x2000000d        0x3 
                0x20000010                        _edata = .
                0x0802a2a8                        _siccmram = LOADADDR (.ccmram)

.igot.plt       0x20000010        0x0 load address 0x0802a2a8
 .igot.plt      0x20000010        0x0 C:/ST/STM32CubeIDE_2.1.1/STM32CubeIDE/plugins/com.st.stm32cube.ide.mcu.externaltools.gnu-tools-for-stm32.14.3.rel1.win32_1.0.100.202602081740/tools/bin/../lib/gcc/arm-none-eabi/14.3.1/thumb/v7e-m+fp/hard/crtbegin.o

.ccmram         0x10000000        0x0 load address 0x0802a2a8
                0x10000000                        . = ALIGN (0x4)
                0x10000000                        _sccmram = .
 *(.ccmram)
 *(.ccmram*)
                0x10000000                        . = ALIGN (0x4)
                0x10000000                        _eccmram = .
                0x10000000                        . = ALIGN (0x4)

.bss            0x20000010      0x410
                0x20000010                        _sbss = .
                0x20000010                        __bss_start__ = _sbss
 *(.bss)
 .bss           0x20000010       0x1c C:/ST/STM32CubeIDE_2.1.1/STM32CubeIDE/plugins/com.st.stm32cube.ide.mcu.externaltools.gnu-tools-for-stm32.14.3.rel1.win32_1.0.100.202602081740/tools/bin/../lib/gcc/arm-none-eabi/14.3.1/thumb/v7e-m+fp/hard/crtbegin.o
 *(.bss*)
 .bss.burstBuffer.2
                0x2000002c      0x1f4 ./Core/Src/ILI9341_STM32_Driver.o
 .bss.txBuffer.0
                0x20000220      0x1f4 ./Core/Src/ILI9341_STM32_Driver.o
 .bss.s_lastStepMs
                0x20000414        0x4 ./Core/Src/difficulty_select_demo.o
 .bss.s_selectedDifficulty
                0x20000418        0x1 ./Core/Src/difficulty_select_demo.o
 *fill*         0x20000419        0x3 
 .bss.uwTick    0x2000041c        0x4 ./Drivers/STM32F4xx_HAL_Driver/Src/stm32f4xx_hal.o
                0x2000041c                uwTick
 *(COMMON)
                0x20000420                        . = ALIGN (0x4)
                0x20000420                        _ebss = .
                0x20000420                        __bss_end__ = _ebss

._user_heap_stack
                0x20000420      0x600
                0x20000420                        . = ALIGN (0x8)
                [!provide]                        PROVIDE (end = .)
                0x20000420                        PROVIDE (_end = .)
                0x20000620                        . = (. + _Min_Heap_Size)
 *fill*         0x20000420      0x200 
                0x20000a20                        . = (. + _Min_Stack_Size)
 *fill*         0x20000620      0x400 
                0x20000a20                        . = ALIGN (0x8)

/DISCARD/
 libc.a(*)
 libm.a(*)
 libgcc.a(*)

.ARM.attributes
                0x00000000       0x30
 *(.ARM.attributes)
 .ARM.attributes
                0x00000000       0x22 C:/ST/STM32CubeIDE_2.1.1/STM32CubeIDE/plugins/com.st.stm32cube.ide.mcu.externaltools.gnu-tools-for-stm32.14.3.rel1.win32_1.0.100.202602081740/tools/bin/../lib/gcc/arm-none-eabi/14.3.1/thumb/v7e-m+fp/hard/crti.o
 .ARM.attributes
                0x00000022       0x34 C:/ST/STM32CubeIDE_2.1.1/STM32CubeIDE/plugins/com.st.stm32cube.ide.mcu.externaltools.gnu-tools-for-stm32.14.3.rel1.win32_1.0.100.202602081740/tools/bin/../lib/gcc/arm-none-eabi/14.3.1/thumb/v7e-m+fp/hard/crtbegin.o
 .ARM.attributes
                0x00000056       0x34 ./Core/Src/ILI9341_GFX.o
 .ARM.attributes
                0x0000008a       0x34 ./Core/Src/ILI9341_STM32_Driver.o
 .ARM.attributes
                0x000000be       0x34 ./Core/Src/difficulty_select_demo.o
 .ARM.attributes
                0x000000f2       0x34 ./Core/Src/fonts.o
 .ARM.attributes
                0x00000126       0x34 ./Core/Src/game_ui.o
 .ARM.attributes
                0x0000015a       0x34 ./Core/Src/lcd_port.o
 .ARM.attributes
                0x0000018e       0x34 ./Core/Src/main.o
 .ARM.attributes
                0x000001c2       0x34 ./Core/Src/mainmenu.o
 .ARM.attributes
                0x000001f6       0x34 ./Core/Src/stm32f4xx_hal_msp.o
 .ARM.attributes
                0x0000022a       0x34 ./Core/Src/stm32f4xx_it.o
 .ARM.attributes
                0x0000025e       0x34 ./Core/Src/system_stm32f4xx.o
 .ARM.attributes
                0x00000292       0x21 ./Core/Startup/startup_stm32f429zitx.o
 .ARM.attributes
                0x000002b3       0x34 ./Drivers/STM32F4xx_HAL_Driver/Src/stm32f4xx_hal.o
 .ARM.attributes
                0x000002e7       0x34 ./Drivers/STM32F4xx_HAL_Driver/Src/stm32f4xx_hal_cortex.o
 .ARM.attributes
                0x0000031b       0x34 ./Drivers/STM32F4xx_HAL_Driver/Src/stm32f4xx_hal_gpio.o
 .ARM.attributes
                0x0000034f       0x34 ./Drivers/STM32F4xx_HAL_Driver/Src/stm32f4xx_hal_rcc.o
 .ARM.attributes
                0x00000383       0x34 C:/ST/STM32CubeIDE_2.1.1/STM32CubeIDE/plugins/com.st.stm32cube.ide.mcu.externaltools.gnu-tools-for-stm32.14.3.rel1.win32_1.0.100.202602081740/tools/bin/../lib/gcc/arm-none-eabi/14.3.1/../../../../arm-none-eabi/lib/thumb/v7e-m+fp/hard\libc_nano.a(libc_a-memset.o)
 .ARM.attributes
                0x000003b7       0x34 C:/ST/STM32CubeIDE_2.1.1/STM32CubeIDE/plugins/com.st.stm32cube.ide.mcu.externaltools.gnu-tools-for-stm32.14.3.rel1.win32_1.0.100.202602081740/tools/bin/../lib/gcc/arm-none-eabi/14.3.1/../../../../arm-none-eabi/lib/thumb/v7e-m+fp/hard\libc_nano.a(libc_a-init.o)
 .ARM.attributes
                0x000003eb       0x22 C:/ST/STM32CubeIDE_2.1.1/STM32CubeIDE/plugins/com.st.stm32cube.ide.mcu.externaltools.gnu-tools-for-stm32.14.3.rel1.win32_1.0.100.202602081740/tools/bin/../lib/gcc/arm-none-eabi/14.3.1/thumb/v7e-m+fp/hard\libgcc.a(_aeabi_uldivmod.o)
 .ARM.attributes
                0x0000040d       0x34 C:/ST/STM32CubeIDE_2.1.1/STM32CubeIDE/plugins/com.st.stm32cube.ide.mcu.externaltools.gnu-tools-for-stm32.14.3.rel1.win32_1.0.100.202602081740/tools/bin/../lib/gcc/arm-none-eabi/14.3.1/thumb/v7e-m+fp/hard\libgcc.a(_udivmoddi4.o)
 .ARM.attributes
                0x00000441       0x22 C:/ST/STM32CubeIDE_2.1.1/STM32CubeIDE/plugins/com.st.stm32cube.ide.mcu.externaltools.gnu-tools-for-stm32.14.3.rel1.win32_1.0.100.202602081740/tools/bin/../lib/gcc/arm-none-eabi/14.3.1/thumb/v7e-m+fp/hard\libgcc.a(_dvmd_tls.o)
 .ARM.attributes
                0x00000463       0x22 C:/ST/STM32CubeIDE_2.1.1/STM32CubeIDE/plugins/com.st.stm32cube.ide.mcu.externaltools.gnu-tools-for-stm32.14.3.rel1.win32_1.0.100.202602081740/tools/bin/../lib/gcc/arm-none-eabi/14.3.1/thumb/v7e-m+fp/hard/crtn.o
OUTPUT(final.elf elf32-littlearm)
LOAD linker stubs
LOAD C:/ST/STM32CubeIDE_2.1.1/STM32CubeIDE/plugins/com.st.stm32cube.ide.mcu.externaltools.gnu-tools-for-stm32.14.3.rel1.win32_1.0.100.202602081740/tools/bin/../lib/gcc/arm-none-eabi/14.3.1/../../../../arm-none-eabi/lib/thumb/v7e-m+fp/hard\libc.a
LOAD C:/ST/STM32CubeIDE_2.1.1/STM32CubeIDE/plugins/com.st.stm32cube.ide.mcu.externaltools.gnu-tools-for-stm32.14.3.rel1.win32_1.0.100.202602081740/tools/bin/../lib/gcc/arm-none-eabi/14.3.1/../../../../arm-none-eabi/lib/thumb/v7e-m+fp/hard\libm.a
LOAD C:/ST/STM32CubeIDE_2.1.1/STM32CubeIDE/plugins/com.st.stm32cube.ide.mcu.externaltools.gnu-tools-for-stm32.14.3.rel1.win32_1.0.100.202602081740/tools/bin/../lib/gcc/arm-none-eabi/14.3.1/thumb/v7e-m+fp/hard\libgcc.a

.debug_info     0x00000000     0x4fad
 .debug_info    0x00000000      0x683 ./Core/Src/ILI9341_GFX.o
 .debug_info    0x00000683      0xb2e ./Core/Src/ILI9341_STM32_Driver.o
 .debug_info    0x000011b1      0x12c ./Core/Src/difficulty_select_demo.o
 .debug_info    0x000012dd      0x159 ./Core/Src/fonts.o
 .debug_info    0x00001436      0x30a ./Core/Src/game_ui.o
 .debug_info    0x00001740      0x2c0 ./Core/Src/lcd_port.o
 .debug_info    0x00001a00      0x4d2 ./Core/Src/main.o
 .debug_info    0x00001ed2       0xb8 ./Core/Src/mainmenu.o
 .debug_info    0x00001f8a      0x281 ./Core/Src/stm32f4xx_hal_msp.o
 .debug_info    0x0000220b      0x112 ./Core/Src/stm32f4xx_it.o
 .debug_info    0x0000231d      0x52e ./Core/Src/system_stm32f4xx.o
 .debug_info    0x0000284b       0x30 ./Core/Startup/startup_stm32f429zitx.o
 .debug_info    0x0000287b      0x9ba ./Drivers/STM32F4xx_HAL_Driver/Src/stm32f4xx_hal.o
 .debug_info    0x00003235      0xdc2 ./Drivers/STM32F4xx_HAL_Driver/Src/stm32f4xx_hal_cortex.o
 .debug_info    0x00003ff7      0x6db ./Drivers/STM32F4xx_HAL_Driver/Src/stm32f4xx_hal_gpio.o
 .debug_info    0x000046d2      0x8db ./Drivers/STM32F4xx_HAL_Driver/Src/stm32f4xx_hal_rcc.o

.debug_abbrev   0x00000000     0x15fb
 .debug_abbrev  0x00000000      0x166 ./Core/Src/ILI9341_GFX.o
 .debug_abbrev  0x00000166      0x28d ./Core/Src/ILI9341_STM32_Driver.o
 .debug_abbrev  0x000003f3       0xd8 ./Core/Src/difficulty_select_demo.o
 .debug_abbrev  0x000004cb       0x8e ./Core/Src/fonts.o
 .debug_abbrev  0x00000559      0x11c ./Core/Src/game_ui.o
 .debug_abbrev  0x00000675       0xf0 ./Core/Src/lcd_port.o
 .debug_abbrev  0x00000765      0x1df ./Core/Src/main.o
 .debug_abbrev  0x00000944       0x72 ./Core/Src/mainmenu.o
 .debug_abbrev  0x000009b6       0xd8 ./Core/Src/stm32f4xx_hal_msp.o
 .debug_abbrev  0x00000a8e       0x73 ./Core/Src/stm32f4xx_it.o
 .debug_abbrev  0x00000b01      0x11a ./Core/Src/system_stm32f4xx.o
 .debug_abbrev  0x00000c1b       0x24 ./Core/Startup/startup_stm32f429zitx.o
 .debug_abbrev  0x00000c3f      0x214 ./Drivers/STM32F4xx_HAL_Driver/Src/stm32f4xx_hal.o
 .debug_abbrev  0x00000e53      0x31d ./Drivers/STM32F4xx_HAL_Driver/Src/stm32f4xx_hal_cortex.o
 .debug_abbrev  0x00001170      0x1d4 ./Drivers/STM32F4xx_HAL_Driver/Src/stm32f4xx_hal_gpio.o
 .debug_abbrev  0x00001344      0x2b7 ./Drivers/STM32F4xx_HAL_Driver/Src/stm32f4xx_hal_rcc.o

.debug_aranges  0x00000000      0x610
 .debug_aranges
                0x00000000       0x58 ./Core/Src/ILI9341_GFX.o
 .debug_aranges
                0x00000058       0xc0 ./Core/Src/ILI9341_STM32_Driver.o
 .debug_aranges
                0x00000118       0x28 ./Core/Src/difficulty_select_demo.o
 .debug_aranges
                0x00000140       0x18 ./Core/Src/fonts.o
 .debug_aranges
                0x00000158       0x48 ./Core/Src/game_ui.o
 .debug_aranges
                0x000001a0       0x48 ./Core/Src/lcd_port.o
 .debug_aranges
                0x000001e8       0x30 ./Core/Src/main.o
 .debug_aranges
                0x00000218       0x18 ./Core/Src/mainmenu.o
 .debug_aranges
                0x00000230       0x20 ./Core/Src/stm32f4xx_hal_msp.o
 .debug_aranges
                0x00000250       0x60 ./Core/Src/stm32f4xx_it.o
 .debug_aranges
                0x000002b0       0x28 ./Core/Src/system_stm32f4xx.o
 .debug_aranges
                0x000002d8       0x28 ./Core/Startup/startup_stm32f429zitx.o
 .debug_aranges
                0x00000300      0x100 ./Drivers/STM32F4xx_HAL_Driver/Src/stm32f4xx_hal.o
 .debug_aranges
                0x00000400      0x130 ./Drivers/STM32F4xx_HAL_Driver/Src/stm32f4xx_hal_cortex.o
 .debug_aranges
                0x00000530       0x58 ./Drivers/STM32F4xx_HAL_Driver/Src/stm32f4xx_hal_gpio.o
 .debug_aranges
                0x00000588       0x88 ./Drivers/STM32F4xx_HAL_Driver/Src/stm32f4xx_hal_rcc.o

.debug_rnglists
                0x00000000      0x442
 .debug_rnglists
                0x00000000       0x44 ./Core/Src/ILI9341_GFX.o
 .debug_rnglists
                0x00000044       0x96 ./Core/Src/ILI9341_STM32_Driver.o
 .debug_rnglists
                0x000000da       0x19 ./Core/Src/difficulty_select_demo.o
 .debug_rnglists
                0x000000f3       0x35 ./Core/Src/game_ui.o
 .debug_rnglists
                0x00000128       0x31 ./Core/Src/lcd_port.o
 .debug_rnglists
                0x00000159       0x20 ./Core/Src/main.o
 .debug_rnglists
                0x00000179       0x13 ./Core/Src/stm32f4xx_hal_msp.o
 .debug_rnglists
                0x0000018c       0x43 ./Core/Src/stm32f4xx_it.o
 .debug_rnglists
                0x000001cf       0x1a ./Core/Src/system_stm32f4xx.o
 .debug_rnglists
                0x000001e9       0x19 ./Core/Startup/startup_stm32f429zitx.o
 .debug_rnglists
                0x00000202       0xbb ./Drivers/STM32F4xx_HAL_Driver/Src/stm32f4xx_hal.o
 .debug_rnglists
                0x000002bd       0xe0 ./Drivers/STM32F4xx_HAL_Driver/Src/stm32f4xx_hal_cortex.o
 .debug_rnglists
                0x0000039d       0x3f ./Drivers/STM32F4xx_HAL_Driver/Src/stm32f4xx_hal_gpio.o
 .debug_rnglists
                0x000003dc       0x66 ./Drivers/STM32F4xx_HAL_Driver/Src/stm32f4xx_hal_rcc.o

.debug_macro    0x00000000    0x2218e
 .debug_macro   0x00000000      0x1d7 ./Core/Src/ILI9341_GFX.o
 .debug_macro   0x000001d7      0xad8 ./Core/Src/ILI9341_GFX.o
 .debug_macro   0x00000caf      0x28f ./Core/Src/ILI9341_GFX.o
 .debug_macro   0x00000f3e       0x2e ./Core/Src/ILI9341_GFX.o
 .debug_macro   0x00000f6c       0x28 ./Core/Src/ILI9341_GFX.o
 .debug_macro   0x00000f94       0x22 ./Core/Src/ILI9341_GFX.o
 .debug_macro   0x00000fb6       0x8e ./Core/Src/ILI9341_GFX.o
 .debug_macro   0x00001044       0x51 ./Core/Src/ILI9341_GFX.o
 .debug_macro   0x00001095      0x103 ./Core/Src/ILI9341_GFX.o
 .debug_macro   0x00001198       0x6a ./Core/Src/ILI9341_GFX.o
 .debug_macro   0x00001202      0x1df ./Core/Src/ILI9341_GFX.o
 .debug_macro   0x000013e1       0x1c ./Core/Src/ILI9341_GFX.o
 .debug_macro   0x000013fd       0x22 ./Core/Src/ILI9341_GFX.o
 .debug_macro   0x0000141f       0xfb ./Core/Src/ILI9341_GFX.o
 .debug_macro   0x0000151a     0x1011 ./Core/Src/ILI9341_GFX.o
 .debug_macro   0x0000252b      0x11f ./Core/Src/ILI9341_GFX.o
 .debug_macro   0x0000264a    0x17ff1 ./Core/Src/ILI9341_GFX.o
 .debug_macro   0x0001a63b       0x6d ./Core/Src/ILI9341_GFX.o
 .debug_macro   0x0001a6a8     0x370a ./Core/Src/ILI9341_GFX.o
 .debug_macro   0x0001ddb2      0x190 ./Core/Src/ILI9341_GFX.o
 .debug_macro   0x0001df42       0x5c ./Core/Src/ILI9341_GFX.o
 .debug_macro   0x0001df9e      0xcba ./Core/Src/ILI9341_GFX.o
 .debug_macro   0x0001ec58      0x9e9 ./Core/Src/ILI9341_GFX.o
 .debug_macro   0x0001f641      0x115 ./Core/Src/ILI9341_GFX.o
 .debug_macro   0x0001f756      0x156 ./Core/Src/ILI9341_GFX.o
 .debug_macro   0x0001f8ac       0xa5 ./Core/Src/ILI9341_GFX.o
 .debug_macro   0x0001f951      0x182 ./Core/Src/ILI9341_GFX.o
 .debug_macro   0x0001fad3      0x287 ./Core/Src/ILI9341_GFX.o
 .debug_macro   0x0001fd5a       0x5f ./Core/Src/ILI9341_GFX.o
 .debug_macro   0x0001fdb9      0x236 ./Core/Src/ILI9341_GFX.o
 .debug_macro   0x0001ffef      0x132 ./Core/Src/ILI9341_GFX.o
 .debug_macro   0x00020121      0x41d ./Core/Src/ILI9341_GFX.o
 .debug_macro   0x0002053e       0x2e ./Core/Src/ILI9341_GFX.o
 .debug_macro   0x0002056c      0x127 ./Core/Src/ILI9341_GFX.o
 .debug_macro   0x00020693       0xe2 ./Core/Src/ILI9341_GFX.o
 .debug_macro   0x00020775       0x89 ./Core/Src/ILI9341_GFX.o
 .debug_macro   0x000207fe      0x134 ./Core/Src/ILI9341_GFX.o
 .debug_macro   0x00020932       0xe5 ./Core/Src/ILI9341_GFX.o
 .debug_macro   0x00020a17       0x22 ./Core/Src/ILI9341_GFX.o
 .debug_macro   0x00020a39       0x10 ./Core/Src/ILI9341_GFX.o
 .debug_macro   0x00020a49      0x1bf ./Core/Src/ILI9341_STM32_Driver.o
 .debug_macro   0x00020c08      0x1d3 ./Core/Src/difficulty_select_demo.o
 .debug_macro   0x00020ddb       0x16 ./Core/Src/difficulty_select_demo.o
 .debug_macro   0x00020df1       0x72 ./Core/Src/fonts.o
 .debug_macro   0x00020e63       0x1c ./Core/Src/fonts.o
 .debug_macro   0x00020e7f      0x223 ./Core/Src/game_ui.o
 .debug_macro   0x000210a2       0x1c ./Core/Src/game_ui.o
 .debug_macro   0x000210be       0x1c ./Core/Src/game_ui.o
 .debug_macro   0x000210da      0x1ce ./Core/Src/lcd_port.o
 .debug_macro   0x000212a8       0x10 ./Core/Src/lcd_port.o
 .debug_macro   0x000212b8      0x1c4 ./Core/Src/main.o
 .debug_macro   0x0002147c       0x84 ./Core/Src/mainmenu.o
 .debug_macro   0x00021500       0x16 ./Core/Src/mainmenu.o
 .debug_macro   0x00021516      0x1ba ./Core/Src/stm32f4xx_hal_msp.o
 .debug_macro   0x000216d0      0x1c4 ./Core/Src/stm32f4xx_it.o
 .debug_macro   0x00021894      0x1b0 ./Core/Src/system_stm32f4xx.o
 .debug_macro   0x00021a44      0x210 ./Drivers/STM32F4xx_HAL_Driver/Src/stm32f4xx_hal.o
 .debug_macro   0x00021c54      0x1b0 ./Drivers/STM32F4xx_HAL_Driver/Src/stm32f4xx_hal_cortex.o
 .debug_macro   0x00021e04      0x1b6 ./Drivers/STM32F4xx_HAL_Driver/Src/stm32f4xx_hal_gpio.o
 .debug_macro   0x00021fba      0x1d4 ./Drivers/STM32F4xx_HAL_Driver/Src/stm32f4xx_hal_rcc.o

.debug_line     0x00000000     0x85ca
 .debug_line    0x00000000      0xa22 ./Core/Src/ILI9341_GFX.o
 .debug_line    0x00000a22      0xd4e ./Core/Src/ILI9341_STM32_Driver.o
 .debug_line    0x00001770      0x778 ./Core/Src/difficulty_select_demo.o
 .debug_line    0x00001ee8      0x40e ./Core/Src/fonts.o
 .debug_line    0x000022f6      0x87d ./Core/Src/game_ui.o
 .debug_line    0x00002b73      0x7b3 ./Core/Src/lcd_port.o
 .debug_line    0x00003326      0x78f ./Core/Src/main.o
 .debug_line    0x00003ab5      0x414 ./Core/Src/mainmenu.o
 .debug_line    0x00003ec9      0x701 ./Core/Src/stm32f4xx_hal_msp.o
 .debug_line    0x000045ca      0x7b0 ./Core/Src/stm32f4xx_it.o
 .debug_line    0x00004d7a      0x777 ./Core/Src/system_stm32f4xx.o
 .debug_line    0x000054f1       0x7a ./Core/Startup/startup_stm32f429zitx.o
 .debug_line    0x0000556b      0xa2c ./Drivers/STM32F4xx_HAL_Driver/Src/stm32f4xx_hal.o
 .debug_line    0x00005f97      0xcc3 ./Drivers/STM32F4xx_HAL_Driver/Src/stm32f4xx_hal_cortex.o
 .debug_line    0x00006c5a      0xb70 ./Drivers/STM32F4xx_HAL_Driver/Src/stm32f4xx_hal_gpio.o
 .debug_line    0x000077ca      0xe00 ./Drivers/STM32F4xx_HAL_Driver/Src/stm32f4xx_hal_rcc.o

.debug_str      0x00000000    0xcc0a5
 .debug_str     0x00000000    0xcc0a5 ./Core/Src/ILI9341_GFX.o
                              0xca412 (size before relaxing)
 .debug_str     0x000cc0a5    0xca5f0 ./Core/Src/ILI9341_STM32_Driver.o
 .debug_str     0x000cc0a5    0xc9fc2 ./Core/Src/difficulty_select_demo.o
 .debug_str     0x000cc0a5     0x3e26 ./Core/Src/fonts.o
 .debug_str     0x000cc0a5    0xca2df ./Core/Src/game_ui.o
 .debug_str     0x000cc0a5    0xca2a7 ./Core/Src/lcd_port.o
 .debug_str     0x000cc0a5    0xca1bd ./Core/Src/main.o
 .debug_str     0x000cc0a5     0x3e1d ./Core/Src/mainmenu.o
 .debug_str     0x000cc0a5    0xc9fbf ./Core/Src/stm32f4xx_hal_msp.o
 .debug_str     0x000cc0a5    0xc9f32 ./Core/Src/stm32f4xx_it.o
 .debug_str     0x000cc0a5    0xca06f ./Core/Src/system_stm32f4xx.o
 .debug_str     0x000cc0a5       0x53 ./Core/Startup/startup_stm32f429zitx.o
 .debug_str     0x000cc0a5    0xcac92 ./Drivers/STM32F4xx_HAL_Driver/Src/stm32f4xx_hal.o
 .debug_str     0x000cc0a5    0xca9c0 ./Drivers/STM32F4xx_HAL_Driver/Src/stm32f4xx_hal_cortex.o
 .debug_str     0x000cc0a5    0xca1ea ./Drivers/STM32F4xx_HAL_Driver/Src/stm32f4xx_hal_gpio.o
 .debug_str     0x000cc0a5    0xca4a3 ./Drivers/STM32F4xx_HAL_Driver/Src/stm32f4xx_hal_rcc.o

.comment        0x00000000       0x43
 .comment       0x00000000       0x43 ./Core/Src/ILI9341_GFX.o
                                 0x44 (size before relaxing)
 .comment       0x00000043       0x44 ./Core/Src/ILI9341_STM32_Driver.o
 .comment       0x00000043       0x44 ./Core/Src/difficulty_select_demo.o
 .comment       0x00000043       0x44 ./Core/Src/fonts.o
 .comment       0x00000043       0x44 ./Core/Src/game_ui.o
 .comment       0x00000043       0x44 ./Core/Src/lcd_port.o
 .comment       0x00000043       0x44 ./Core/Src/main.o
 .comment       0x00000043       0x44 ./Core/Src/mainmenu.o
 .comment       0x00000043       0x44 ./Core/Src/stm32f4xx_hal_msp.o
 .comment       0x00000043       0x44 ./Core/Src/stm32f4xx_it.o
 .comment       0x00000043       0x44 ./Core/Src/system_stm32f4xx.o
 .comment       0x00000043       0x44 ./Drivers/STM32F4xx_HAL_Driver/Src/stm32f4xx_hal.o
 .comment       0x00000043       0x44 ./Drivers/STM32F4xx_HAL_Driver/Src/stm32f4xx_hal_cortex.o
 .comment       0x00000043       0x44 ./Drivers/STM32F4xx_HAL_Driver/Src/stm32f4xx_hal_gpio.o
 .comment       0x00000043       0x44 ./Drivers/STM32F4xx_HAL_Driver/Src/stm32f4xx_hal_rcc.o

.debug_frame    0x00000000     0x140c
 .debug_frame   0x00000000      0x148 ./Core/Src/ILI9341_GFX.o
 .debug_frame   0x00000148      0x2fc ./Core/Src/ILI9341_STM32_Driver.o
 .debug_frame   0x00000444       0x50 ./Core/Src/difficulty_select_demo.o
 .debug_frame   0x00000494       0xf4 ./Core/Src/game_ui.o
 .debug_frame   0x00000588       0xe0 ./Core/Src/lcd_port.o
 .debug_frame   0x00000668       0x68 ./Core/Src/main.o
 .debug_frame   0x000006d0       0x34 ./Core/Src/stm32f4xx_hal_msp.o
 .debug_frame   0x00000704       0xf8 ./Core/Src/stm32f4xx_it.o
 .debug_frame   0x000007fc       0x50 ./Core/Src/system_stm32f4xx.o
 .debug_frame   0x0000084c      0x354 ./Drivers/STM32F4xx_HAL_Driver/Src/stm32f4xx_hal.o
 .debug_frame   0x00000ba0      0x4b8 ./Drivers/STM32F4xx_HAL_Driver/Src/stm32f4xx_hal_cortex.o
 .debug_frame   0x00001058      0x130 ./Drivers/STM32F4xx_HAL_Driver/Src/stm32f4xx_hal_gpio.o
 .debug_frame   0x00001188      0x1d8 ./Drivers/STM32F4xx_HAL_Driver/Src/stm32f4xx_hal_rcc.o
 .debug_frame   0x00001360       0x20 C:/ST/STM32CubeIDE_2.1.1/STM32CubeIDE/plugins/com.st.stm32cube.ide.mcu.externaltools.gnu-tools-for-stm32.14.3.rel1.win32_1.0.100.202602081740/tools/bin/../lib/gcc/arm-none-eabi/14.3.1/../../../../arm-none-eabi/lib/thumb/v7e-m+fp/hard\libc_nano.a(libc_a-memset.o)
 .debug_frame   0x00001380       0x2c C:/ST/STM32CubeIDE_2.1.1/STM32CubeIDE/plugins/com.st.stm32cube.ide.mcu.externaltools.gnu-tools-for-stm32.14.3.rel1.win32_1.0.100.202602081740/tools/bin/../lib/gcc/arm-none-eabi/14.3.1/../../../../arm-none-eabi/lib/thumb/v7e-m+fp/hard\libc_nano.a(libc_a-init.o)
 .debug_frame   0x000013ac       0x2c C:/ST/STM32CubeIDE_2.1.1/STM32CubeIDE/plugins/com.st.stm32cube.ide.mcu.externaltools.gnu-tools-for-stm32.14.3.rel1.win32_1.0.100.202602081740/tools/bin/../lib/gcc/arm-none-eabi/14.3.1/thumb/v7e-m+fp/hard\libgcc.a(_aeabi_uldivmod.o)
 .debug_frame   0x000013d8       0x34 C:/ST/STM32CubeIDE_2.1.1/STM32CubeIDE/plugins/com.st.stm32cube.ide.mcu.externaltools.gnu-tools-for-stm32.14.3.rel1.win32_1.0.100.202602081740/tools/bin/../lib/gcc/arm-none-eabi/14.3.1/thumb/v7e-m+fp/hard\libgcc.a(_udivmoddi4.o)

.debug_line_str
                0x00000000       0x37
 .debug_line_str
                0x00000000       0x37 ./Core/Startup/startup_stm32f429zitx.o
