Archive member included to satisfy reference by file (symbol)

C:/ST/STM32CubeIDE_2.1.1/STM32CubeIDE/plugins/com.st.stm32cube.ide.mcu.externaltools.gnu-tools-for-stm32.14.3.rel1.win32_1.0.100.202602081740/tools/bin/../lib/gcc/arm-none-eabi/14.3.1/../../../../arm-none-eabi/lib/thumb/v7e-m+fp/hard\libc_nano.a(libc_a-exit.o)
                              C:/ST/STM32CubeIDE_2.1.1/STM32CubeIDE/plugins/com.st.stm32cube.ide.mcu.externaltools.gnu-tools-for-stm32.14.3.rel1.win32_1.0.100.202602081740/tools/bin/../lib/gcc/arm-none-eabi/14.3.1/../../../../arm-none-eabi/lib/thumb/v7e-m+fp/hard/crt0.o (exit)
C:/ST/STM32CubeIDE_2.1.1/STM32CubeIDE/plugins/com.st.stm32cube.ide.mcu.externaltools.gnu-tools-for-stm32.14.3.rel1.win32_1.0.100.202602081740/tools/bin/../lib/gcc/arm-none-eabi/14.3.1/../../../../arm-none-eabi/lib/thumb/v7e-m+fp/hard\libc_nano.a(libc_a-findfp.o)
                              C:/ST/STM32CubeIDE_2.1.1/STM32CubeIDE/plugins/com.st.stm32cube.ide.mcu.externaltools.gnu-tools-for-stm32.14.3.rel1.win32_1.0.100.202602081740/tools/bin/../lib/gcc/arm-none-eabi/14.3.1/../../../../arm-none-eabi/lib/thumb/v7e-m+fp/hard\libc_nano.a(libc_a-exit.o) (__stdio_exit_handler)
C:/ST/STM32CubeIDE_2.1.1/STM32CubeIDE/plugins/com.st.stm32cube.ide.mcu.externaltools.gnu-tools-for-stm32.14.3.rel1.win32_1.0.100.202602081740/tools/bin/../lib/gcc/arm-none-eabi/14.3.1/../../../../arm-none-eabi/lib/thumb/v7e-m+fp/hard\libc_nano.a(libc_a-fwalk.o)
                              C:/ST/STM32CubeIDE_2.1.1/STM32CubeIDE/plugins/com.st.stm32cube.ide.mcu.externaltools.gnu-tools-for-stm32.14.3.rel1.win32_1.0.100.202602081740/tools/bin/../lib/gcc/arm-none-eabi/14.3.1/../../../../arm-none-eabi/lib/thumb/v7e-m+fp/hard\libc_nano.a(libc_a-findfp.o) (_fwalk_sglue)
C:/ST/STM32CubeIDE_2.1.1/STM32CubeIDE/plugins/com.st.stm32cube.ide.mcu.externaltools.gnu-tools-for-stm32.14.3.rel1.win32_1.0.100.202602081740/tools/bin/../lib/gcc/arm-none-eabi/14.3.1/../../../../arm-none-eabi/lib/thumb/v7e-m+fp/hard\libc_nano.a(libc_a-stdio.o)
                              C:/ST/STM32CubeIDE_2.1.1/STM32CubeIDE/plugins/com.st.stm32cube.ide.mcu.externaltools.gnu-tools-for-stm32.14.3.rel1.win32_1.0.100.202602081740/tools/bin/../lib/gcc/arm-none-eabi/14.3.1/../../../../arm-none-eabi/lib/thumb/v7e-m+fp/hard\libc_nano.a(libc_a-findfp.o) (__sread)
C:/ST/STM32CubeIDE_2.1.1/STM32CubeIDE/plugins/com.st.stm32cube.ide.mcu.externaltools.gnu-tools-for-stm32.14.3.rel1.win32_1.0.100.202602081740/tools/bin/../lib/gcc/arm-none-eabi/14.3.1/../../../../arm-none-eabi/lib/thumb/v7e-m+fp/hard\libc_nano.a(libc_a-memset.o)
                              C:/ST/STM32CubeIDE_2.1.1/STM32CubeIDE/plugins/com.st.stm32cube.ide.mcu.externaltools.gnu-tools-for-stm32.14.3.rel1.win32_1.0.100.202602081740/tools/bin/../lib/gcc/arm-none-eabi/14.3.1/../../../../arm-none-eabi/lib/thumb/v7e-m+fp/hard/crt0.o (memset)
C:/ST/STM32CubeIDE_2.1.1/STM32CubeIDE/plugins/com.st.stm32cube.ide.mcu.externaltools.gnu-tools-for-stm32.14.3.rel1.win32_1.0.100.202602081740/tools/bin/../lib/gcc/arm-none-eabi/14.3.1/../../../../arm-none-eabi/lib/thumb/v7e-m+fp/hard\libc_nano.a(libc_a-closer.o)
                              C:/ST/STM32CubeIDE_2.1.1/STM32CubeIDE/plugins/com.st.stm32cube.ide.mcu.externaltools.gnu-tools-for-stm32.14.3.rel1.win32_1.0.100.202602081740/tools/bin/../lib/gcc/arm-none-eabi/14.3.1/../../../../arm-none-eabi/lib/thumb/v7e-m+fp/hard\libc_nano.a(libc_a-stdio.o) (_close_r)
C:/ST/STM32CubeIDE_2.1.1/STM32CubeIDE/plugins/com.st.stm32cube.ide.mcu.externaltools.gnu-tools-for-stm32.14.3.rel1.win32_1.0.100.202602081740/tools/bin/../lib/gcc/arm-none-eabi/14.3.1/../../../../arm-none-eabi/lib/thumb/v7e-m+fp/hard\libc_nano.a(libc_a-reent.o)
                              C:/ST/STM32CubeIDE_2.1.1/STM32CubeIDE/plugins/com.st.stm32cube.ide.mcu.externaltools.gnu-tools-for-stm32.14.3.rel1.win32_1.0.100.202602081740/tools/bin/../lib/gcc/arm-none-eabi/14.3.1/../../../../arm-none-eabi/lib/thumb/v7e-m+fp/hard\libc_nano.a(libc_a-closer.o) (errno)
C:/ST/STM32CubeIDE_2.1.1/STM32CubeIDE/plugins/com.st.stm32cube.ide.mcu.externaltools.gnu-tools-for-stm32.14.3.rel1.win32_1.0.100.202602081740/tools/bin/../lib/gcc/arm-none-eabi/14.3.1/../../../../arm-none-eabi/lib/thumb/v7e-m+fp/hard\libc_nano.a(libc_a-impure.o)
                              C:/ST/STM32CubeIDE_2.1.1/STM32CubeIDE/plugins/com.st.stm32cube.ide.mcu.externaltools.gnu-tools-for-stm32.14.3.rel1.win32_1.0.100.202602081740/tools/bin/../lib/gcc/arm-none-eabi/14.3.1/../../../../arm-none-eabi/lib/thumb/v7e-m+fp/hard\libc_nano.a(libc_a-reent.o) (_impure_ptr)
C:/ST/STM32CubeIDE_2.1.1/STM32CubeIDE/plugins/com.st.stm32cube.ide.mcu.externaltools.gnu-tools-for-stm32.14.3.rel1.win32_1.0.100.202602081740/tools/bin/../lib/gcc/arm-none-eabi/14.3.1/../../../../arm-none-eabi/lib/thumb/v7e-m+fp/hard\libc_nano.a(libc_a-lseekr.o)
[...]
Memory Configuration

Name             Origin             Length             Attributes
CCMRAM           0x10000000         0x00010000         xrw
RAM              0x20000000         0x00030000         xrw
FLASH            0x08000000         0x00200000         xr
*default*        0x00000000         0xffffffff

Linker script and memory map

LOAD C:/ST/STM32CubeIDE_2.1.1/STM32CubeIDE/plugins/com.st.stm32cube.ide.mcu.externaltools.gnu-tools-for-stm32.14.3.rel1.win32_1.0.100.202602081740/tools/bin/../lib/gcc/arm-none-eabi/14.3.1/thumb/v7e-m+fp/hard/crti.o
LOAD C:/ST/STM32CubeIDE_2.1.1/STM32CubeIDE/plugins/com.st.stm32cube.ide.mcu.externaltools.gnu-tools-for-stm32.14.3.rel1.win32_1.0.100.202602081740/tools/bin/../lib/gcc/arm-none-eabi/14.3.1/thumb/v7e-m+fp/hard/crtbegin.o
LOAD C:/ST/STM32CubeIDE_2.1.1/STM32CubeIDE/plugins/com.st.stm32cube.ide.mcu.externaltools.gnu-tools-for-stm32.14.3.rel1.win32_1.0.100.202602081740/tools/bin/../lib/gcc/arm-none-eabi/14.3.1/../../../../arm-none-eabi/lib/thumb/v7e-m+fp/hard/crt0.o
LOAD ./Core/Src/ILI9341_GFX.o
LOAD ./Core/Src/ILI9341_STM32_Driver.o
LOAD ./Core/Src/app_flow.o
LOAD ./Core/Src/battle_demo.o
LOAD ./Core/Src/bleach_vs_naruto_splash.o
LOAD ./Core/Src/chidori_data.o
LOAD ./Core/Src/choose_char.o
LOAD ./Core/Src/choose_ui_assets.o
LOAD ./Core/Src/combat_actor.o
LOAD ./Core/Src/combat_attack_data.o
LOAD ./Core/Src/combat_box.o
LOAD ./Core/Src/combat_input.o
LOAD ./Core/Src/fonts.o
LOAD ./Core/Src/game_ui.o
LOAD ./Core/Src/ichigo_moveset.o
LOAD ./Core/Src/lcd_port.o
LOAD ./Core/Src/main.o
LOAD ./Core/Src/mainmenu.o
LOAD ./Core/Src/naruto_moveset.o
LOAD ./Core/Src/sasuke_moveset.o
LOAD ./Core/Src/sprite_data.o
LOAD ./Core/Src/sprite_render.o
LOAD ./Core/Src/stm32f4xx_hal_msp.o
LOAD ./Core/Src/stm32f4xx_it.o
LOAD ./Core/Src/syscalls.o
LOAD ./Core/Src/sysmem.o
LOAD ./Core/Src/system_stm32f4xx.o
LOAD ./Core/Src/vizard_moveset.o
LOAD ./Core/Startup/startup_stm32f429zitx.o
LOAD ./Drivers/STM32F4xx_HAL_Driver/Src/stm32f4xx_hal.o
LOAD ./Drivers/STM32F4xx_HAL_Driver/Src/stm32f4xx_hal_cortex.o
LOAD ./Drivers/STM32F4xx_HAL_Driver/Src/stm32f4xx_hal_dma.o
LOAD ./Drivers/STM32F4xx_HAL_Driver/Src/stm32f4xx_hal_dma_ex.o
LOAD ./Drivers/STM32F4xx_HAL_Driver/Src/stm32f4xx_hal_exti.o
LOAD ./Drivers/STM32F4xx_HAL_Driver/Src/stm32f4xx_hal_flash.o
LOAD ./Drivers/STM32F4xx_HAL_Driver/Src/stm32f4xx_hal_flash_ex.o
LOAD ./Drivers/STM32F4xx_HAL_Driver/Src/stm32f4xx_hal_flash_ramfunc.o
LOAD ./Drivers/STM32F4xx_HAL_Driver/Src/stm32f4xx_hal_gpio.o
LOAD ./Drivers/STM32F4xx_HAL_Driver/Src/stm32f4xx_hal_pwr.o
LOAD ./Drivers/STM32F4xx_HAL_Driver/Src/stm32f4xx_hal_pwr_ex.o
LOAD ./Drivers/STM32F4xx_HAL_Driver/Src/stm32f4xx_hal_rcc.o
LOAD ./Drivers/STM32F4xx_HAL_Driver/Src/stm32f4xx_hal_rcc_ex.o
START GROUP
LOAD C:/ST/STM32CubeIDE_2.1.1/STM32CubeIDE/plugins/com.st.stm32cube.ide.mcu.externaltools.gnu-tools-for-stm32.14.3.rel1.win32_1.0.100.202602081740/tools/bin/../lib/gcc/arm-none-eabi/14.3.1/../../../../arm-none-eabi/lib/thumb/v7e-m+fp/hard\libc_nano.a
LOAD C:/ST/STM32CubeIDE_2.1.1/STM32CubeIDE/plugins/com.st.stm32cube.ide.mcu.externaltools.gnu-tools-for-stm32.14.3.rel1.win32_1.0.100.202602081740/tools/bin/../lib/gcc/arm-none-eabi/14.3.1/../../../../arm-none-eabi/lib/thumb/v7e-m+fp/hard\libm.a
END GROUP
START GROUP
LOAD C:/ST/STM32CubeIDE_2.1.1/STM32CubeIDE/plugins/com.st.stm32cube.ide.mcu.externaltools.gnu-tools-for-stm32.14.3.rel1.win32_1.0.100.202602081740/tools/bin/../lib/gcc/arm-none-eabi/14.3.1/thumb/v7e-m+fp/hard\libgcc.a
LOAD C:/ST/STM32CubeIDE_2.1.1/STM32CubeIDE/plugins/com.st.stm32cube.ide.mcu.externaltools.gnu-tools-for-stm32.14.3.rel1.win32_1.0.100.202602081740/tools/bin/../lib/gcc/arm-none-eabi/14.3.1/../../../../arm-none-eabi/lib/thumb/v7e-m+fp/hard\libc_nano.a
END GROUP
START GROUP
LOAD C:/ST/STM32CubeIDE_2.1.1/STM32CubeIDE/plugins/com.st.stm32cube.ide.mcu.externaltools.gnu-tools-for-stm32.14.3.rel1.win32_1.0.100.202602081740/tools/bin/../lib/gcc/arm-none-eabi/14.3.1/thumb/v7e-m+fp/hard\libgcc.a
LOAD C:/ST/STM32CubeIDE_2.1.1/STM32CubeIDE/plugins/com.st.stm32cube.ide.mcu.externaltools.gnu-tools-for-stm32.14.3.rel1.win32_1.0.100.202602081740/tools/bin/../lib/gcc/arm-none-eabi/14.3.1/../../../../arm-none-eabi/lib/thumb/v7e-m+fp/hard\libc_nano.a
LOAD C:/ST/STM32CubeIDE_2.1.1/STM32CubeIDE/plugins/com.st.stm32cube.ide.mcu.externaltools.gnu-tools-for-stm32.14.3.rel1.win32_1.0.100.202602081740/tools/bin/../lib/gcc/arm-none-eabi/14.3.1/../../../../arm-none-eabi/lib/thumb/v7e-m+fp/hard\libnosys.a
END GROUP
START GROUP
LOAD C:/ST/STM32CubeIDE_2.1.1/STM32CubeIDE/plugins/com.st.stm32cube.ide.mcu.externaltools.gnu-tools-for-stm32.14.3.rel1.win32_1.0.100.202602081740/tools/bin/../lib/gcc/arm-none-eabi/14.3.1/thumb/v7e-m+fp/hard\libgcc.a
LOAD C:/ST/STM32CubeIDE_2.1.1/STM32CubeIDE/plugins/com.st.stm32cube.ide.mcu.externaltools.gnu-tools-for-stm32.14.3.rel1.win32_1.0.100.202602081740/tools/bin/../lib/gcc/arm-none-eabi/14.3.1/../../../../arm-none-eabi/lib/thumb/v7e-m+fp/hard\libc_nano.a
LOAD C:/ST/STM32CubeIDE_2.1.1/STM32CubeIDE/plugins/com.st.stm32cube.ide.mcu.externaltools.gnu-tools-for-stm32.14.3.rel1.win32_1.0.100.202602081740/tools/bin/../lib/gcc/arm-none-eabi/14.3.1/../../../../arm-none-eabi/lib/thumb/v7e-m+fp/hard\libnosys.a
END GROUP
LOAD C:/ST/STM32CubeIDE_2.1.1/STM32CubeIDE/plugins/com.st.stm32cube.ide.mcu.externaltools.gnu-tools-for-stm32.14.3.rel1.win32_1.0.100.202602081740/tools/bin/../lib/gcc/arm-none-eabi/14.3.1/thumb/v7e-m+fp/hard/crtend.o
LOAD C:/ST/STM32CubeIDE_2.1.1/STM32CubeIDE/plugins/com.st.stm32cube.ide.mcu.externaltools.gnu-tools-for-stm32.14.3.rel1.win32_1.0.100.202602081740/tools/bin/../lib/gcc/arm-none-eabi/14.3.1/thumb/v7e-m+fp/hard/crtn.o
                0x20030000                        _estack = (ORIGIN (RAM) + LENGTH (RAM))
                0x00000200                        _Min_Heap_Size = 0x200
                0x00000400                        _Min_Stack_Size = 0x400

.isr_vector     0x08000000      0x1ac
                0x08000000                        . = ALIGN (0x4)
 *(.isr_vector)
 .isr_vector    0x08000000      0x1ac ./Core/Startup/startup_stm32f429zitx.o
                0x08000000                g_pfnVectors
                0x080001ac                        . = ALIGN (0x4)

.text           0x080001ac     0x531c
                0x080001ac                        . = ALIGN (0x4)
 *(.text)
 .text          0x080001ac       0x40 C:/ST/STM32CubeIDE_2.1.1/STM32CubeIDE/plugins/com.st.stm32cube.ide.mcu.externaltools.gnu-tools-for-stm32.14.3.rel1.win32_1.0.100.202602081740/tools/bin/../lib/gcc/arm-none-eabi/14.3.1/thumb/v7e-m+fp/hard/crtbegin.o
 .text          0x080001ec       0x30 C:/ST/STM32CubeIDE_2.1.1/STM32CubeIDE/plugins/com.st.stm32cube.ide.mcu.externaltools.gnu-tools-for-stm32.14.3.rel1.win32_1.0.100.202602081740/tools/bin/../lib/gcc/arm-none-eabi/14.3.1/thumb/v7e-m+fp/hard\libgcc.a(_aeabi_uldivmod.o)
                0x080001ec                __aeabi_uldivmod
 .text          0x0800021c      0x2f8 C:/ST/STM32CubeIDE_2.1.1/STM32CubeIDE/plugins/com.st.stm32cube.ide.mcu.externaltools.gnu-tools-for-stm32.14.3.rel1.win32_1.0.100.202602081740/tools/bin/../lib/gcc/arm-none-eabi/14.3.1/thumb/v7e-m+fp/hard\libgcc.a(_udivmoddi4.o)
                0x0800021c                __udivmoddi4
 .text          0x08000514        0x4 C:/ST/STM32CubeIDE_2.1.1/STM32CubeIDE/plugins/com.st.stm32cube.ide.mcu.externaltools.gnu-tools-for-stm32.14.3.rel1.win32_1.0.100.202602081740/tools/bin/../lib/gcc/arm-none-eabi/14.3.1/thumb/v7e-m+fp/hard\libgcc.a(_dvmd_tls.o)
                0x08000514                __aeabi_idiv0
                0x08000514                __aeabi_ldiv0
 *(.text*)
 .text.ILI9341_DrawHollowRectangleCoord
                0x08000518      0x102 ./Core/Src/ILI9341_GFX.o
                0x08000518                ILI9341_DrawHollowRectangleCoord
 .text.ILI9341_DrawFilledRectangleCoord
                0x0800061a       0xbc ./Core/Src/ILI9341_GFX.o
                0x0800061a                ILI9341_DrawFilledRectangleCoord
 .text.ILI9341_DrawChar
                0x080006d6       0xf0 ./Core/Src/ILI9341_GFX.o
                0x080006d6                ILI9341_DrawChar
 .text.ILI9341_DrawText
                0x080007c6       0x94 ./Core/Src/ILI9341_GFX.o
                0x080007c6                ILI9341_DrawText
 *fill*         0x0800085a        0x2 
 .text.ILI9341_SPI_Tx
                0x0800085c       0x14 ./Core/Src/ILI9341_STM32_Driver.o
 .text.ILI9341_SPI_TxBuffer
                0x08000870       0x20 ./Core/Src/ILI9341_STM32_Driver.o
 .text.ILI9341_WriteCommand
                0x08000890       0x38 ./Core/Src/ILI9341_STM32_Driver.o
                0x08000890                ILI9341_WriteCommand
 .text.ILI9341_WriteData
                0x080008c8       0x38 ./Core/Src/ILI9341_STM32_Driver.o
                0x080008c8                ILI9341_WriteData
 .text.ILI9341_WriteBuffer
                0x08000900       0x3c ./Core/Src/ILI9341_STM32_Driver.o
                0x08000900                ILI9341_WriteBuffer
 .text.ILI9341_SetAddress
                0x0800093c       0x64 ./Core/Src/ILI9341_STM32_Driver.o
                0x0800093c                ILI9341_SetAddress
 .text.ILI9341_Reset
                0x080009a0       0x48 ./Core/Src/ILI9341_STM32_Driver.o
                0x080009a0                ILI9341_Reset
 .text.ILI9341_Enable
                0x080009e8       0x10 ./Core/Src/ILI9341_STM32_Driver.o
                0x080009e8                ILI9341_Enable
 .text.ILI9341_Init
                0x080009f8      0x218 ./Core/Src/ILI9341_STM32_Driver.o
                0x080009f8                ILI9341_Init
 .text.ILI9341_SetRotation
                0x08000c10       0x58 ./Core/Src/ILI9341_STM32_Driver.o
                0x08000c10                ILI9341_SetRotation
 .text.ILI9341_DrawColorBurst
                0x08000c68       0x88 ./Core/Src/ILI9341_STM32_Driver.o
                0x08000c68                ILI9341_DrawColorBurst
 .text.ILI9341_FillScreen
                0x08000cf0       0x3c ./Core/Src/ILI9341_STM32_Driver.o
                0x08000cf0                ILI9341_FillScreen
 .text.ILI9341_DrawPixel
                0x08000d2c       0x98 ./Core/Src/ILI9341_STM32_Driver.o
                0x08000d2c                ILI9341_DrawPixel
 .text.ILI9341_DrawRGB565Buffer
                0x08000dc4       0xdc ./Core/Src/ILI9341_STM32_Driver.o
                0x08000dc4                ILI9341_DrawRGB565Buffer
 .text.ILI9341_DrawRGB565Bytes
                0x08000ea0       0xe8 ./Core/Src/ILI9341_STM32_Driver.o
                0x08000ea0                ILI9341_DrawRGB565Bytes
 .text.ILI9341_DrawRectangle
                0x08000f88       0x68 ./Core/Src/ILI9341_STM32_Driver.o
                0x08000f88                ILI9341_DrawRectangle
 .text.ILI9341_DrawHLine
                0x08000ff0       0x4c ./Core/Src/ILI9341_STM32_Driver.o
                0x08000ff0                ILI9341_DrawHLine
 .text.ILI9341_DrawVLine
                0x0800103c       0x58 ./Core/Src/ILI9341_STM32_Driver.o
                0x0800103c                ILI9341_DrawVLine
 .text.ILI9341_BusInit
                0x08001094       0xf0 ./Core/Src/ILI9341_STM32_Driver.o
 .text.ILI9341_SPI_WaitReady
                0x08001184       0x34 ./Core/Src/ILI9341_STM32_Driver.o
 .text.AppFlow_Init
                0x080011b8       0x14 ./Core/Src/app_flow.o
                0x080011b8                AppFlow_Init
 .text.AppFlow_Update
                0x080011cc      0x190 ./Core/Src/app_flow.o
                0x080011cc                AppFlow_Update
 .text.AppFlow_ShowSplash
                0x0800135c       0x4c ./Core/Src/app_flow.o
 .text.AppFlow_ShowMainMenu
                0x080013a8       0x34 ./Core/Src/app_flow.o
 .text.AppFlow_ShowDifficulty
                0x080013dc       0x24 ./Core/Src/app_flow.o
 .text.AppFlow_ShowCharacter
                0x08001400       0x28 ./Core/Src/app_flow.o
 .text.AppFlow_StartCombat
                0x08001428       0x30 ./Core/Src/app_flow.o
 .text.AppFlow_WrapAdd
                0x08001458       0x58 ./Core/Src/app_flow.o
 .text.AppFlow_MapChooseCharacter
                0x080014b0       0x50 ./Core/Src/app_flow.o
 .text.BattleDemo_SetCharacters
                0x08001500       0x14 ./Core/Src/battle_demo.o
                0x08001500                BattleDemo_SetCharacters
 .text.BattleDemo_Init
                0x08001514       0xd4 ./Core/Src/battle_demo.o
                0x08001514                BattleDemo_Init
 .text.BattleDemo_Update
                0x080015e8       0xf8 ./Core/Src/battle_demo.o
                0x080015e8                BattleDemo_Update
 .text.Battle_ResolveHit
                0x080016e0       0x60 ./Core/Src/battle_demo.o
 .text.Battle_DrawFrame
                0x08001740       0x14 ./Core/Src/battle_demo.o
 .text.Battle_DrawActorsInitial
                0x08001754       0x28 ./Core/Src/battle_demo.o
 .text.Battle_UpdateActors
                0x0800177c      0x14c ./Core/Src/battle_demo.o
 .text.Battle_AiInit
                0x080018c8       0x2c ./Core/Src/battle_demo.o
 .text.Battle_AiUpdate
                0x080018f4       0xfc ./Core/Src/battle_demo.o
 .text.Battle_AiObserve
                0x080019f0       0x74 ./Core/Src/battle_demo.o
 .text.Battle_AiChooseAction
                0x08001a64       0x90 ./Core/Src/battle_demo.o
 .text.Battle_AiActionToInput
                0x08001af4       0x4c ./Core/Src/battle_demo.o
 .text.Battle_AiRandom
                0x08001b40       0x34 ./Core/Src/battle_demo.o
 .text.Battle_AbsI16
                0x08001b74        0xc ./Core/Src/battle_demo.o
 .text.Battle_UpdateVizardSkill
                0x08001b80       0x90 ./Core/Src/battle_demo.o
 .text.Battle_DrawActor
                0x08001c10       0x18 ./Core/Src/battle_demo.o
 .text.Battle_CaptureActor
                0x08001c28       0x70 ./Core/Src/battle_demo.o
 .text.Battle_TrySpawnGetsuga
                0x08001c98       0xd4 ./Core/Src/battle_demo.o
 .text.Battle_UpdateGetsuga
                0x08001d6c       0x74 ./Core/Src/battle_demo.o
 .text.Battle_ResolveProjectileHit
                0x08001de0       0x9c ./Core/Src/battle_demo.o
 .text.Battle_CaptureGetsuga
                0x08001e7c       0x60 ./Core/Src/battle_demo.o
 .text.Battle_CaptureChidori
                0x08001edc       0xa0 ./Core/Src/battle_demo.o
 .text.Battle_DrawActorSnapshot
                0x08001f7c       0x28 ./Core/Src/battle_demo.o
 .text.Battle_ActorSnapshotEqual
                0x08001fa4       0x38 ./Core/Src/battle_demo.o
 .text.Battle_DirtyRectAddSnapshot
                0x08001fdc       0xd0 ./Core/Src/battle_demo.o
 .text.Battle_DrawSnapshotChange
                0x080020ac       0xac ./Core/Src/battle_demo.o
 .text.Battle_DirtyRectsShouldSplit
                0x08002158       0x98 ./Core/Src/battle_demo.o
 .text.Battle_DrawDirtyRect
                0x080021f0       0xc4 ./Core/Src/battle_demo.o
 .text.Battle_ComposeActorRow
                0x080022b4       0xb8 ./Core/Src/battle_demo.o
 .text.Battle_DrawHud
                0x0800236c       0xdc ./Core/Src/battle_demo.o
 .text.Battle_DrawHealthBar
                0x08002448       0x34 ./Core/Src/battle_demo.o
 .text.Battle_UpdateHealthBar
                0x0800247c       0xdc ./Core/Src/battle_demo.o
 .text.Battle_DrawManaBar
                0x08002558       0x2c ./Core/Src/battle_demo.o
 .text.Battle_DrawMeter
                0x08002584       0xb0 ./Core/Src/battle_demo.o
 .text.Battle_DrawBackground
                0x08002634       0x14 ./Core/Src/battle_demo.o
 .text.Battle_DrawStaticSky
                0x08002648       0x44 ./Core/Src/battle_demo.o
 .text.Battle_DrawGround
                0x0800268c       0x44 ./Core/Src/battle_demo.o
 .text.Battle_DrawArenaMarks
                0x080026d0       0x4c ./Core/Src/battle_demo.o
 .text.Battle_GetBackgroundPixel
                0x0800271c       0xb0 ./Core/Src/battle_demo.o
 .text.Battle_FillSafe
                0x080027cc       0x88 ./Core/Src/battle_demo.o
 .text.CombatActor_Init
                0x08002854       0x3c ./Core/Src/combat_actor.o
                0x08002854                CombatActor_Init
 .text.CombatActor_Update
                0x08002890      0x280 ./Core/Src/combat_actor.o
                0x08002890                CombatActor_Update
 .text.CombatActor_FaceToward
                0x08002b10       0x28 ./Core/Src/combat_actor.o
                0x08002b10                CombatActor_FaceToward
 .text.CombatActor_ApplyHit
                0x08002b38       0xa4 ./Core/Src/combat_actor.o
                0x08002b38                CombatActor_ApplyHit
 .text.CombatActor_BeginAttack
                0x08002bdc       0x20 ./Core/Src/combat_actor.o
 .text.CombatActor_ApplyPhysics
                0x08002bfc       0x4c ./Core/Src/combat_actor.o
 .text.CombatActor_StartJump
                0x08002c48       0x1c ./Core/Src/combat_actor.o
 .text.CombatActor_StartDash
                0x08002c64       0x34 ./Core/Src/combat_actor.o
 .text.CombatActor_GetHurtboxWorld
                0x08002c98       0x40 ./Core/Src/combat_actor.o
                0x08002c98                CombatActor_GetHurtboxWorld
 .text.CombatActor_GetHitboxWorld
                0x08002cd8       0x64 ./Core/Src/combat_actor.o
                0x08002cd8                CombatActor_GetHitboxWorld
 .text.CombatActor_IsBlockingFront
                0x08002d3c       0x38 ./Core/Src/combat_actor.o
                0x08002d3c                CombatActor_IsBlockingFront
 .text.CombatActor_GetFrame
                0x08002d74       0xa4 ./Core/Src/combat_actor.o
                0x08002d74                CombatActor_GetFrame
 .text.CombatActor_IsActionLocked
                0x08002e18       0x20 ./Core/Src/combat_actor.o
                0x08002e18                CombatActor_IsActionLocked
 .text.CombatActor_SetState
                0x08002e38       0x34 ./Core/Src/combat_actor.o
 .text.CombatActor_GetFrameCount
                0x08002e6c       0x8c ./Core/Src/combat_actor.o
 .text.CombatActor_GetLoop
                0x08002ef8       0x8c ./Core/Src/combat_actor.o
 .text.CombatActor_GetFrameDuration
                0x08002f84       0x40 ./Core/Src/combat_actor.o
 .text.CombatActor_IsTerminalState
                0x08002fc4        0xc ./Core/Src/combat_actor.o
 .text.CombatActor_StateFinished
                0x08002fd0       0x3c ./Core/Src/combat_actor.o
 .text.CombatActor_MapNaruto
                0x0800300c       0x48 ./Core/Src/combat_actor.o
 .text.CombatActor_MapSasuke
                0x08003054       0x48 ./Core/Src/combat_actor.o
 .text.CombatActor_MapIchigo
                0x0800309c       0x48 ./Core/Src/combat_actor.o
 .text.CombatActor_MapVizard
                0x080030e4       0x38 ./Core/Src/combat_actor.o
 .text.CombatAttackData_GetHurtboxProfile
                0x0800311c       0x1c ./Core/Src/combat_attack_data.o
                0x0800311c                CombatAttackData_GetHurtboxProfile
 .text.CombatAttackData_GetHurtbox
                0x08003138       0xd8 ./Core/Src/combat_attack_data.o
                0x08003138                CombatAttackData_GetHurtbox
 .text.CombatAttackData_GetHitbox
                0x08003210       0xe0 ./Core/Src/combat_attack_data.o
                0x08003210                CombatAttackData_GetHitbox
 .text.CombatBox_ToWorld
                0x080032f0       0x7c ./Core/Src/combat_box.o
                0x080032f0                CombatBox_ToWorld
 .text.CombatBox_Overlap
                0x0800336c       0xb0 ./Core/Src/combat_box.o
                0x0800336c                CombatBox_Overlap
 .text.CombatBox_ClampI16
                0x0800341c       0x46 ./Core/Src/combat_box.o
                0x0800341c                CombatBox_ClampI16
 *fill*         0x08003462        0x2 
 .text.CombatInput_Init
                0x08003464      0x108 ./Core/Src/combat_input.o
                0x08003464                CombatInput_Init
 .text.CombatInput_Read
                0x0800356c      0x100 ./Core/Src/combat_input.o
                0x0800356c                CombatInput_Read
 .text.CombatInput_ReadAdc
                0x0800366c       0x70 ./Core/Src/combat_input.o
 .text.CombatInput_ReadAxis
                0x080036dc       0x40 ./Core/Src/combat_input.o
 .text.CombatInput_InitButtonGpio
                0x0800371c       0x4c ./Core/Src/combat_input.o
 .text.CombatInput_ReadButtonsRaw
                0x08003768       0x70 ./Core/Src/combat_input.o
 .text.CombatInput_IsButtonPressed
                0x080037d8       0x36 ./Core/Src/combat_input.o
 *fill*         0x0800380e        0x2 
 .text.GameUI_DrawSplash
                0x08003810       0x24 ./Core/Src/game_ui.o
                0x08003810                GameUI_DrawSplash
 .text.GameUI_DrawMainMenuBackground
                0x08003834       0x24 ./Core/Src/game_ui.o
                0x08003834                GameUI_DrawMainMenuBackground
 .text.GameUI_DrawMainMenuSelection
                0x08003858      0x148 ./Core/Src/game_ui.o
                0x08003858                GameUI_DrawMainMenuSelection
 .text.GameUI_DrawDifficultySelect
                0x080039a0      0x108 ./Core/Src/game_ui.o
                0x080039a0                GameUI_DrawDifficultySelect
 .text.GameUI_DrawCharacterSelect
                0x08003aa8       0xbc ./Core/Src/game_ui.o
                0x08003aa8                GameUI_DrawCharacterSelect
 .text.GameUI_UpdateCharacterSelect
                0x08003b64       0xac ./Core/Src/game_ui.o
                0x08003b64                GameUI_UpdateCharacterSelect
 .text.GameUI_DrawMenuButton
                0x08003c10       0xd8 ./Core/Src/game_ui.o
 .text.GameUI_GetDifficultyMenuLabel
                0x08003ce8       0x50 ./Core/Src/game_ui.o
 .text.GameUI_GetCharacterMenuLabel
                0x08003d38       0x84 ./Core/Src/game_ui.o
 .text.GameUI_DrawDifficultyOption
                0x08003dbc       0xc8 ./Core/Src/game_ui.o
 .text.GameUI_DrawChooseBackgroundRect
                0x08003e84       0x80 ./Core/Src/game_ui.o
 .text.GameUI_DrawCharacterGrid
                0x08003f04       0x2a ./Core/Src/game_ui.o
 *fill*         0x08003f2e        0x2 
 .text.GameUI_DrawCharacterAvatar
                0x08003f30       0x5c ./Core/Src/game_ui.o
 .text.GameUI_DrawCharacterCursor
                0x08003f8c       0x84 ./Core/Src/game_ui.o
 .text.GameUI_DrawCharacterBanners
                0x08004010       0xd8 ./Core/Src/game_ui.o
 .text.GameUI_GetCharacterAvatarX
                0x080040e8       0x40 ./Core/Src/game_ui.o
 .text.GameUI_GetCharacterAvatarY
                0x08004128       0x58 ./Core/Src/game_ui.o
 .text.LCD_Port_Init
                0x08004180       0x18 ./Core/Src/lcd_port.o
                0x08004180                LCD_Port_Init
 .text.LCD_Port_DrawPixels
                0x08004198       0x34 ./Core/Src/lcd_port.o
                0x08004198                LCD_Port_DrawPixels
 .text.LCD_Port_DrawRGB565Bytes
                0x080041cc       0x38 ./Core/Src/lcd_port.o
                0x080041cc                LCD_Port_DrawRGB565Bytes
 .text.LCD_Port_FillRect
                0x08004204       0x40 ./Core/Src/lcd_port.o
                0x08004204                LCD_Port_FillRect
 .text.LCD_Port_Flush
                0x08004244        0x4 ./Core/Src/lcd_port.o
                0x08004244                LCD_Port_Flush
 .text.main     0x08004248       0x16 ./Core/Src/main.o
                0x08004248                main
 *fill*         0x0800425e        0x2 
 .text.SystemClock_Config
                0x08004260       0xc0 ./Core/Src/main.o
                0x08004260                SystemClock_Config
 .text.Error_Handler
                0x08004320        0xc ./Core/Src/main.o
                0x08004320                Error_Handler
 .text.SpriteRender_FlushRun
                0x0800432c       0x34 ./Core/Src/sprite_render.o
 .text.SpriteRender_Draw
                0x08004360      0x108 ./Core/Src/sprite_render.o
                0x08004360                SpriteRender_Draw
 .text.HAL_MspInit
                0x08004468       0x50 ./Core/Src/stm32f4xx_hal_msp.o
                0x08004468                HAL_MspInit
 .text.NMI_Handler
                0x080044b8        0x8 ./Core/Src/stm32f4xx_it.o
                0x080044b8                NMI_Handler
 .text.HardFault_Handler
                0x080044c0        0x8 ./Core/Src/stm32f4xx_it.o
                0x080044c0                HardFault_Handler
 .text.MemManage_Handler
                0x080044c8        0x8 ./Core/Src/stm32f4xx_it.o
                0x080044c8                MemManage_Handler
 .text.BusFault_Handler
                0x080044d0        0x8 ./Core/Src/stm32f4xx_it.o
                0x080044d0                BusFault_Handler
 .text.UsageFault_Handler
                0x080044d8        0x8 ./Core/Src/stm32f4xx_it.o
                0x080044d8                UsageFault_Handler
 .text.SVC_Handler
                0x080044e0        0xe ./Core/Src/stm32f4xx_it.o
                0x080044e0                SVC_Handler
 .text.DebugMon_Handler
                0x080044ee        0xe ./Core/Src/stm32f4xx_it.o
                0x080044ee                DebugMon_Handler
 .text.PendSV_Handler
                0x080044fc        0xe ./Core/Src/stm32f4xx_it.o
                0x080044fc                PendSV_Handler
 .text.SysTick_Handler
                0x0800450a        0xc ./Core/Src/stm32f4xx_it.o
                0x0800450a                SysTick_Handler
 *fill*         0x08004516        0x2 
 .text.SystemInit
                0x08004518       0x24 ./Core/Src/system_stm32f4xx.o
                0x08004518                SystemInit
 .text.Reset_Handler
                0x0800453c       0x50 ./Core/Startup/startup_stm32f429zitx.o
                0x0800453c                Reset_Handler
 .text.Default_Handler
                0x0800458c        0x2 ./Core/Startup/startup_stm32f429zitx.o
                0x0800458c                RTC_Alarm_IRQHandler
                0x0800458c                HASH_RNG_IRQHandler
                0x0800458c                EXTI2_IRQHandler
                0x0800458c                TIM8_CC_IRQHandler
                0x0800458c                UART8_IRQHandler
                0x0800458c                SPI4_IRQHandler
                0x0800458c                TIM1_CC_IRQHandler
                0x0800458c                DMA2_Stream5_IRQHandler
                0x0800458c                DMA1_Stream5_IRQHandler
                0x0800458c                PVD_IRQHandler
                0x0800458c                SDIO_IRQHandler
                0x0800458c                TAMP_STAMP_IRQHandler
                0x0800458c                CAN2_RX1_IRQHandler
                0x0800458c                EXTI3_IRQHandler
                0x0800458c                TIM8_TRG_COM_TIM14_IRQHandler
                0x0800458c                TIM1_UP_TIM10_IRQHandler
                0x0800458c                TIM8_UP_TIM13_IRQHandler
                0x0800458c                I2C3_ER_IRQHandler
                0x0800458c                EXTI0_IRQHandler
                0x0800458c                I2C2_EV_IRQHandler
                0x0800458c                DMA1_Stream2_IRQHandler
                0x0800458c                CAN1_RX0_IRQHandler
                0x0800458c                FPU_IRQHandler
                0x0800458c                OTG_HS_WKUP_IRQHandler
                0x0800458c                LTDC_ER_IRQHandler
                0x0800458c                CAN2_SCE_IRQHandler
                0x0800458c                DMA2_Stream2_IRQHandler
                0x0800458c                SPI1_IRQHandler
                0x0800458c                TIM6_DAC_IRQHandler
                0x0800458c                TIM1_BRK_TIM9_IRQHandler
                0x0800458c                DCMI_IRQHandler
                0x0800458c                CAN2_RX0_IRQHandler
                0x0800458c                DMA2_Stream3_IRQHandler
                0x0800458c                USART6_IRQHandler
                0x0800458c                USART3_IRQHandler
                0x0800458c                CAN1_RX1_IRQHandler
                0x0800458c                UART5_IRQHandler
                0x0800458c                DMA2_Stream0_IRQHandler
                0x0800458c                TIM4_IRQHandler
                0x0800458c                I2C1_EV_IRQHandler
                0x0800458c                DMA1_Stream6_IRQHandler
                0x0800458c                DMA1_Stream1_IRQHandler
                0x0800458c                UART4_IRQHandler
                0x0800458c                TIM3_IRQHandler
                0x0800458c                RCC_IRQHandler
                0x0800458c                TIM8_BRK_TIM12_IRQHandler
                0x0800458c                Default_Handler
                0x0800458c                EXTI15_10_IRQHandler
                0x0800458c                ADC_IRQHandler
                0x0800458c                DMA1_Stream7_IRQHandler
                0x0800458c                SPI5_IRQHandler
                0x0800458c                TIM7_IRQHandler
                0x0800458c                CAN2_TX_IRQHandler
                0x0800458c                TIM5_IRQHandler
                0x0800458c                DMA2_Stream7_IRQHandler
                0x0800458c                I2C3_EV_IRQHandler
                0x0800458c                EXTI9_5_IRQHandler
                0x0800458c                RTC_WKUP_IRQHandler
                0x0800458c                LTDC_IRQHandler
                0x0800458c                ETH_WKUP_IRQHandler
                0x0800458c                SPI2_IRQHandler
                0x0800458c                OTG_HS_EP1_IN_IRQHandler
                0x0800458c                DMA1_Stream0_IRQHandler
                0x0800458c                CAN1_TX_IRQHandler
                0x0800458c                EXTI4_IRQHandler
                0x0800458c                ETH_IRQHandler
                0x0800458c                OTG_HS_EP1_OUT_IRQHandler
                0x0800458c                WWDG_IRQHandler
                0x0800458c                SPI6_IRQHandler
                0x0800458c                TIM2_IRQHandler
                0x0800458c                OTG_FS_WKUP_IRQHandler
                0x0800458c                TIM1_TRG_COM_TIM11_IRQHandler
                0x0800458c                OTG_HS_IRQHandler
                0x0800458c                DMA2D_IRQHandler
                0x0800458c                EXTI1_IRQHandler
                0x0800458c                UART7_IRQHandler
                0x0800458c                USART2_IRQHandler
                0x0800458c                I2C2_ER_IRQHandler
                0x0800458c                DMA2_Stream1_IRQHandler
                0x0800458c                CAN1_SCE_IRQHandler
                0x0800458c                FLASH_IRQHandler
                0x0800458c                DMA2_Stream4_IRQHandler
                0x0800458c                USART1_IRQHandler
                0x0800458c                OTG_FS_IRQHandler
                0x0800458c                SPI3_IRQHandler
                0x0800458c                DMA1_Stream4_IRQHandler
                0x0800458c                I2C1_ER_IRQHandler
                0x0800458c                FMC_IRQHandler
                0x0800458c                DMA2_Stream6_IRQHandler
                0x0800458c                SAI1_IRQHandler
                0x0800458c                DMA1_Stream3_IRQHandler
 *fill*         0x0800458e        0x2 
 .text.HAL_Init
                0x08004590       0x44 ./Drivers/STM32F4xx_HAL_Driver/Src/stm32f4xx_hal.o
                0x08004590                HAL_Init
 .text.HAL_InitTick
                0x080045d4       0x60 ./Drivers/STM32F4xx_HAL_Driver/Src/stm32f4xx_hal.o
                0x080045d4                HAL_InitTick
 .text.HAL_IncTick
                0x08004634       0x28 ./Drivers/STM32F4xx_HAL_Driver/Src/stm32f4xx_hal.o
                0x08004634                HAL_IncTick
 .text.HAL_GetTick
                0x0800465c       0x18 ./Drivers/STM32F4xx_HAL_Driver/Src/stm32f4xx_hal.o
                0x0800465c                HAL_GetTick
 .text.HAL_Delay
                0x08004674       0x48 ./Drivers/STM32F4xx_HAL_Driver/Src/stm32f4xx_hal.o
                0x08004674                HAL_Delay
 .text.__NVIC_SetPriorityGrouping
                0x080046bc       0x48 ./Drivers/STM32F4xx_HAL_Driver/Src/stm32f4xx_hal_cortex.o
 .text.__NVIC_GetPriorityGrouping
                0x08004704       0x1c ./Drivers/STM32F4xx_HAL_Driver/Src/stm32f4xx_hal_cortex.o
 .text.__NVIC_SetPriority
                0x08004720       0x54 ./Drivers/STM32F4xx_HAL_Driver/Src/stm32f4xx_hal_cortex.o
 .text.NVIC_EncodePriority
                0x08004774       0x66 ./Drivers/STM32F4xx_HAL_Driver/Src/stm32f4xx_hal_cortex.o
 *fill*         0x080047da        0x2 
 .text.SysTick_Config
                0x080047dc       0x44 ./Drivers/STM32F4xx_HAL_Driver/Src/stm32f4xx_hal_cortex.o
 .text.HAL_NVIC_SetPriorityGrouping
                0x08004820       0x16 ./Drivers/STM32F4xx_HAL_Driver/Src/stm32f4xx_hal_cortex.o
                0x08004820                HAL_NVIC_SetPriorityGrouping
 .text.HAL_NVIC_SetPriority
                0x08004836       0x38 ./Drivers/STM32F4xx_HAL_Driver/Src/stm32f4xx_hal_cortex.o
                0x08004836                HAL_NVIC_SetPriority
 .text.HAL_SYSTICK_Config
                0x0800486e       0x18 ./Drivers/STM32F4xx_HAL_Driver/Src/stm32f4xx_hal_cortex.o
                0x0800486e                HAL_SYSTICK_Config
 *fill*         0x08004886        0x2 
 .text.HAL_GPIO_Init
                0x08004888      0x358 ./Drivers/STM32F4xx_HAL_Driver/Src/stm32f4xx_hal_gpio.o
                0x08004888                HAL_GPIO_Init
 .text.HAL_GPIO_WritePin
                0x08004be0       0x32 ./Drivers/STM32F4xx_HAL_Driver/Src/stm32f4xx_hal_gpio.o
                0x08004be0                HAL_GPIO_WritePin
 *fill*         0x08004c12        0x2 
 .text.HAL_RCC_OscConfig
                0x08004c14      0x4f0 ./Drivers/STM32F4xx_HAL_Driver/Src/stm32f4xx_hal_rcc.o
                0x08004c14                HAL_RCC_OscConfig
 .text.HAL_RCC_ClockConfig
                0x08005104      0x1cc ./Drivers/STM32F4xx_HAL_Driver/Src/stm32f4xx_hal_rcc.o
                0x08005104                HAL_RCC_ClockConfig
 .text.HAL_RCC_GetSysClockFreq
                0x080052d0      0x188 ./Drivers/STM32F4xx_HAL_Driver/Src/stm32f4xx_hal_rcc.o
                0x080052d0                HAL_RCC_GetSysClockFreq
 .text.memset   0x08005458       0x10 C:/ST/STM32CubeIDE_2.1.1/STM32CubeIDE/plugins/com.st.stm32cube.ide.mcu.externaltools.gnu-tools-for-stm32.14.3.rel1.win32_1.0.100.202602081740/tools/bin/../lib/gcc/arm-none-eabi/14.3.1/../../../../arm-none-eabi/lib/thumb/v7e-m+fp/hard\libc_nano.a(libc_a-memset.o)
                0x08005458                memset
 .text.__libc_init_array
                0x08005468       0x48 C:/ST/STM32CubeIDE_2.1.1/STM32CubeIDE/plugins/com.st.stm32cube.ide.mcu.externaltools.gnu-tools-for-stm32.14.3.rel1.win32_1.0.100.202602081740/tools/bin/../lib/gcc/arm-none-eabi/14.3.1/../../../../arm-none-eabi/lib/thumb/v7e-m+fp/hard\libc_nano.a(libc_a-init.o)
                0x08005468                __libc_init_array
 *(.glue_7)
 .glue_7        0x080054b0        0x0 linker stubs
 *(.glue_7t)
 .glue_7t       0x080054b0        0x0 linker stubs
 *(.eh_frame)
 .eh_frame      0x080054b0        0x0 C:/ST/STM32CubeIDE_2.1.1/STM32CubeIDE/plugins/com.st.stm32cube.ide.mcu.externaltools.gnu-tools-for-stm32.14.3.rel1.win32_1.0.100.202602081740/tools/bin/../lib/gcc/arm-none-eabi/14.3.1/thumb/v7e-m+fp/hard/crtbegin.o
 *(.init)
 .init          0x080054b0        0x4 C:/ST/STM32CubeIDE_2.1.1/STM32CubeIDE/plugins/com.st.stm32cube.ide.mcu.externaltools.gnu-tools-for-stm32.14.3.rel1.win32_1.0.100.202602081740/tools/bin/../lib/gcc/arm-none-eabi/14.3.1/thumb/v7e-m+fp/hard/crti.o
                0x080054b0                _init
 .init          0x080054b4        0x8 C:/ST/STM32CubeIDE_2.1.1/STM32CubeIDE/plugins/com.st.stm32cube.ide.mcu.externaltools.gnu-tools-for-stm32.14.3.rel1.win32_1.0.100.202602081740/tools/bin/../lib/gcc/arm-none-eabi/14.3.1/thumb/v7e-m+fp/hard/crtn.o
 *(.fini)
 .fini          0x080054bc        0x4 C:/ST/STM32CubeIDE_2.1.1/STM32CubeIDE/plugins/com.st.stm32cube.ide.mcu.externaltools.gnu-tools-for-stm32.14.3.rel1.win32_1.0.100.202602081740/tools/bin/../lib/gcc/arm-none-eabi/14.3.1/thumb/v7e-m+fp/hard/crti.o
                0x080054bc                _fini
 .fini          0x080054c0        0x8 C:/ST/STM32CubeIDE_2.1.1/STM32CubeIDE/plugins/com.st.stm32cube.ide.mcu.externaltools.gnu-tools-for-stm32.14.3.rel1.win32_1.0.100.202602081740/tools/bin/../lib/gcc/arm-none-eabi/14.3.1/thumb/v7e-m+fp/hard/crtn.o
                0x080054c8                        . = ALIGN (0x4)
                0x080054c8                        _etext = .

.vfp11_veneer   0x080054c8        0x0
 .vfp11_veneer  0x080054c8        0x0 linker stubs

.v4_bx          0x080054c8        0x0
 .v4_bx         0x080054c8        0x0 linker stubs

.iplt           0x080054c8        0x0
 .iplt          0x080054c8        0x0 C:/ST/STM32CubeIDE_2.1.1/STM32CubeIDE/plugins/com.st.stm32cube.ide.mcu.externaltools.gnu-tools-for-stm32.14.3.rel1.win32_1.0.100.202602081740/tools/bin/../lib/gcc/arm-none-eabi/14.3.1/thumb/v7e-m+fp/hard/crtbegin.o

.rodata         0x080054c8   0x1a4f2c
                0x080054c8                        . = ALIGN (0x4)
 *(.rodata)
 .rodata        0x080054c8        0xd ./Core/Src/app_flow.o
 *fill*         0x080054d5        0x3 
 .rodata        0x080054d8      0x1a0 ./Core/Src/game_ui.o
 *(.rodata*)
 .rodata.s_getsugaHitbox
                0x08005678       0x16 ./Core/Src/battle_demo.o
 *fill*         0x0800568e        0x2 
 .rodata.s_vizardProjectileHitbox
                0x08005690       0x16 ./Core/Src/battle_demo.o
 *fill*         0x080056a6        0x2 
 .rodata.Battle_DrawHud.str1.4
                0x080056a8       0x13 ./Core/Src/battle_demo.o
 *fill*         0x080056bb        0x1 
 .rodata.bleach_vs_naruto_splash_map
                0x080056bc    0x25800 ./Core/Src/bleach_vs_naruto_splash.o
                0x080056bc                bleach_vs_naruto_splash_map
 .rodata.chidori_1_0_pixels
                0x0802aebc      0x948 ./Core/Src/chidori_data.o
 .rodata.chidori_1_1_pixels
                0x0802b804      0xcb0 ./Core/Src/chidori_data.o
 .rodata.chidori_1_2_pixels
                0x0802c4b4      0xd00 ./Core/Src/chidori_data.o
 .rodata.chidori_1_3_pixels
                0x0802d1b4      0xc30 ./Core/Src/chidori_data.o
 .rodata.chidori_1_frames
                0x0802dde4       0x20 ./Core/Src/chidori_data.o
                0x0802dde4                chidori_1_frames
 .rodata.chidori_2_0_pixels
                0x0802de04     0x1158 ./Core/Src/chidori_data.o
 .rodata.chidori_2_1_pixels
                0x0802ef5c     0x1098 ./Core/Src/chidori_data.o
 .rodata.chidori_2_2_pixels
                0x0802fff4     0x11a0 ./Core/Src/chidori_data.o
 .rodata.chidori_2_frames
                0x08031194       0x18 ./Core/Src/chidori_data.o
                0x08031194                chidori_2_frames
 .rodata.chidori_3_0_pixels
                0x080311ac     0x3200 ./Core/Src/chidori_data.o
 .rodata.chidori_3_1_pixels
                0x080343ac     0x1f00 ./Core/Src/chidori_data.o
 .rodata.chidori_3_2_pixels
                0x080362ac     0x1500 ./Core/Src/chidori_data.o
 .rodata.chidori_3_frames
                0x080377ac       0x18 ./Core/Src/chidori_data.o
                0x080377ac                chidori_3_frames
 .rodata.chidori_4_0_pixels
                0x080377c4      0x1e0 ./Core/Src/chidori_data.o
 .rodata.chidori_4_1_pixels
                0x080379a4       0x80 ./Core/Src/chidori_data.o
 .rodata.chidori_4_frames
                0x08037a24       0x10 ./Core/Src/chidori_data.o
                0x08037a24                chidori_4_frames
 .rodata.choose_char_map
                0x08037a34    0x25800 ./Core/Src/choose_char.o
                0x08037a34                choose_char_map
 .rodata.choose_avatar_naruto_map
                0x0805d234      0xc80 ./Core/Src/choose_ui_assets.o
                0x0805d234                choose_avatar_naruto_map
 .rodata.choose_banner_naruto_map
                0x0805deb4     0x3a98 ./Core/Src/choose_ui_assets.o
                0x0805deb4                choose_banner_naruto_map
 .rodata.choose_avatar_nine_tail_map
                0x0806194c      0xc80 ./Core/Src/choose_ui_assets.o
                0x0806194c                choose_avatar_nine_tail_map
 .rodata.choose_banner_nine_tail_map
                0x080625cc     0x3a98 ./Core/Src/choose_ui_assets.o
                0x080625cc                choose_banner_nine_tail_map
 .rodata.choose_avatar_sasuke_map
                0x08066064      0xc80 ./Core/Src/choose_ui_assets.o
                0x08066064                choose_avatar_sasuke_map
 .rodata.choose_banner_sasuke_map
                0x08066ce4     0x3a98 ./Core/Src/choose_ui_assets.o
                0x08066ce4                choose_banner_sasuke_map
 .rodata.choose_avatar_ichigo_map
                0x0806a77c      0xc80 ./Core/Src/choose_ui_assets.o
                0x0806a77c                choose_avatar_ichigo_map
 .rodata.choose_banner_ichigo_map
                0x0806b3fc     0x3a98 ./Core/Src/choose_ui_assets.o
                0x0806b3fc                choose_banner_ichigo_map
 .rodata.choose_avatar_hollow_map
                0x0806ee94      0xc80 ./Core/Src/choose_ui_assets.o
                0x0806ee94                choose_avatar_hollow_map
 .rodata.choose_banner_hollow_map
                0x0806fb14     0x3a98 ./Core/Src/choose_ui_assets.o
                0x0806fb14                choose_banner_hollow_map
 .rodata.choose_avatar_gin_map
                0x080735ac      0xc80 ./Core/Src/choose_ui_assets.o
                0x080735ac                choose_avatar_gin_map
 .rodata.choose_banner_gin_map
                0x0807422c     0x3a98 ./Core/Src/choose_ui_assets.o
                0x0807422c                choose_banner_gin_map
 .rodata.choose_avatar_maps
                0x08077cc4       0x18 ./Core/Src/choose_ui_assets.o
                0x08077cc4                choose_avatar_maps
 .rodata.choose_banner_maps
                0x08077cdc       0x18 ./Core/Src/choose_ui_assets.o
                0x08077cdc                choose_banner_maps
 .rodata.s_basicHurtbox
                0x08077cf4       0x40 ./Core/Src/combat_attack_data.o
 .rodata.s_basicAttack
                0x08077d34       0x16 ./Core/Src/combat_attack_data.o
 *fill*         0x08077d4a        0x2 
 .rodata.s_basicAttack2
                0x08077d4c       0x16 ./Core/Src/combat_attack_data.o
 *fill*         0x08077d62        0x2 
 .rodata.s_basicAttack3
                0x08077d64       0x16 ./Core/Src/combat_attack_data.o
 *fill*         0x08077d7a        0x2 
 .rodata.s_sasukeAttack
                0x08077d7c       0x16 ./Core/Src/combat_attack_data.o
 *fill*         0x08077d92        0x2 
 .rodata.s_sasukeAttack2
                0x08077d94       0x16 ./Core/Src/combat_attack_data.o
 *fill*         0x08077daa        0x2 
 .rodata.s_sasukeAttack3
                0x08077dac       0x16 ./Core/Src/combat_attack_data.o
 *fill*         0x08077dc2        0x2 
 .rodata.s_sasukeChidori
                0x08077dc4       0x16 ./Core/Src/combat_attack_data.o
 *fill*         0x08077dda        0x2 
 .rodata.s_narutoSkill
                0x08077ddc       0x16 ./Core/Src/combat_attack_data.o
 *fill*         0x08077df2        0x2 
 .rodata.Arial_Narrow8x12
                0x08077df4      0x664 ./Core/Src/fonts.o
                0x08077df4                Arial_Narrow8x12
 .rodata.Arial_Narrow10x13
                0x08078458      0x7e4 ./Core/Src/fonts.o
                0x08078458                Arial_Narrow10x13
 .rodata.Arial_Narrow12x16
                0x08078c3c      0x964 ./Core/Src/fonts.o
                0x08078c3c                Arial_Narrow12x16
 .rodata.Arial_Narrow15x19
                0x080795a0     0x1144 ./Core/Src/fonts.o
                0x080795a0                Arial_Narrow15x19
 .rodata.ichigo_move_idle_0_pixels
                0x0807a6e4     0x17e8 ./Core/Src/ichigo_moveset.o
 .rodata.ichigo_move_idle_1_pixels
                0x0807becc     0x175c ./Core/Src/ichigo_moveset.o
 .rodata.ichigo_move_idle_2_pixels
                0x0807d628     0x18f8 ./Core/Src/ichigo_moveset.o
 .rodata.ichigo_move_idle_3_pixels
                0x0807ef20     0x18cc ./Core/Src/ichigo_moveset.o
 .rodata.ichigo_move_idle_frames
                0x080807ec       0x40 ./Core/Src/ichigo_moveset.o
 .rodata.ichigo_move_run_0_pixels
                0x0808082c     0x1ad0 ./Core/Src/ichigo_moveset.o
 .rodata.ichigo_move_run_1_pixels
                0x080822fc     0x1944 ./Core/Src/ichigo_moveset.o
 .rodata.ichigo_move_run_2_pixels
                0x08083c40     0x1a20 ./Core/Src/ichigo_moveset.o
 .rodata.ichigo_move_run_3_pixels
                0x08085660     0x1a20 ./Core/Src/ichigo_moveset.o
 .rodata.ichigo_move_run_4_pixels
                0x08087080     0x1a20 ./Core/Src/ichigo_moveset.o
 .rodata.ichigo_move_run_frames
                0x08088aa0       0x50 ./Core/Src/ichigo_moveset.o
 .rodata.ichigo_move_dash_0_pixels
                0x08088af0     0x1300 ./Core/Src/ichigo_moveset.o
 .rodata.ichigo_move_dash_1_pixels
                0x08089df0     0x1830 ./Core/Src/ichigo_moveset.o
 .rodata.ichigo_move_dash_frames
                0x0808b620       0x20 ./Core/Src/ichigo_moveset.o
 .rodata.ichigo_move_attack_light_0_pixels
                0x0808b640     0x13ec ./Core/Src/ichigo_moveset.o
 .rodata.ichigo_move_attack_light_1_pixels
                0x0808ca2c     0x1220 ./Core/Src/ichigo_moveset.o
 .rodata.ichigo_move_attack_light_2_pixels
                0x0808dc4c     0x18dc ./Core/Src/ichigo_moveset.o
 .rodata.ichigo_move_attack_light_3_pixels
                0x0808f528     0x1360 ./Core/Src/ichigo_moveset.o
 .rodata.ichigo_move_attack_light_frames
                0x08090888       0x40 ./Core/Src/ichigo_moveset.o
 .rodata.ichigo_move_attack2_0_pixels
                0x080908c8     0x13d2 ./Core/Src/ichigo_moveset.o
 *fill*         0x08091c9a        0x2 
 .rodata.ichigo_move_attack2_1_pixels
                0x08091c9c     0x1290 ./Core/Src/ichigo_moveset.o
 .rodata.ichigo_move_attack2_2_pixels
                0x08092f2c     0x2640 ./Core/Src/ichigo_moveset.o
 .rodata.ichigo_move_attack2_3_pixels
                0x0809556c     0x1c20 ./Core/Src/ichigo_moveset.o
 .rodata.ichigo_move_attack2_frames
                0x0809718c       0x40 ./Core/Src/ichigo_moveset.o
 .rodata.ichigo_move_attack3_0_pixels
                0x080971cc     0x1520 ./Core/Src/ichigo_moveset.o
 .rodata.ichigo_move_attack3_1_pixels
                0x080986ec     0x151e ./Core/Src/ichigo_moveset.o
 *fill*         0x08099c0a        0x2 
 .rodata.ichigo_move_attack3_2_pixels
                0x08099c0c     0x1b80 ./Core/Src/ichigo_moveset.o
 .rodata.ichigo_move_attack3_3_pixels
                0x0809b78c     0x1554 ./Core/Src/ichigo_moveset.o
 .rodata.ichigo_move_attack3_frames
                0x0809cce0       0x40 ./Core/Src/ichigo_moveset.o
 .rodata.ichigo_move_block_0_pixels
                0x0809cd20     0x13b0 ./Core/Src/ichigo_moveset.o
 .rodata.ichigo_move_block_frames
                0x0809e0d0       0x10 ./Core/Src/ichigo_moveset.o
 .rodata.ichigo_move_skill_0_pixels
                0x0809e0e0     0x1226 ./Core/Src/ichigo_moveset.o
 *fill*         0x0809f306        0x2 
 .rodata.ichigo_move_skill_1_pixels
                0x0809f308     0x1226 ./Core/Src/ichigo_moveset.o
 *fill*         0x080a052e        0x2 
 .rodata.ichigo_move_skill_2_pixels
                0x080a0530     0x1226 ./Core/Src/ichigo_moveset.o
 *fill*         0x080a1756        0x2 
 .rodata.ichigo_move_skill_3_pixels
                0x080a1758     0x1b00 ./Core/Src/ichigo_moveset.o
 .rodata.ichigo_move_skill_4_pixels
                0x080a3258     0x25b8 ./Core/Src/ichigo_moveset.o
 .rodata.ichigo_move_skill_5_pixels
                0x080a5810     0x19b4 ./Core/Src/ichigo_moveset.o
 .rodata.ichigo_move_skill_6_pixels
                0x080a71c4     0x1980 ./Core/Src/ichigo_moveset.o
 .rodata.ichigo_move_skill_7_pixels
                0x080a8b44     0x1680 ./Core/Src/ichigo_moveset.o
 .rodata.ichigo_move_skill_8_pixels
                0x080aa1c4     0x135c ./Core/Src/ichigo_moveset.o
 .rodata.ichigo_move_skill_9_pixels
                0x080ab520     0x1806 ./Core/Src/ichigo_moveset.o
 *fill*         0x080acd26        0x2 
 .rodata.ichigo_move_skill_frames
                0x080acd28       0xa0 ./Core/Src/ichigo_moveset.o
 .rodata.ichigo_move_jump_0_pixels
                0x080acdc8     0x13b0 ./Core/Src/ichigo_moveset.o
 .rodata.ichigo_move_jump_1_pixels
                0x080ae178     0x14b8 ./Core/Src/ichigo_moveset.o
 .rodata.ichigo_move_jump_2_pixels
                0x080af630     0x14b8 ./Core/Src/ichigo_moveset.o
 .rodata.ichigo_move_jump_3_pixels
                0x080b0ae8     0x1178 ./Core/Src/ichigo_moveset.o
 .rodata.ichigo_move_jump_4_pixels
                0x080b1c60     0x1b38 ./Core/Src/ichigo_moveset.o
 .rodata.ichigo_move_jump_5_pixels
                0x080b3798     0x1ad0 ./Core/Src/ichigo_moveset.o
 .rodata.ichigo_move_jump_6_pixels
                0x080b5268     0x1b80 ./Core/Src/ichigo_moveset.o
 .rodata.ichigo_move_jump_7_pixels
                0x080b6de8     0x15a8 ./Core/Src/ichigo_moveset.o
 .rodata.ichigo_move_jump_frames
                0x080b8390       0x80 ./Core/Src/ichigo_moveset.o
 .rodata.ichigo_move_hit_0_pixels
                0x080b8410     0x1398 ./Core/Src/ichigo_moveset.o
 .rodata.ichigo_move_hit_1_pixels
                0x080b97a8     0x14a0 ./Core/Src/ichigo_moveset.o
 .rodata.ichigo_move_hit_2_pixels
                0x080bac48     0x14a0 ./Core/Src/ichigo_moveset.o
 .rodata.ichigo_move_hit_frames
                0x080bc0e8       0x30 ./Core/Src/ichigo_moveset.o
 .rodata.ichigo_move_dead_0_pixels
                0x080bc118     0x14a0 ./Core/Src/ichigo_moveset.o
 .rodata.ichigo_move_dead_1_pixels
                0x080bd5b8      0xec4 ./Core/Src/ichigo_moveset.o
 .rodata.ichigo_move_dead_2_pixels
                0x080be47c      0xf50 ./Core/Src/ichigo_moveset.o
 .rodata.ichigo_move_dead_3_pixels
                0x080bf3cc      0x800 ./Core/Src/ichigo_moveset.o
 .rodata.ichigo_move_dead_frames
                0x080bfbcc       0x40 ./Core/Src/ichigo_moveset.o
 .rodata.ichigo_move_animations
                0x080bfc0c      0x160 ./Core/Src/ichigo_moveset.o
                0x080bfc0c                ichigo_move_animations
 .rodata.mainmenu_map
                0x080bfd6c    0x25800 ./Core/Src/mainmenu.o
                0x080bfd6c                mainmenu_map
 .rodata.naruto_move_idle_0_pixels
                0x080e556c      0xe38 ./Core/Src/naruto_moveset.o
 .rodata.naruto_move_idle_1_pixels
                0x080e63a4      0xf08 ./Core/Src/naruto_moveset.o
 .rodata.naruto_move_idle_2_pixels
                0x080e72ac      0xe10 ./Core/Src/naruto_moveset.o
 .rodata.naruto_move_idle_3_pixels
                0x080e80bc      0xdf2 ./Core/Src/naruto_moveset.o
 *fill*         0x080e8eae        0x2 
 .rodata.naruto_move_idle_frames
                0x080e8eb0       0x40 ./Core/Src/naruto_moveset.o
 .rodata.naruto_move_run_0_pixels
                0x080e8ef0      0xd96 ./Core/Src/naruto_moveset.o
 *fill*         0x080e9c86        0x2 
 .rodata.naruto_move_run_1_pixels
                0x080e9c88      0xe60 ./Core/Src/naruto_moveset.o
 .rodata.naruto_move_run_2_pixels
                0x080eaae8      0xdf4 ./Core/Src/naruto_moveset.o
 .rodata.naruto_move_run_3_pixels
                0x080eb8dc      0xe04 ./Core/Src/naruto_moveset.o
 .rodata.naruto_move_run_4_pixels
                0x080ec6e0      0xda8 ./Core/Src/naruto_moveset.o
 .rodata.naruto_move_run_frames
                0x080ed488       0x50 ./Core/Src/naruto_moveset.o
 .rodata.naruto_move_dash_0_pixels
                0x080ed4d8      0xf0e ./Core/Src/naruto_moveset.o
 *fill*         0x080ee3e6        0x2 
 .rodata.naruto_move_dash_1_pixels
                0x080ee3e8      0xf00 ./Core/Src/naruto_moveset.o
 .rodata.naruto_move_dash_frames
                0x080ef2e8       0x20 ./Core/Src/naruto_moveset.o
 .rodata.naruto_move_attack_light_0_pixels
                0x080ef308      0xdec ./Core/Src/naruto_moveset.o
 .rodata.naruto_move_attack_light_1_pixels
                0x080f00f4      0xea0 ./Core/Src/naruto_moveset.o
 .rodata.naruto_move_attack_light_2_pixels
                0x080f0f94     0x10cc ./Core/Src/naruto_moveset.o
 .rodata.naruto_move_attack_light_3_pixels
                0x080f2060     0x11fe ./Core/Src/naruto_moveset.o
 *fill*         0x080f325e        0x2 
 .rodata.naruto_move_attack_light_4_pixels
                0x080f3260      0xdac ./Core/Src/naruto_moveset.o
 .rodata.naruto_move_attack_light_frames
                0x080f400c       0x50 ./Core/Src/naruto_moveset.o
 .rodata.naruto_move_attack2_0_pixels
                0x080f405c      0x9f4 ./Core/Src/naruto_moveset.o
 .rodata.naruto_move_attack2_1_pixels
                0x080f4a50     0x11f8 ./Core/Src/naruto_moveset.o
 .rodata.naruto_move_attack2_2_pixels
                0x080f5c48      0xcc0 ./Core/Src/naruto_moveset.o
 .rodata.naruto_move_attack2_3_pixels
                0x080f6908      0x958 ./Core/Src/naruto_moveset.o
 .rodata.naruto_move_attack2_frames
                0x080f7260       0x40 ./Core/Src/naruto_moveset.o
 .rodata.naruto_move_attack3_0_pixels
                0x080f72a0      0x9b4 ./Core/Src/naruto_moveset.o
 .rodata.naruto_move_attack3_1_pixels
                0x080f7c54     0x11d0 ./Core/Src/naruto_moveset.o
 .rodata.naruto_move_attack3_2_pixels
                0x080f8e24     0x114c ./Core/Src/naruto_moveset.o
 .rodata.naruto_move_attack3_3_pixels
                0x080f9f70      0xf50 ./Core/Src/naruto_moveset.o
 .rodata.naruto_move_attack3_frames
                0x080faec0       0x40 ./Core/Src/naruto_moveset.o
 .rodata.naruto_move_block_0_pixels
                0x080faf00      0xb40 ./Core/Src/naruto_moveset.o
 .rodata.naruto_move_block_frames
                0x080fba40       0x10 ./Core/Src/naruto_moveset.o
 .rodata.naruto_move_skill_0_pixels
                0x080fba50      0xc80 ./Core/Src/naruto_moveset.o
 .rodata.naruto_move_skill_1_pixels
                0x080fc6d0      0xea0 ./Core/Src/naruto_moveset.o
 .rodata.naruto_move_skill_2_pixels
                0x080fd570      0xea0 ./Core/Src/naruto_moveset.o
 .rodata.naruto_move_skill_3_pixels
                0x080fe410     0x1130 ./Core/Src/naruto_moveset.o
 .rodata.naruto_move_skill_4_pixels
                0x080ff540     0x15c8 ./Core/Src/naruto_moveset.o
 .rodata.naruto_move_skill_5_pixels
                0x08100b08     0x1524 ./Core/Src/naruto_moveset.o
 .rodata.naruto_move_skill_6_pixels
                0x0810202c     0x14a0 ./Core/Src/naruto_moveset.o
 .rodata.naruto_move_skill_frames
                0x081034cc       0x70 ./Core/Src/naruto_moveset.o
 .rodata.naruto_move_jump_0_pixels
                0x0810353c      0xcc0 ./Core/Src/naruto_moveset.o
 .rodata.naruto_move_jump_1_pixels
                0x081041fc      0xf8a ./Core/Src/naruto_moveset.o
 *fill*         0x08105186        0x2 
 .rodata.naruto_move_jump_2_pixels
                0x08105188      0xf8a ./Core/Src/naruto_moveset.o
 *fill*         0x08106112        0x2 
 .rodata.naruto_move_jump_3_pixels
                0x08106114      0xdd0 ./Core/Src/naruto_moveset.o
 .rodata.naruto_move_jump_4_pixels
                0x08106ee4      0xdd0 ./Core/Src/naruto_moveset.o
 .rodata.naruto_move_jump_5_pixels
                0x08107cb4      0xdf4 ./Core/Src/naruto_moveset.o
 .rodata.naruto_move_jump_6_pixels
                0x08108aa8      0xb16 ./Core/Src/naruto_moveset.o
 *fill*         0x081095be        0x2 
 .rodata.naruto_move_jump_7_pixels
                0x081095c0      0x94c ./Core/Src/naruto_moveset.o
 .rodata.naruto_move_jump_frames
                0x08109f0c       0x80 ./Core/Src/naruto_moveset.o
 .rodata.naruto_move_hit_0_pixels
                0x08109f8c      0xe70 ./Core/Src/naruto_moveset.o
 .rodata.naruto_move_hit_1_pixels
                0x0810adfc      0xe70 ./Core/Src/naruto_moveset.o
 .rodata.naruto_move_hit_2_pixels
                0x0810bc6c      0xe70 ./Core/Src/naruto_moveset.o
 .rodata.naruto_move_hit_frames
                0x0810cadc       0x30 ./Core/Src/naruto_moveset.o
 .rodata.naruto_move_dead_0_pixels
                0x0810cb0c      0xe70 ./Core/Src/naruto_moveset.o
 .rodata.naruto_move_dead_1_pixels
                0x0810d97c      0xe14 ./Core/Src/naruto_moveset.o
 .rodata.naruto_move_dead_2_pixels
                0x0810e790      0xaf8 ./Core/Src/naruto_moveset.o
 .rodata.naruto_move_dead_3_pixels
                0x0810f288      0x5cc ./Core/Src/naruto_moveset.o
 .rodata.naruto_move_dead_frames
                0x0810f854       0x40 ./Core/Src/naruto_moveset.o
 .rodata.naruto_move_animations
                0x0810f894       0x58 ./Core/Src/naruto_moveset.o
                0x0810f894                naruto_move_animations
 .rodata.sasuke_move_idle_0_pixels
                0x0810f8ec      0xa10 ./Core/Src/sasuke_moveset.o
 .rodata.sasuke_move_idle_1_pixels
                0x081102fc      0x9e2 ./Core/Src/sasuke_moveset.o
 *fill*         0x08110cde        0x2 
 .rodata.sasuke_move_idle_2_pixels
                0x08110ce0      0xa10 ./Core/Src/sasuke_moveset.o
 .rodata.sasuke_move_idle_3_pixels
                0x081116f0      0xa10 ./Core/Src/sasuke_moveset.o
 .rodata.sasuke_move_idle_frames
                0x08112100       0x40 ./Core/Src/sasuke_moveset.o
 .rodata.sasuke_move_run_0_pixels
                0x08112140      0xd5c ./Core/Src/sasuke_moveset.o
 .rodata.sasuke_move_run_1_pixels
                0x08112e9c      0xe6a ./Core/Src/sasuke_moveset.o
 *fill*         0x08113d06        0x2 
 .rodata.sasuke_move_run_2_pixels
                0x08113d08      0xf20 ./Core/Src/sasuke_moveset.o
 .rodata.sasuke_move_run_3_pixels
                0x08114c28      0xe10 ./Core/Src/sasuke_moveset.o
 .rodata.sasuke_move_run_4_pixels
                0x08115a38      0xd10 ./Core/Src/sasuke_moveset.o
 .rodata.sasuke_move_run_5_pixels
                0x08116748      0xdc0 ./Core/Src/sasuke_moveset.o
 .rodata.sasuke_move_run_6_pixels
                0x08117508      0xf78 ./Core/Src/sasuke_moveset.o
 .rodata.sasuke_move_run_7_pixels
                0x08118480      0xe04 ./Core/Src/sasuke_moveset.o
 .rodata.sasuke_move_run_frames
                0x08119284       0x80 ./Core/Src/sasuke_moveset.o
 .rodata.sasuke_move_dash_0_pixels
                0x08119304     0x1130 ./Core/Src/sasuke_moveset.o
 .rodata.sasuke_move_dash_1_pixels
                0x0811a434     0x1130 ./Core/Src/sasuke_moveset.o
 .rodata.sasuke_move_dash_frames
                0x0811b564       0x20 ./Core/Src/sasuke_moveset.o
 .rodata.sasuke_move_attack1_0_pixels
                0x0811b584      0xec4 ./Core/Src/sasuke_moveset.o
 .rodata.sasuke_move_attack1_1_pixels
                0x0811c448      0xe38 ./Core/Src/sasuke_moveset.o
 .rodata.sasuke_move_attack1_2_pixels
                0x0811d280     0x1188 ./Core/Src/sasuke_moveset.o
 .rodata.sasuke_move_attack1_3_pixels
                0x0811e408     0x14be ./Core/Src/sasuke_moveset.o
 *fill*         0x0811f8c6        0x2 
 .rodata.sasuke_move_attack1_4_pixels
                0x0811f8c8     0x1534 ./Core/Src/sasuke_moveset.o
 .rodata.sasuke_move_attack1_frames
                0x08120dfc       0x50 ./Core/Src/sasuke_moveset.o
 .rodata.sasuke_move_attack2_0_pixels
                0x08120e4c      0xe14 ./Core/Src/sasuke_moveset.o
 .rodata.sasuke_move_attack2_1_pixels
                0x08121c60     0x12c2 ./Core/Src/sasuke_moveset.o
 *fill*         0x08122f22        0x2 
 .rodata.sasuke_move_attack2_2_pixels
                0x08122f24     0x15c0 ./Core/Src/sasuke_moveset.o
 .rodata.sasuke_move_attack2_3_pixels
                0x081244e4     0x18c8 ./Core/Src/sasuke_moveset.o
 .rodata.sasuke_move_attack2_4_pixels
                0x08125dac     0x14b4 ./Core/Src/sasuke_moveset.o
 .rodata.sasuke_move_attack2_5_pixels
                0x08127260     0x18b4 ./Core/Src/sasuke_moveset.o
 .rodata.sasuke_move_attack2_6_pixels
                0x08128b14     0x16e0 ./Core/Src/sasuke_moveset.o
 .rodata.sasuke_move_attack2_7_pixels
                0x0812a1f4     0x1560 ./Core/Src/sasuke_moveset.o
 .rodata.sasuke_move_attack2_8_pixels
                0x0812b754      0xd40 ./Core/Src/sasuke_moveset.o
 .rodata.sasuke_move_attack2_frames
                0x0812c494       0x90 ./Core/Src/sasuke_moveset.o
 .rodata.sasuke_move_attack3_0_pixels
                0x0812c524      0xfc0 ./Core/Src/sasuke_moveset.o
 .rodata.sasuke_move_attack3_1_pixels
                0x0812d4e4      0xac4 ./Core/Src/sasuke_moveset.o
 .rodata.sasuke_move_attack3_2_pixels
                0x0812dfa8     0x12ba ./Core/Src/sasuke_moveset.o
 *fill*         0x0812f262        0x2 
 .rodata.sasuke_move_attack3_3_pixels
                0x0812f264     0x1780 ./Core/Src/sasuke_moveset.o
 .rodata.sasuke_move_attack3_4_pixels
                0x081309e4     0x10e0 ./Core/Src/sasuke_moveset.o
 .rodata.sasuke_move_attack3_5_pixels
                0x08131ac4     0x10e0 ./Core/Src/sasuke_moveset.o
 .rodata.sasuke_move_attack3_6_pixels
                0x08132ba4      0xff0 ./Core/Src/sasuke_moveset.o
 .rodata.sasuke_move_attack3_frames
                0x08133b94       0x70 ./Core/Src/sasuke_moveset.o
 .rodata.sasuke_move_block_0_pixels
                0x08133c04      0xec4 ./Core/Src/sasuke_moveset.o
 .rodata.sasuke_move_block_1_pixels
                0x08134ac8      0xf70 ./Core/Src/sasuke_moveset.o
 .rodata.sasuke_move_block_2_pixels
                0x08135a38      0xdec ./Core/Src/sasuke_moveset.o
 .rodata.sasuke_move_block_frames
                0x08136824       0x30 ./Core/Src/sasuke_moveset.o
 .rodata.sasuke_move_skill_0_pixels
                0x08136854      0xb2e ./Core/Src/sasuke_moveset.o
 *fill*         0x08137382        0x2 
 .rodata.sasuke_move_skill_1_pixels
                0x08137384      0xc7e ./Core/Src/sasuke_moveset.o
 *fill*         0x08138002        0x2 
 .rodata.sasuke_move_skill_2_pixels
                0x08138004      0xc2c ./Core/Src/sasuke_moveset.o
 .rodata.sasuke_move_skill_3_pixels
                0x08138c30     0x1326 ./Core/Src/sasuke_moveset.o
 *fill*         0x08139f56        0x2 
 .rodata.sasuke_move_skill_4_pixels
                0x08139f58     0x1260 ./Core/Src/sasuke_moveset.o
 .rodata.sasuke_move_skill_5_pixels
                0x0813b1b8     0x13d4 ./Core/Src/sasuke_moveset.o
 .rodata.sasuke_move_skill_6_pixels
                0x0813c58c     0x13b0 ./Core/Src/sasuke_moveset.o
 .rodata.sasuke_move_skill_7_pixels
                0x0813d93c     0x1340 ./Core/Src/sasuke_moveset.o
 .rodata.sasuke_move_skill_8_pixels
                0x0813ec7c      0xd80 ./Core/Src/sasuke_moveset.o
 .rodata.sasuke_move_skill_9_pixels
                0x0813f9fc      0xac4 ./Core/Src/sasuke_moveset.o
 .rodata.sasuke_move_skill_frames
                0x081404c0       0xa0 ./Core/Src/sasuke_moveset.o
 .rodata.sasuke_move_jump_startup_0_pixels
                0x08140560      0xdc0 ./Core/Src/sasuke_moveset.o
 .rodata.sasuke_move_jump_startup_frames
                0x08141320       0x10 ./Core/Src/sasuke_moveset.o
 .rodata.sasuke_move_jump_air_0_pixels
                0x08141330      0xdec ./Core/Src/sasuke_moveset.o
 .rodata.sasuke_move_jump_air_1_pixels
                0x0814211c      0xdec ./Core/Src/sasuke_moveset.o
 .rodata.sasuke_move_jump_air_frames
                0x08142f08       0x20 ./Core/Src/sasuke_moveset.o
 .rodata.sasuke_move_fall_0_pixels
                0x08142f28      0xc38 ./Core/Src/sasuke_moveset.o
 .rodata.sasuke_move_fall_1_pixels
                0x08143b60      0xc38 ./Core/Src/sasuke_moveset.o
 .rodata.sasuke_move_fall_frames
                0x08144798       0x20 ./Core/Src/sasuke_moveset.o
 .rodata.sasuke_move_jump_land_0_pixels
                0x081447b8      0xc60 ./Core/Src/sasuke_moveset.o
 .rodata.sasuke_move_jump_land_1_pixels
                0x08145418      0xc2c ./Core/Src/sasuke_moveset.o
 .rodata.sasuke_move_jump_land_frames
                0x08146044       0x20 ./Core/Src/sasuke_moveset.o
 .rodata.sasuke_move_hit_0_pixels
                0x08146064      0xdec ./Core/Src/sasuke_moveset.o
 .rodata.sasuke_move_hit_1_pixels
                0x08146e50      0xc5a ./Core/Src/sasuke_moveset.o
 *fill*         0x08147aaa        0x2 
 .rodata.sasuke_move_hit_2_pixels
                0x08147aac      0xdf4 ./Core/Src/sasuke_moveset.o
 .rodata.sasuke_move_hit_frames
                0x081488a0       0x30 ./Core/Src/sasuke_moveset.o
 .rodata.sasuke_move_dead_0_pixels
                0x081488d0      0xdec ./Core/Src/sasuke_moveset.o
 .rodata.sasuke_move_dead_1_pixels
                0x081496bc      0xaf6 ./Core/Src/sasuke_moveset.o
 *fill*         0x0814a1b2        0x2 
 .rodata.sasuke_move_dead_2_pixels
                0x0814a1b4      0xa50 ./Core/Src/sasuke_moveset.o
 .rodata.sasuke_move_dead_3_pixels
                0x0814ac04      0xb40 ./Core/Src/sasuke_moveset.o
 .rodata.sasuke_move_dead_4_pixels
                0x0814b744      0x960 ./Core/Src/sasuke_moveset.o
 .rodata.sasuke_move_dead_5_pixels
                0x0814c0a4      0xaf6 ./Core/Src/sasuke_moveset.o
 *fill*         0x0814cb9a        0x2 
 .rodata.sasuke_move_dead_6_pixels
                0x0814cb9c      0xa50 ./Core/Src/sasuke_moveset.o
 .rodata.sasuke_move_dead_7_pixels
                0x0814d5ec      0xb40 ./Core/Src/sasuke_moveset.o
 .rodata.sasuke_move_dead_8_pixels
                0x0814e12c      0x960 ./Core/Src/sasuke_moveset.o
 .rodata.sasuke_move_dead_9_pixels
                0x0814ea8c      0xaf6 ./Core/Src/sasuke_moveset.o
 *fill*         0x0814f582        0x2 
 .rodata.sasuke_move_dead_10_pixels
                0x0814f584      0xa50 ./Core/Src/sasuke_moveset.o
 .rodata.sasuke_move_dead_11_pixels
                0x0814ffd4      0xb40 ./Core/Src/sasuke_moveset.o
 .rodata.sasuke_move_dead_12_pixels
                0x08150b14      0x960 ./Core/Src/sasuke_moveset.o
 .rodata.sasuke_move_dead_13_pixels
                0x08151474      0xaf6 ./Core/Src/sasuke_moveset.o
 *fill*         0x08151f6a        0x2 
 .rodata.sasuke_move_dead_14_pixels
                0x08151f6c      0xa50 ./Core/Src/sasuke_moveset.o
 .rodata.sasuke_move_dead_15_pixels
                0x081529bc      0xb40 ./Core/Src/sasuke_moveset.o
 .rodata.sasuke_move_dead_16_pixels
                0x081534fc      0x960 ./Core/Src/sasuke_moveset.o
 .rodata.sasuke_move_dead_17_pixels
                0x08153e5c      0xaf6 ./Core/Src/sasuke_moveset.o
 *fill*         0x08154952        0x2 
 .rodata.sasuke_move_dead_18_pixels
                0x08154954      0xa50 ./Core/Src/sasuke_moveset.o
 .rodata.sasuke_move_dead_19_pixels
                0x081553a4      0xb40 ./Core/Src/sasuke_moveset.o
 .rodata.sasuke_move_dead_20_pixels
                0x08155ee4      0x960 ./Core/Src/sasuke_moveset.o
 .rodata.sasuke_move_dead_21_pixels
                0x08156844      0xd96 ./Core/Src/sasuke_moveset.o
 *fill*         0x081575da        0x2 
 .rodata.sasuke_move_dead_22_pixels
                0x081575dc      0xe9c ./Core/Src/sasuke_moveset.o
 .rodata.sasuke_move_dead_23_pixels
                0x08158478      0x6ea ./Core/Src/sasuke_moveset.o
 *fill*         0x08158b62        0x2 
 .rodata.sasuke_move_dead_frames
                0x08158b64      0x180 ./Core/Src/sasuke_moveset.o
 .rodata.sasuke_move_animations
                0x08158ce4      0x1c0 ./Core/Src/sasuke_moveset.o
                0x08158ce4                sasuke_move_animations
 .rodata.ichigo_getsuga_0
                0x08158ea4     0x3a64 ./Core/Src/sprite_data.o
                0x08158ea4                ichigo_getsuga_0
 .rodata.ichigo_getsuga_1
                0x0815c908     0x3a64 ./Core/Src/sprite_data.o
                0x0815c908                ichigo_getsuga_1
 .rodata.ichigo_getsuga_2
                0x0816036c     0x3a64 ./Core/Src/sprite_data.o
                0x0816036c                ichigo_getsuga_2
 .rodata.ichigo_getsuga_3
                0x08163dd0     0x3a64 ./Core/Src/sprite_data.o
                0x08163dd0                ichigo_getsuga_3
 .rodata.ichigo_getsuga_4
                0x08167834     0x3a64 ./Core/Src/sprite_data.o
                0x08167834                ichigo_getsuga_4
 .rodata.ichigo_getsuga_frames
                0x0816b298       0x14 ./Core/Src/sprite_data.o
                0x0816b298                ichigo_getsuga_frames
 .rodata.getsuga_projectile_0
                0x0816b2ac     0x1fa4 ./Core/Src/sprite_data.o
                0x0816b2ac                getsuga_projectile_0
 .rodata.getsuga_projectile_1
                0x0816d250     0x1fa4 ./Core/Src/sprite_data.o
                0x0816d250                getsuga_projectile_1
 .rodata.getsuga_projectile_frames
                0x0816f1f4        0x8 ./Core/Src/sprite_data.o
                0x0816f1f4                getsuga_projectile_frames
 .rodata.AHBPrescTable
                0x0816f1fc       0x10 ./Core/Src/system_stm32f4xx.o
                0x0816f1fc                AHBPrescTable
 .rodata.vizard_move_idle_0_pixels
                0x0816f20c     0x1368 ./Core/Src/vizard_moveset.o
 .rodata.vizard_move_idle_1_pixels
                0x08170574     0x15f0 ./Core/Src/vizard_moveset.o
 .rodata.vizard_move_idle_2_pixels
                0x08171b64     0x1584 ./Core/Src/vizard_moveset.o
 .rodata.vizard_move_idle_3_pixels
                0x081730e8     0x1518 ./Core/Src/vizard_moveset.o
 .rodata.vizard_move_idle_frames
                0x08174600       0x40 ./Core/Src/vizard_moveset.o
 .rodata.vizard_move_run_0_pixels
                0x08174640     0x1224 ./Core/Src/vizard_moveset.o
 .rodata.vizard_move_run_1_pixels
                0x08175864     0x1130 ./Core/Src/vizard_moveset.o
 .rodata.vizard_move_run_2_pixels
                0x08176994     0x11f0 ./Core/Src/vizard_moveset.o
 .rodata.vizard_move_run_3_pixels
                0x08177b84     0x1260 ./Core/Src/vizard_moveset.o
 .rodata.vizard_move_run_4_pixels
                0x08178de4     0x11ce ./Core/Src/vizard_moveset.o
 *fill*         0x08179fb2        0x2 
 .rodata.vizard_move_run_frames
                0x08179fb4       0x50 ./Core/Src/vizard_moveset.o
 .rodata.vizard_move_dash_0_pixels
                0x0817a004     0x17a0 ./Core/Src/vizard_moveset.o
 .rodata.vizard_move_dash_1_pixels
                0x0817b7a4     0x1432 ./Core/Src/vizard_moveset.o
 *fill*         0x0817cbd6        0x2 
 .rodata.vizard_move_dash_frames
                0x0817cbd8       0x20 ./Core/Src/vizard_moveset.o
 .rodata.vizard_move_attack_light_0_pixels
                0x0817cbf8     0x1086 ./Core/Src/vizard_moveset.o
 *fill*         0x0817dc7e        0x2 
 .rodata.vizard_move_attack_light_1_pixels
                0x0817dc80     0x1014 ./Core/Src/vizard_moveset.o
 .rodata.vizard_move_attack_light_2_pixels
                0x0817ec94      0xfc0 ./Core/Src/vizard_moveset.o
 .rodata.vizard_move_attack_light_3_pixels
                0x0817fc54     0x15a8 ./Core/Src/vizard_moveset.o
 .rodata.vizard_move_attack_light_4_pixels
                0x081811fc      0xf18 ./Core/Src/vizard_moveset.o
 .rodata.vizard_move_attack_light_frames
                0x08182114       0x50 ./Core/Src/vizard_moveset.o
 .rodata.vizard_move_attack2_0_pixels
                0x08182164     0x11ee ./Core/Src/vizard_moveset.o
 *fill*         0x08183352        0x2 
 .rodata.vizard_move_attack2_1_pixels
                0x08183354     0x2010 ./Core/Src/vizard_moveset.o
 .rodata.vizard_move_attack2_2_pixels
                0x08185364     0x1dc0 ./Core/Src/vizard_moveset.o
 .rodata.vizard_move_attack2_3_pixels
                0x08187124     0x17a2 ./Core/Src/vizard_moveset.o
 *fill*         0x081888c6        0x2 
 .rodata.vizard_move_attack2_frames
                0x081888c8       0x40 ./Core/Src/vizard_moveset.o
 .rodata.vizard_move_attack3_0_pixels
                0x08188908     0x1984 ./Core/Src/vizard_moveset.o
 .rodata.vizard_move_attack3_1_pixels
                0x0818a28c     0x14b8 ./Core/Src/vizard_moveset.o
 .rodata.vizard_move_attack3_2_pixels
                0x0818b744     0x1ddc ./Core/Src/vizard_moveset.o
 .rodata.vizard_move_attack3_3_pixels
                0x0818d520     0x1090 ./Core/Src/vizard_moveset.o
 .rodata.vizard_move_attack3_frames
                0x0818e5b0       0x40 ./Core/Src/vizard_moveset.o
 .rodata.vizard_move_block_0_pixels
                0x0818e5f0     0x1584 ./Core/Src/vizard_moveset.o
 .rodata.vizard_move_block_frames
                0x0818fb74       0x10 ./Core/Src/vizard_moveset.o
 .rodata.vizard_move_skill_0_pixels
                0x0818fb84     0x2260 ./Core/Src/vizard_moveset.o
 .rodata.vizard_move_skill_1_pixels
                0x08191de4     0x2120 ./Core/Src/vizard_moveset.o
 .rodata.vizard_move_skill_2_pixels
                0x08193f04     0x2260 ./Core/Src/vizard_moveset.o
 .rodata.vizard_move_skill_3_pixels
                0x08196164     0x17a2 ./Core/Src/vizard_moveset.o
 *fill*         0x08197906        0x2 
 .rodata.vizard_move_skill_4_pixels
                0x08197908     0x2800 ./Core/Src/vizard_moveset.o
 .rodata.vizard_move_skill_5_pixels
                0x0819a108     0x1c38 ./Core/Src/vizard_moveset.o
 .rodata.vizard_move_skill_6_pixels
                0x0819bd40     0x13b0 ./Core/Src/vizard_moveset.o
 .rodata.vizard_move_skill_7_pixels
                0x0819d0f0     0x15fc ./Core/Src/vizard_moveset.o
 .rodata.vizard_move_skill_frames
                0x0819e6ec       0x80 ./Core/Src/vizard_moveset.o
 .rodata.vizard_move_skill_projectile_0_pixels
                0x0819e76c     0x1e78 ./Core/Src/vizard_moveset.o
 .rodata.vizard_move_skill_projectile_1_pixels
                0x081a05e4     0x20e8 ./Core/Src/vizard_moveset.o
 .rodata.vizard_move_skill_projectile_frames
                0x081a26cc       0x20 ./Core/Src/vizard_moveset.o
 .rodata.vizard_move_jump_0_pixels
                0x081a26ec     0x11fe ./Core/Src/vizard_moveset.o
 *fill*         0x081a38ea        0x2 
 .rodata.vizard_move_jump_1_pixels
                0x081a38ec     0x1110 ./Core/Src/vizard_moveset.o
 .rodata.vizard_move_jump_2_pixels
                0x081a49fc      0xec8 ./Core/Src/vizard_moveset.o
 .rodata.vizard_move_jump_3_pixels
                0x081a58c4     0x170c ./Core/Src/vizard_moveset.o
 .rodata.vizard_move_jump_4_pixels
                0x081a6fd0     0x11fe ./Core/Src/vizard_moveset.o
 *fill*         0x081a81ce        0x2 
 .rodata.vizard_move_jump_5_pixels
                0x081a81d0      0xe74 ./Core/Src/vizard_moveset.o
 .rodata.vizard_move_jump_6_pixels
                0x081a9044     0x11fe ./Core/Src/vizard_moveset.o
 *fill*         0x081aa242        0x2 
 .rodata.vizard_move_jump_frames
                0x081aa244       0x70 ./Core/Src/vizard_moveset.o
 .rodata.vizard_move_animations
                0x081aa2b4      0x140 ./Core/Src/vizard_moveset.o
                0x081aa2b4                vizard_move_animations
                0x081aa3f4                        . = ALIGN (0x4)

.ARM.extab      0x081aa3f4        0x0
                0x081aa3f4                        . = ALIGN (0x4)
 *(.ARM.extab* .gnu.linkonce.armextab.*)
                0x081aa3f4                        . = ALIGN (0x4)

.ARM            0x081aa3f4        0x8
                0x081aa3f4                        . = ALIGN (0x4)
                0x081aa3f4                        __exidx_start = .
 *(.ARM.exidx*)
 .ARM.exidx     0x081aa3f4        0x8 C:/ST/STM32CubeIDE_2.1.1/STM32CubeIDE/plugins/com.st.stm32cube.ide.mcu.externaltools.gnu-tools-for-stm32.14.3.rel1.win32_1.0.100.202602081740/tools/bin/../lib/gcc/arm-none-eabi/14.3.1/thumb/v7e-m+fp/hard\libgcc.a(_udivmoddi4.o)
                0x081aa3fc                        __exidx_end = .
                0x081aa3fc                        . = ALIGN (0x4)

.preinit_array  0x081aa3fc        0x0
                0x081aa3fc                        . = ALIGN (0x4)
                0x081aa3fc                        PROVIDE (__preinit_array_start = .)
 *(.preinit_array*)
                0x081aa3fc                        PROVIDE (__preinit_array_end = .)
                0x081aa3fc                        . = ALIGN (0x4)

.init_array     0x081aa3fc        0x4
                0x081aa3fc                        . = ALIGN (0x4)
                0x081aa3fc                        PROVIDE (__init_array_start = .)
 *(SORT_BY_NAME(.init_array.*))
 *(.init_array*)
 .init_array    0x081aa3fc        0x4 C:/ST/STM32CubeIDE_2.1.1/STM32CubeIDE/plugins/com.st.stm32cube.ide.mcu.externaltools.gnu-tools-for-stm32.14.3.rel1.win32_1.0.100.202602081740/tools/bin/../lib/gcc/arm-none-eabi/14.3.1/thumb/v7e-m+fp/hard/crtbegin.o
                0x081aa400                        PROVIDE (__init_array_end = .)
                0x081aa400                        . = ALIGN (0x4)

.fini_array     0x081aa400        0x4
                0x081aa400                        . = ALIGN (0x4)
                [!provide]                        PROVIDE (__fini_array_start = .)
 *(SORT_BY_NAME(.fini_array.*))
 *(.fini_array*)
 .fini_array    0x081aa400        0x4 C:/ST/STM32CubeIDE_2.1.1/STM32CubeIDE/plugins/com.st.stm32cube.ide.mcu.externaltools.gnu-tools-for-stm32.14.3.rel1.win32_1.0.100.202602081740/tools/bin/../lib/gcc/arm-none-eabi/14.3.1/thumb/v7e-m+fp/hard/crtbegin.o
                [!provide]                        PROVIDE (__fini_array_end = .)
                0x081aa404                        . = ALIGN (0x4)
                0x081aa404                        _sidata = LOADADDR (.data)

.rel.dyn        0x081aa404        0x0
 .rel.iplt      0x081aa404        0x0 C:/ST/STM32CubeIDE_2.1.1/STM32CubeIDE/plugins/com.st.stm32cube.ide.mcu.externaltools.gnu-tools-for-stm32.14.3.rel1.win32_1.0.100.202602081740/tools/bin/../lib/gcc/arm-none-eabi/14.3.1/thumb/v7e-m+fp/hard/crtbegin.o

.data           0x20000000       0x18 load address 0x081aa404
                0x20000000                        . = ALIGN (0x4)
                0x20000000                        _sdata = .
 *(.data)
 *(.data*)
 .data.LCD_HEIGHT
                0x20000000        0x2 ./Core/Src/ILI9341_STM32_Driver.o
                0x20000000                LCD_HEIGHT
 .data.LCD_WIDTH
                0x20000002        0x2 ./Core/Src/ILI9341_STM32_Driver.o
                0x20000002                LCD_WIDTH
 .data.s_selectedDifficulty
                0x20000004        0x1 ./Core/Src/app_flow.o
 .data.s_selectedCharacter
                0x20000005        0x1 ./Core/Src/app_flow.o
 .data.s_playerCharacter
                0x20000006        0x1 ./Core/Src/battle_demo.o
 .data.s_cpuCharacter
                0x20000007        0x1 ./Core/Src/battle_demo.o
 .data.s_centerX
                0x20000008        0x2 ./Core/Src/combat_input.o
 .data.s_centerY
                0x2000000a        0x2 ./Core/Src/combat_input.o
 .data.SystemCoreClock
                0x2000000c        0x4 ./Core/Src/system_stm32f4xx.o
                0x2000000c                SystemCoreClock
 .data.uwTickPrio
                0x20000010        0x4 ./Drivers/STM32F4xx_HAL_Driver/Src/stm32f4xx_hal.o
                0x20000010                uwTickPrio
 .data.uwTickFreq
                0x20000014        0x1 ./Drivers/STM32F4xx_HAL_Driver/Src/stm32f4xx_hal.o
                0x20000014                uwTickFreq
 *(.RamFunc)
 *(.RamFunc*)
                0x20000018                        . = ALIGN (0x4)
 *fill*         0x20000015        0x3 
                0x20000018                        _edata = .
                0x081aa41c                        _siccmram = LOADADDR (.ccmram)

.igot.plt       0x20000018        0x0 load address 0x081aa41c
 .igot.plt      0x20000018        0x0 C:/ST/STM32CubeIDE_2.1.1/STM32CubeIDE/plugins/com.st.stm32cube.ide.mcu.externaltools.gnu-tools-for-stm32.14.3.rel1.win32_1.0.100.202602081740/tools/bin/../lib/gcc/arm-none-eabi/14.3.1/thumb/v7e-m+fp/hard/crtbegin.o

.ccmram         0x10000000        0x0 load address 0x081aa41c
                0x10000000                        . = ALIGN (0x4)
                0x10000000                        _sccmram = .
 *(.ccmram)
 *(.ccmram*)
                0x10000000                        . = ALIGN (0x4)
                0x10000000                        _eccmram = .
                0x10000000                        . = ALIGN (0x4)

.bss            0x20000018      0xbf4
                0x20000018                        _sbss = .
                0x20000018                        __bss_start__ = _sbss
 *(.bss)
 .bss           0x20000018       0x1c C:/ST/STM32CubeIDE_2.1.1/STM32CubeIDE/plugins/com.st.stm32cube.ide.mcu.externaltools.gnu-tools-for-stm32.14.3.rel1.win32_1.0.100.202602081740/tools/bin/../lib/gcc/arm-none-eabi/14.3.1/thumb/v7e-m+fp/hard/crtbegin.o
 *(.bss*)
 *fill*         0x20000034        0x4 
 .bss.burstBuffer.2
                0x20000038      0x1f4 ./Core/Src/ILI9341_STM32_Driver.o
 .bss.txBuffer.1
                0x2000022c      0x1f4 ./Core/Src/ILI9341_STM32_Driver.o
 .bss.txBuffer.0
                0x20000420      0x1f4 ./Core/Src/ILI9341_STM32_Driver.o
 .bss.s_screen  0x20000614        0x1 ./Core/Src/app_flow.o
 *fill*         0x20000615        0x3 
 .bss.s_screenStartedMs
                0x20000618        0x4 ./Core/Src/app_flow.o
 .bss.s_selectedMenu
                0x2000061c        0x1 ./Core/Src/app_flow.o
 *fill*         0x2000061d        0x3 
 .bss.s_player  0x20000620       0x24 ./Core/Src/battle_demo.o
 .bss.s_cpu     0x20000644       0x24 ./Core/Src/battle_demo.o
 .bss.s_getsuga
                0x20000668       0x10 ./Core/Src/battle_demo.o
 .bss.s_cpuAi   0x20000678       0x38 ./Core/Src/battle_demo.o
 .bss.s_playerSnapshot
                0x200006b0       0x10 ./Core/Src/battle_demo.o
 .bss.s_cpuSnapshot
                0x200006c0       0x10 ./Core/Src/battle_demo.o
 .bss.s_getsugaSnapshot
                0x200006d0       0x10 ./Core/Src/battle_demo.o
 .bss.s_chidoriSnapshot
                0x200006e0       0x10 ./Core/Src/battle_demo.o
 .bss.s_compositeRun
                0x200006f0      0x280 ./Core/Src/battle_demo.o
 .bss.s_lastTickMs
                0x20000970        0x4 ./Core/Src/battle_demo.o
 .bss.s_lastPlayerHp
                0x20000974        0x2 ./Core/Src/battle_demo.o
 .bss.s_lastCpuHp
                0x20000976        0x2 ./Core/Src/battle_demo.o
 .bss.s_lastGetsugaSkillStartMs
                0x20000978        0x4 ./Core/Src/battle_demo.o
 .bss.s_lastVizardSkillStartMs
                0x2000097c        0x4 ./Core/Src/battle_demo.o
 .bss.s_lastVizardProjectileSkillStartMs
                0x20000980        0x4 ./Core/Src/battle_demo.o
 .bss.s_vizardTeleported
                0x20000984        0x1 ./Core/Src/battle_demo.o
 .bss.s_lastButtons
                0x20000985        0x1 ./Core/Src/combat_input.o
 *fill*         0x20000986        0x2 
 .bss.s_runBuffer
                0x20000988      0x280 ./Core/Src/sprite_render.o
 .bss.uwTick    0x20000c08        0x4 ./Drivers/STM32F4xx_HAL_Driver/Src/stm32f4xx_hal.o
                0x20000c08                uwTick
 *(COMMON)
                0x20000c0c                        . = ALIGN (0x4)
                0x20000c0c                        _ebss = .
                0x20000c0c                        __bss_end__ = _ebss

._user_heap_stack
                0x20000c0c      0x604
                0x20000c10                        . = ALIGN (0x8)
 *fill*         0x20000c0c        0x4 
                [!provide]                        PROVIDE (end = .)
                0x20000c10                        PROVIDE (_end = .)
                0x20000e10                        . = (. + _Min_Heap_Size)
 *fill*         0x20000c10      0x200 
                0x20001210                        . = (. + _Min_Stack_Size)
 *fill*         0x20000e10      0x400 
                0x20001210                        . = ALIGN (0x8)

/DISCARD/
 libc.a(*)
 libm.a(*)
 libgcc.a(*)

.ARM.attributes
                0x00000000       0x30
 *(.ARM.attributes)
 .ARM.attributes
                0x00000000       0x22 C:/ST/STM32CubeIDE_2.1.1/STM32CubeIDE/plugins/com.st.stm32cube.ide.mcu.externaltools.gnu-tools-for-stm32.14.3.rel1.win32_1.0.100.202602081740/tools/bin/../lib/gcc/arm-none-eabi/14.3.1/thumb/v7e-m+fp/hard/crti.o
 .ARM.attributes
                0x00000022       0x34 C:/ST/STM32CubeIDE_2.1.1/STM32CubeIDE/plugins/com.st.stm32cube.ide.mcu.externaltools.gnu-tools-for-stm32.14.3.rel1.win32_1.0.100.202602081740/tools/bin/../lib/gcc/arm-none-eabi/14.3.1/thumb/v7e-m+fp/hard/crtbegin.o
 .ARM.attributes
                0x00000056       0x34 ./Core/Src/ILI9341_GFX.o
 .ARM.attributes
                0x0000008a       0x34 ./Core/Src/ILI9341_STM32_Driver.o
 .ARM.attributes
                0x000000be       0x34 ./Core/Src/app_flow.o
 .ARM.attributes
                0x000000f2       0x34 ./Core/Src/battle_demo.o
 .ARM.attributes
                0x00000126       0x34 ./Core/Src/bleach_vs_naruto_splash.o
 .ARM.attributes
                0x0000015a       0x34 ./Core/Src/chidori_data.o
 .ARM.attributes
                0x0000018e       0x34 ./Core/Src/choose_char.o
 .ARM.attributes
                0x000001c2       0x34 ./Core/Src/choose_ui_assets.o
 .ARM.attributes
                0x000001f6       0x34 ./Core/Src/combat_actor.o
 .ARM.attributes
                0x0000022a       0x34 ./Core/Src/combat_attack_data.o
 .ARM.attributes
                0x0000025e       0x34 ./Core/Src/combat_box.o
 .ARM.attributes
                0x00000292       0x34 ./Core/Src/combat_input.o
 .ARM.attributes
                0x000002c6       0x34 ./Core/Src/fonts.o
 .ARM.attributes
                0x000002fa       0x34 ./Core/Src/game_ui.o
 .ARM.attributes
                0x0000032e       0x34 ./Core/Src/ichigo_moveset.o
 .ARM.attributes
                0x00000362       0x34 ./Core/Src/lcd_port.o
 .ARM.attributes
                0x00000396       0x34 ./Core/Src/main.o
 .ARM.attributes
                0x000003ca       0x34 ./Core/Src/mainmenu.o
 .ARM.attributes
                0x000003fe       0x34 ./Core/Src/naruto_moveset.o
 .ARM.attributes
                0x00000432       0x34 ./Core/Src/sasuke_moveset.o
 .ARM.attributes
                0x00000466       0x34 ./Core/Src/sprite_data.o
 .ARM.attributes
                0x0000049a       0x34 ./Core/Src/sprite_render.o
 .ARM.attributes
                0x000004ce       0x34 ./Core/Src/stm32f4xx_hal_msp.o
 .ARM.attributes
                0x00000502       0x34 ./Core/Src/stm32f4xx_it.o
 .ARM.attributes
                0x00000536       0x34 ./Core/Src/system_stm32f4xx.o
 .ARM.attributes
                0x0000056a       0x34 ./Core/Src/vizard_moveset.o
 .ARM.attributes
                0x0000059e       0x21 ./Core/Startup/startup_stm32f429zitx.o
 .ARM.attributes
                0x000005bf       0x34 ./Drivers/STM32F4xx_HAL_Driver/Src/stm32f4xx_hal.o
 .ARM.attributes
                0x000005f3       0x34 ./Drivers/STM32F4xx_HAL_Driver/Src/stm32f4xx_hal_cortex.o
 .ARM.attributes
                0x00000627       0x34 ./Drivers/STM32F4xx_HAL_Driver/Src/stm32f4xx_hal_gpio.o
 .ARM.attributes
                0x0000065b       0x34 ./Drivers/STM32F4xx_HAL_Driver/Src/stm32f4xx_hal_rcc.o
 .ARM.attributes
                0x0000068f       0x34 C:/ST/STM32CubeIDE_2.1.1/STM32CubeIDE/plugins/com.st.stm32cube.ide.mcu.externaltools.gnu-tools-for-stm32.14.3.rel1.win32_1.0.100.202602081740/tools/bin/../lib/gcc/arm-none-eabi/14.3.1/../../../../arm-none-eabi/lib/thumb/v7e-m+fp/hard\libc_nano.a(libc_a-memset.o)
 .ARM.attributes
                0x000006c3       0x34 C:/ST/STM32CubeIDE_2.1.1/STM32CubeIDE/plugins/com.st.stm32cube.ide.mcu.externaltools.gnu-tools-for-stm32.14.3.rel1.win32_1.0.100.202602081740/tools/bin/../lib/gcc/arm-none-eabi/14.3.1/../../../../arm-none-eabi/lib/thumb/v7e-m+fp/hard\libc_nano.a(libc_a-init.o)
 .ARM.attributes
                0x000006f7       0x22 C:/ST/STM32CubeIDE_2.1.1/STM32CubeIDE/plugins/com.st.stm32cube.ide.mcu.externaltools.gnu-tools-for-stm32.14.3.rel1.win32_1.0.100.202602081740/tools/bin/../lib/gcc/arm-none-eabi/14.3.1/thumb/v7e-m+fp/hard\libgcc.a(_aeabi_uldivmod.o)
 .ARM.attributes
                0x00000719       0x34 C:/ST/STM32CubeIDE_2.1.1/STM32CubeIDE/plugins/com.st.stm32cube.ide.mcu.externaltools.gnu-tools-for-stm32.14.3.rel1.win32_1.0.100.202602081740/tools/bin/../lib/gcc/arm-none-eabi/14.3.1/thumb/v7e-m+fp/hard\libgcc.a(_udivmoddi4.o)
 .ARM.attributes
                0x0000074d       0x22 C:/ST/STM32CubeIDE_2.1.1/STM32CubeIDE/plugins/com.st.stm32cube.ide.mcu.externaltools.gnu-tools-for-stm32.14.3.rel1.win32_1.0.100.202602081740/tools/bin/../lib/gcc/arm-none-eabi/14.3.1/thumb/v7e-m+fp/hard\libgcc.a(_dvmd_tls.o)
 .ARM.attributes
                0x0000076f       0x22 C:/ST/STM32CubeIDE_2.1.1/STM32CubeIDE/plugins/com.st.stm32cube.ide.mcu.externaltools.gnu-tools-for-stm32.14.3.rel1.win32_1.0.100.202602081740/tools/bin/../lib/gcc/arm-none-eabi/14.3.1/thumb/v7e-m+fp/hard/crtn.o
OUTPUT(final.elf elf32-littlearm)
LOAD linker stubs
LOAD C:/ST/STM32CubeIDE_2.1.1/STM32CubeIDE/plugins/com.st.stm32cube.ide.mcu.externaltools.gnu-tools-for-stm32.14.3.rel1.win32_1.0.100.202602081740/tools/bin/../lib/gcc/arm-none-eabi/14.3.1/../../../../arm-none-eabi/lib/thumb/v7e-m+fp/hard\libc.a
LOAD C:/ST/STM32CubeIDE_2.1.1/STM32CubeIDE/plugins/com.st.stm32cube.ide.mcu.externaltools.gnu-tools-for-stm32.14.3.rel1.win32_1.0.100.202602081740/tools/bin/../lib/gcc/arm-none-eabi/14.3.1/../../../../arm-none-eabi/lib/thumb/v7e-m+fp/hard\libm.a
LOAD C:/ST/STM32CubeIDE_2.1.1/STM32CubeIDE/plugins/com.st.stm32cube.ide.mcu.externaltools.gnu-tools-for-stm32.14.3.rel1.win32_1.0.100.202602081740/tools/bin/../lib/gcc/arm-none-eabi/14.3.1/thumb/v7e-m+fp/hard\libgcc.a

.debug_info     0x00000000     0xef95
 .debug_info    0x00000000      0x683 ./Core/Src/ILI9341_GFX.o
 .debug_info    0x00000683     0x18d8 ./Core/Src/ILI9341_STM32_Driver.o
 .debug_info    0x00001f5b      0x44a ./Core/Src/app_flow.o
 .debug_info    0x000023a5     0x2b68 ./Core/Src/battle_demo.o
 .debug_info    0x00004f0d       0xb0 ./Core/Src/bleach_vs_naruto_splash.o
 .debug_info    0x00004fbd      0x335 ./Core/Src/chidori_data.o
 .debug_info    0x000052f2       0xb8 ./Core/Src/choose_char.o
 .debug_info    0x000053aa      0x22c ./Core/Src/choose_ui_assets.o
 .debug_info    0x000055d6     0x17e8 ./Core/Src/combat_actor.o
 .debug_info    0x00006dbe      0x454 ./Core/Src/combat_attack_data.o
 .debug_info    0x00007212      0x1c3 ./Core/Src/combat_box.o
 .debug_info    0x000073d5      0x65f ./Core/Src/combat_input.o
 .debug_info    0x00007a34      0x159 ./Core/Src/fonts.o
 .debug_info    0x00007b8d      0x65f ./Core/Src/game_ui.o
 .debug_info    0x000081ec      0xac2 ./Core/Src/ichigo_moveset.o
 .debug_info    0x00008cae      0x36a ./Core/Src/lcd_port.o
 .debug_info    0x00009018      0x4d2 ./Core/Src/main.o
 .debug_info    0x000094ea       0xb8 ./Core/Src/mainmenu.o
 .debug_info    0x000095a2      0x9d8 ./Core/Src/naruto_moveset.o
 .debug_info    0x00009f7a      0xe87 ./Core/Src/sasuke_moveset.o
 .debug_info    0x0000ae01      0x303 ./Core/Src/sprite_data.o
 .debug_info    0x0000b104      0x4c9 ./Core/Src/sprite_render.o
 .debug_info    0x0000b5cd      0x281 ./Core/Src/stm32f4xx_hal_msp.o
 .debug_info    0x0000b84e      0x112 ./Core/Src/stm32f4xx_it.o
 .debug_info    0x0000b960      0x52e ./Core/Src/system_stm32f4xx.o
 .debug_info    0x0000be8e      0x9a5 ./Core/Src/vizard_moveset.o
 .debug_info    0x0000c833       0x30 ./Core/Startup/startup_stm32f429zitx.o
 .debug_info    0x0000c863      0x9ba ./Drivers/STM32F4xx_HAL_Driver/Src/stm32f4xx_hal.o
 .debug_info    0x0000d21d      0xdc2 ./Drivers/STM32F4xx_HAL_Driver/Src/stm32f4xx_hal_cortex.o
 .debug_info    0x0000dfdf      0x6db ./Drivers/STM32F4xx_HAL_Driver/Src/stm32f4xx_hal_gpio.o
 .debug_info    0x0000e6ba      0x8db ./Drivers/STM32F4xx_HAL_Driver/Src/stm32f4xx_hal_rcc.o

.debug_abbrev   0x00000000     0x2862
 .debug_abbrev  0x00000000      0x166 ./Core/Src/ILI9341_GFX.o
 .debug_abbrev  0x00000166      0x2ef ./Core/Src/ILI9341_STM32_Driver.o
 .debug_abbrev  0x00000455      0x168 ./Core/Src/app_flow.o
 .debug_abbrev  0x000005bd      0x2b6 ./Core/Src/battle_demo.o
 .debug_abbrev  0x00000873       0x63 ./Core/Src/bleach_vs_naruto_splash.o
 .debug_abbrev  0x000008d6       0xcf ./Core/Src/chidori_data.o
 .debug_abbrev  0x000009a5       0x72 ./Core/Src/choose_char.o
 .debug_abbrev  0x00000a17       0x97 ./Core/Src/choose_ui_assets.o
 .debug_abbrev  0x00000aae      0x27f ./Core/Src/combat_actor.o
 .debug_abbrev  0x00000d2d      0x132 ./Core/Src/combat_attack_data.o
 .debug_abbrev  0x00000e5f       0xcd ./Core/Src/combat_box.o
 .debug_abbrev  0x00000f2c      0x1ce ./Core/Src/combat_input.o
 .debug_abbrev  0x000010fa       0x8e ./Core/Src/fonts.o
 .debug_abbrev  0x00001188      0x1d5 ./Core/Src/game_ui.o
 .debug_abbrev  0x0000135d       0xe7 ./Core/Src/ichigo_moveset.o
 .debug_abbrev  0x00001444      0x12e ./Core/Src/lcd_port.o
 .debug_abbrev  0x00001572      0x1df ./Core/Src/main.o
 .debug_abbrev  0x00001751       0x72 ./Core/Src/mainmenu.o
 .debug_abbrev  0x000017c3       0xe9 ./Core/Src/naruto_moveset.o
 .debug_abbrev  0x000018ac       0xe9 ./Core/Src/sasuke_moveset.o
 .debug_abbrev  0x00001995       0x95 ./Core/Src/sprite_data.o
 .debug_abbrev  0x00001a2a      0x10a ./Core/Src/sprite_render.o
 .debug_abbrev  0x00001b34       0xd8 ./Core/Src/stm32f4xx_hal_msp.o
 .debug_abbrev  0x00001c0c       0x73 ./Core/Src/stm32f4xx_it.o
 .debug_abbrev  0x00001c7f      0x11a ./Core/Src/system_stm32f4xx.o
 .debug_abbrev  0x00001d99       0xe9 ./Core/Src/vizard_moveset.o
 .debug_abbrev  0x00001e82       0x24 ./Core/Startup/startup_stm32f429zitx.o
 .debug_abbrev  0x00001ea6      0x214 ./Drivers/STM32F4xx_HAL_Driver/Src/stm32f4xx_hal.o
 .debug_abbrev  0x000020ba      0x31d ./Drivers/STM32F4xx_HAL_Driver/Src/stm32f4xx_hal_cortex.o
 .debug_abbrev  0x000023d7      0x1d4 ./Drivers/STM32F4xx_HAL_Driver/Src/stm32f4xx_hal_gpio.o
 .debug_abbrev  0x000025ab      0x2b7 ./Drivers/STM32F4xx_HAL_Driver/Src/stm32f4xx_hal_rcc.o

.debug_aranges  0x00000000      0xaa0
 .debug_aranges
                0x00000000       0x58 ./Core/Src/ILI9341_GFX.o
 .debug_aranges
                0x00000058       0xc0 ./Core/Src/ILI9341_STM32_Driver.o
 .debug_aranges
                0x00000118       0x60 ./Core/Src/app_flow.o
 .debug_aranges
                0x00000178      0x160 ./Core/Src/battle_demo.o
 .debug_aranges
                0x000002d8       0x18 ./Core/Src/bleach_vs_naruto_splash.o
 .debug_aranges
                0x000002f0       0x18 ./Core/Src/chidori_data.o
 .debug_aranges
                0x00000308       0x18 ./Core/Src/choose_char.o
 .debug_aranges
                0x00000320       0x18 ./Core/Src/choose_ui_assets.o
 .debug_aranges
                0x00000338       0xd0 ./Core/Src/combat_actor.o
 .debug_aranges