../Core/Src/game_background_demo.c:51:6:GameBackgroundDemo_Init	8	static
../Core/Src/game_background_demo.c:60:6:GameBackgroundDemo_Update	4	static
../Core/Src/game_background_demo.c:78:13:Demo_DrawBackground	16	static
../Core/Src/game_background_demo.c:90:13:Demo_DrawStaticSky	16	static
../Core/Src/game_background_demo.c:97:13:Demo_DrawSun	24	static
../Core/Src/game_background_demo.c:106:13:Demo_DrawCloud	24	static
../Core/Src/game_background_demo.c:115:13:Demo_DrawMountains	24	static
../Core/Src/game_background_demo.c:127:13:Demo_DrawDojoWall	24	static
../Core/Src/game_background_demo.c:144:13:Demo_DrawGround	32	static
../Core/Src/game_background_demo.c:158:13:Demo_DrawArenaMarks	32	static
../Core/Src/game_background_demo.c:170:13:Demo_FillSafe	40	static
