../Core/Src/game_background_demo.c:83:6:GameBackgroundDemo_Init	8	static
../Core/Src/game_background_demo.c:112:6:GameBackgroundDemo_Update	16	static
../Core/Src/game_background_demo.c:140:13:Demo_DrawBackground	16	static
../Core/Src/game_background_demo.c:152:13:Demo_DrawIchigo	24	static
../Core/Src/game_background_demo.c:162:13:Demo_DrawNaruto	24	static
../Core/Src/game_background_demo.c:172:13:Demo_UpdateIchigo	32	static
../Core/Src/game_background_demo.c:198:13:Demo_UpdateNaruto	32	static
../Core/Src/game_background_demo.c:218:13:Demo_SpawnGetsuga	16	static
../Core/Src/game_background_demo.c:238:13:Demo_UpdateGetsuga	24	static
../Core/Src/game_background_demo.c:273:17:Demo_GetBackgroundPixel	32	static
../Core/Src/game_background_demo.c:332:13:Demo_DrawStaticSky	16	static
../Core/Src/game_background_demo.c:339:13:Demo_DrawSun	24	static
../Core/Src/game_background_demo.c:348:13:Demo_DrawCloud	24	static
../Core/Src/game_background_demo.c:357:13:Demo_DrawMountains	24	static
../Core/Src/game_background_demo.c:369:13:Demo_DrawDojoWall	24	static
../Core/Src/game_background_demo.c:386:13:Demo_DrawGround	32	static
../Core/Src/game_background_demo.c:400:13:Demo_DrawArenaMarks	32	static
../Core/Src/game_background_demo.c:412:13:Demo_FillSafe	40	static
