../Core/Src/game_ui.c:62:6:GameUI_DrawSplash	16	static
../Core/Src/game_ui.c:71:6:GameUI_DrawMainMenuBackground	16	static
../Core/Src/game_ui.c:80:6:GameUI_DrawMainMenu	8	static
../Core/Src/game_ui.c:85:6:GameUI_DrawMainMenuSelection	24	static
../Core/Src/game_ui.c:115:6:GameUI_DrawDifficultySelect	24	static
../Core/Src/game_ui.c:134:6:GameUI_DrawCharacterSelect	24	static
../Core/Src/game_ui.c:154:6:GameUI_UpdateCharacterSelect	24	static
../Core/Src/game_ui.c:178:13:GameUI_DrawMenuButton	48	static
../Core/Src/game_ui.c:199:20:GameUI_GetDifficultyMenuLabel	16	static
../Core/Src/game_ui.c:212:20:GameUI_GetCharacterMenuLabel	16	static
../Core/Src/game_ui.c:232:13:GameUI_DrawDifficultyOption	32	static
../Core/Src/game_ui.c:252:13:GameUI_DrawChooseBackgroundRect	40	static
../Core/Src/game_ui.c:271:13:GameUI_DrawCharacterGrid	16	static
../Core/Src/game_ui.c:281:13:GameUI_DrawCharacterAvatar	32	static
../Core/Src/game_ui.c:292:13:GameUI_DrawCharacterCursor	40	static
../Core/Src/game_ui.c:313:13:GameUI_DrawCharacterBanners	24	static
../Core/Src/game_ui.c:344:17:GameUI_GetCharacterAvatarX	24	static
../Core/Src/game_ui.c:351:17:GameUI_GetCharacterAvatarY	24	static
