../Core/Src/ichigo_animation_demo.c:109:6:IchigoAnimationDemo_Init	8	static
../Core/Src/ichigo_animation_demo.c:124:6:IchigoAnimationDemo_Update	40	static
../Core/Src/ichigo_animation_demo.c:193:13:Demo_SetState	16	static
../Core/Src/ichigo_animation_demo.c:202:13:Demo_DrawCurrentFrame	40	static
../Core/Src/ichigo_animation_demo.c:218:13:Demo_ErasePreviousFrame	32	static
../Core/Src/ichigo_animation_demo.c:235:13:Demo_DrawFrameTransition	64	static
../Core/Src/ichigo_animation_demo.c:313:16:Demo_GetFrameOffsetY	16	static
../Core/Src/ichigo_animation_demo.c:324:17:Demo_GetStateHoldMs	16	static
../Core/Src/ichigo_animation_demo.c:334:13:Demo_SpawnProjectile	16	static
../Core/Src/ichigo_animation_demo.c:354:13:Demo_UpdateProjectile	24	static
../Core/Src/ichigo_animation_demo.c:390:13:Demo_EraseProjectile	24	static
../Core/Src/ichigo_animation_demo.c:407:16:Demo_RectIntersectsCurrentFrame	24	static
../Core/Src/ichigo_animation_demo.c:433:13:Demo_DrawBackground	8	static
../Core/Src/ichigo_animation_demo.c:445:13:Demo_DrawStateLabel	24	static
../Core/Src/ichigo_animation_demo.c:452:17:Demo_GetBackgroundPixel	32	static
../Core/Src/ichigo_animation_demo.c:511:13:Demo_DrawStaticSky	16	static
../Core/Src/ichigo_animation_demo.c:518:13:Demo_DrawSun	24	static
../Core/Src/ichigo_animation_demo.c:525:13:Demo_DrawCloud	24	static
../Core/Src/ichigo_animation_demo.c:534:13:Demo_DrawMountains	24	static
../Core/Src/ichigo_animation_demo.c:546:13:Demo_DrawDojoWall	24	static
../Core/Src/ichigo_animation_demo.c:559:13:Demo_DrawGround	24	static
../Core/Src/ichigo_animation_demo.c:573:13:Demo_DrawArenaMarks	16	static
../Core/Src/ichigo_animation_demo.c:581:13:Demo_FillSafe	40	static
