../Core/Src/ichigo_animation_demo.c:94:6:IchigoAnimationDemo_Init	8	static
../Core/Src/ichigo_animation_demo.c:109:6:IchigoAnimationDemo_Update	32	static
../Core/Src/ichigo_animation_demo.c:172:13:Demo_SetState	16	static
../Core/Src/ichigo_animation_demo.c:181:13:Demo_DrawCurrentFrame	40	static
../Core/Src/ichigo_animation_demo.c:196:13:Demo_ErasePreviousFrame	32	static
../Core/Src/ichigo_animation_demo.c:213:13:Demo_SpawnProjectile	16	static
../Core/Src/ichigo_animation_demo.c:233:13:Demo_UpdateProjectile	16	static
../Core/Src/ichigo_animation_demo.c:259:13:Demo_EraseProjectile	24	static
../Core/Src/ichigo_animation_demo.c:276:13:Demo_DrawBackground	8	static
../Core/Src/ichigo_animation_demo.c:288:13:Demo_DrawStateLabel	24	static
../Core/Src/ichigo_animation_demo.c:295:17:Demo_GetBackgroundPixel	32	static
../Core/Src/ichigo_animation_demo.c:354:13:Demo_DrawStaticSky	16	static
../Core/Src/ichigo_animation_demo.c:361:13:Demo_DrawSun	24	static
../Core/Src/ichigo_animation_demo.c:368:13:Demo_DrawCloud	24	static
../Core/Src/ichigo_animation_demo.c:377:13:Demo_DrawMountains	24	static
../Core/Src/ichigo_animation_demo.c:389:13:Demo_DrawDojoWall	24	static
../Core/Src/ichigo_animation_demo.c:402:13:Demo_DrawGround	24	static
../Core/Src/ichigo_animation_demo.c:416:13:Demo_DrawArenaMarks	16	static
../Core/Src/ichigo_animation_demo.c:424:13:Demo_FillSafe	40	static
