../Core/Src/ichigo_animation_demo.c:101:6:IchigoAnimationDemo_Init	8	static
../Core/Src/ichigo_animation_demo.c:116:6:IchigoAnimationDemo_Update	32	static
../Core/Src/ichigo_animation_demo.c:177:13:Demo_SetState	16	static
../Core/Src/ichigo_animation_demo.c:186:13:Demo_DrawCurrentFrame	40	static
../Core/Src/ichigo_animation_demo.c:202:13:Demo_ErasePreviousFrame	32	static
../Core/Src/ichigo_animation_demo.c:219:13:Demo_DrawFrameTransition	64	static
../Core/Src/ichigo_animation_demo.c:297:16:Demo_GetFrameOffsetY	16	static
../Core/Src/ichigo_animation_demo.c:308:13:Demo_SpawnProjectile	16	static
../Core/Src/ichigo_animation_demo.c:328:13:Demo_UpdateProjectile	16	static
../Core/Src/ichigo_animation_demo.c:354:13:Demo_EraseProjectile	24	static
../Core/Src/ichigo_animation_demo.c:371:13:Demo_DrawBackground	8	static
../Core/Src/ichigo_animation_demo.c:383:13:Demo_DrawStateLabel	24	static
../Core/Src/ichigo_animation_demo.c:390:17:Demo_GetBackgroundPixel	32	static
../Core/Src/ichigo_animation_demo.c:449:13:Demo_DrawStaticSky	16	static
../Core/Src/ichigo_animation_demo.c:456:13:Demo_DrawSun	24	static
../Core/Src/ichigo_animation_demo.c:463:13:Demo_DrawCloud	24	static
../Core/Src/ichigo_animation_demo.c:472:13:Demo_DrawMountains	24	static
../Core/Src/ichigo_animation_demo.c:484:13:Demo_DrawDojoWall	24	static
../Core/Src/ichigo_animation_demo.c:497:13:Demo_DrawGround	24	static
../Core/Src/ichigo_animation_demo.c:511:13:Demo_DrawArenaMarks	16	static
../Core/Src/ichigo_animation_demo.c:519:13:Demo_FillSafe	40	static
