../Core/Src/ILI9341_STM32_Driver.c:92:13:ILI9341_SPI_Tx	16	static
../Core/Src/ILI9341_STM32_Driver.c:102:13:ILI9341_SPI_TxBuffer	24	static
../Core/Src/ILI9341_STM32_Driver.c:116:6:ILI9341_WriteCommand	16	static
../Core/Src/ILI9341_STM32_Driver.c:124:6:ILI9341_WriteData	16	static
../Core/Src/ILI9341_STM32_Driver.c:132:6:ILI9341_WriteBuffer	16	static
../Core/Src/ILI9341_STM32_Driver.c:140:6:ILI9341_SetAddress	32	static
../Core/Src/ILI9341_STM32_Driver.c:162:6:ILI9341_Reset	8	static
../Core/Src/ILI9341_STM32_Driver.c:172:6:ILI9341_Enable	8	static
../Core/Src/ILI9341_STM32_Driver.c:177:6:ILI9341_Init	8	static
../Core/Src/ILI9341_STM32_Driver.c:314:6:ILI9341_SetRotation	16	static
../Core/Src/ILI9341_STM32_Driver.c:346:6:ILI9341_DrawColor	24	static
../Core/Src/ILI9341_STM32_Driver.c:352:6:ILI9341_DrawColorBurst	48	static
../Core/Src/ILI9341_STM32_Driver.c:403:6:ILI9341_FillScreen	16	static
../Core/Src/ILI9341_STM32_Driver.c:409:6:ILI9341_DrawPixel	32	static
../Core/Src/ILI9341_STM32_Driver.c:427:6:ILI9341_DrawRGB565Buffer	48	static
../Core/Src/ILI9341_STM32_Driver.c:467:6:ILI9341_DrawRectangle	24	static
../Core/Src/ILI9341_STM32_Driver.c:485:6:ILI9341_DrawHLine	24	static
../Core/Src/ILI9341_STM32_Driver.c:498:6:ILI9341_DrawVLine	24	static
../Core/Src/ILI9341_STM32_Driver.c:511:13:ILI9341_BusInit	48	static
../Core/Src/ILI9341_STM32_Driver.c:546:13:ILI9341_SPI_WaitReady	4	static
