../Core/Src/ILI9341_STM32_Driver.c:96:13:ILI9341_SPI_Tx	0	static
../Core/Src/ILI9341_STM32_Driver.c:106:13:ILI9341_SPI_TxBuffer	0	static
../Core/Src/ILI9341_STM32_Driver.c:120:6:ILI9341_WriteCommand	8	static
../Core/Src/ILI9341_STM32_Driver.c:128:6:ILI9341_WriteData	8	static
../Core/Src/ILI9341_STM32_Driver.c:136:6:ILI9341_WriteBuffer	16	static
../Core/Src/ILI9341_STM32_Driver.c:144:6:ILI9341_SetAddress	24	static
../Core/Src/ILI9341_STM32_Driver.c:166:6:ILI9341_Reset	8	static
../Core/Src/ILI9341_STM32_Driver.c:176:6:ILI9341_Enable	0	static
../Core/Src/ILI9341_STM32_Driver.c:181:6:ILI9341_Init	8	static
../Core/Src/ILI9341_STM32_Driver.c:318:6:ILI9341_SetRotation	8	static
../Core/Src/ILI9341_STM32_Driver.c:350:6:ILI9341_DrawColor	16	static
../Core/Src/ILI9341_STM32_Driver.c:356:6:ILI9341_DrawColorBurst	24	static
../Core/Src/ILI9341_STM32_Driver.c:407:6:ILI9341_FillScreen	16	static
../Core/Src/ILI9341_STM32_Driver.c:413:6:ILI9341_DrawPixel	24	static
../Core/Src/ILI9341_STM32_Driver.c:431:6:ILI9341_DrawRGB565Buffer	24	static
../Core/Src/ILI9341_STM32_Driver.c:471:6:ILI9341_DrawRGB565Bytes	32	static
../Core/Src/ILI9341_STM32_Driver.c:511:6:ILI9341_DrawRectangle	24	static
../Core/Src/ILI9341_STM32_Driver.c:529:6:ILI9341_DrawHLine	16	static
../Core/Src/ILI9341_STM32_Driver.c:542:6:ILI9341_DrawVLine	16	static
../Core/Src/ILI9341_STM32_Driver.c:555:13:ILI9341_BusInit	56	static
../Core/Src/ILI9341_STM32_Driver.c:590:13:ILI9341_SPI_WaitReady	0	static
