../Core/Src/naruto_animation_demo.c:90:6:NarutoAnimationDemo_Init	8	static
../Core/Src/naruto_animation_demo.c:102:6:NarutoAnimationDemo_Update	40	static
../Core/Src/naruto_animation_demo.c:148:13:Demo_SetState	16	static
../Core/Src/naruto_animation_demo.c:156:13:Demo_DrawCurrentFrame	40	static
../Core/Src/naruto_animation_demo.c:173:13:Demo_ErasePreviousFrame	32	static
../Core/Src/naruto_animation_demo.c:184:13:Demo_DrawFrameTransition	64	static
../Core/Src/naruto_animation_demo.c:255:16:Demo_GetFrameOffsetY	16	static
../Core/Src/naruto_animation_demo.c:264:17:Demo_GetStateHoldMs	16	static
../Core/Src/naruto_animation_demo.c:272:16:Demo_IsJumpState	16	static
../Core/Src/naruto_animation_demo.c:276:13:Demo_DrawBackground	8	static
../Core/Src/naruto_animation_demo.c:287:13:Demo_DrawStateLabel	24	static
../Core/Src/naruto_animation_demo.c:294:17:Demo_GetBackgroundPixel	32	static
../Core/Src/naruto_animation_demo.c:335:13:Demo_DrawStaticSky	16	static
../Core/Src/naruto_animation_demo.c:341:13:Demo_DrawSun	24	static
../Core/Src/naruto_animation_demo.c:347:13:Demo_DrawCloud	24	static
../Core/Src/naruto_animation_demo.c:355:13:Demo_DrawMountains	24	static
../Core/Src/naruto_animation_demo.c:367:13:Demo_DrawDojoWall	24	static
../Core/Src/naruto_animation_demo.c:378:13:Demo_DrawGround	24	static
../Core/Src/naruto_animation_demo.c:390:13:Demo_DrawArenaMarks	16	static
../Core/Src/naruto_animation_demo.c:397:13:Demo_FillSafe	40	static
