../Core/Src/sasuke_animation_demo.c:81:6:SasukeAnimationDemo_Init	8	static
../Core/Src/sasuke_animation_demo.c:93:6:SasukeAnimationDemo_Update	32	static
../Core/Src/sasuke_animation_demo.c:139:13:Demo_SetState	16	static
../Core/Src/sasuke_animation_demo.c:147:16:Demo_GetChidoriFrame	32	static
../Core/Src/sasuke_animation_demo.c:195:13:Demo_DrawCurrentFrame	56	static
../Core/Src/sasuke_animation_demo.c:224:13:Demo_ErasePreviousFrame	48	static
../Core/Src/sasuke_animation_demo.c:248:13:Demo_DrawFrameTransition	136	static
../Core/Src/sasuke_animation_demo.c:373:16:Demo_GetFrameOffsetY	16	static
../Core/Src/sasuke_animation_demo.c:383:13:Demo_DrawBackground	8	static
../Core/Src/sasuke_animation_demo.c:394:13:Demo_DrawStateLabel	24	static
../Core/Src/sasuke_animation_demo.c:401:17:Demo_GetBackgroundPixel	32	static
../Core/Src/sasuke_animation_demo.c:442:13:Demo_DrawStaticSky	16	static
../Core/Src/sasuke_animation_demo.c:448:13:Demo_DrawSun	24	static
../Core/Src/sasuke_animation_demo.c:454:13:Demo_DrawCloud	24	static
../Core/Src/sasuke_animation_demo.c:462:13:Demo_DrawMountains	24	static
../Core/Src/sasuke_animation_demo.c:474:13:Demo_DrawDojoWall	24	static
../Core/Src/sasuke_animation_demo.c:485:13:Demo_DrawGround	24	static
../Core/Src/sasuke_animation_demo.c:497:13:Demo_DrawArenaMarks	16	static
../Core/Src/sasuke_animation_demo.c:504:13:Demo_FillSafe	40	static
