../Core/Src/sasuke_animation_demo.c:93:6:SasukeAnimationDemo_Init	8	static
../Core/Src/sasuke_animation_demo.c:105:6:SasukeAnimationDemo_Update	40	static
../Core/Src/sasuke_animation_demo.c:151:13:Demo_SetState	16	static
../Core/Src/sasuke_animation_demo.c:159:13:Demo_DrawCurrentFrame	40	static
../Core/Src/sasuke_animation_demo.c:176:13:Demo_ErasePreviousFrame	32	static
../Core/Src/sasuke_animation_demo.c:187:13:Demo_DrawFrameTransition	64	static
../Core/Src/sasuke_animation_demo.c:258:16:Demo_GetFrameOffsetY	16	static
../Core/Src/sasuke_animation_demo.c:268:17:Demo_GetStateHoldMs	16	static
../Core/Src/sasuke_animation_demo.c:276:16:Demo_IsJumpState	16	static
../Core/Src/sasuke_animation_demo.c:285:13:Demo_DrawBackground	8	static
../Core/Src/sasuke_animation_demo.c:296:13:Demo_DrawStateLabel	24	static
../Core/Src/sasuke_animation_demo.c:303:17:Demo_GetBackgroundPixel	32	static
../Core/Src/sasuke_animation_demo.c:344:13:Demo_DrawStaticSky	16	static
../Core/Src/sasuke_animation_demo.c:350:13:Demo_DrawSun	24	static
../Core/Src/sasuke_animation_demo.c:356:13:Demo_DrawCloud	24	static
../Core/Src/sasuke_animation_demo.c:364:13:Demo_DrawMountains	24	static
../Core/Src/sasuke_animation_demo.c:376:13:Demo_DrawDojoWall	24	static
../Core/Src/sasuke_animation_demo.c:387:13:Demo_DrawGround	24	static
../Core/Src/sasuke_animation_demo.c:399:13:Demo_DrawArenaMarks	16	static
../Core/Src/sasuke_animation_demo.c:406:13:Demo_FillSafe	40	static
